Archive member included to satisfy reference by file (symbol)

../Core/Components/algorithm/AHRS.lib(ahrs.o)
                              CMakeFiles/standardRobotBasicCode.elf.dir/Core/Application/INS_task.c.obj (AHRS_init)
../Core/Components/algorithm/libarm_cortexM4lf_math.a(arm_sin_f32.o)
                              CMakeFiles/standardRobotBasicCode.elf.dir/Core/Application/chassis_behaviour.c.obj (arm_sin_f32)
../Core/Components/algorithm/libarm_cortexM4lf_math.a(arm_cos_f32.o)
                              CMakeFiles/standardRobotBasicCode.elf.dir/Core/Application/chassis_task.c.obj (arm_cos_f32)
../Core/Components/algorithm/libarm_cortexM4lf_math.a(arm_common_tables.o)
                              ../Core/Components/algorithm/libarm_cortexM4lf_math.a(arm_sin_f32.o) (sinTable_f32)
c:/progra~2/gnuarm~1/102021~1.07/bin/../lib/gcc/arm-none-eabi/10.3.1/thumb/v7e-m+fp/hard\libgcc.a(_aeabi_uldivmod.o)
                              CMakeFiles/standardRobotBasicCode.elf.dir/Drivers/STM32F4xx_HAL_Driver/Src/stm32f4xx_hal_rcc.c.obj (__aeabi_uldivmod)
c:/progra~2/gnuarm~1/102021~1.07/bin/../lib/gcc/arm-none-eabi/10.3.1/thumb/v7e-m+fp/hard\libgcc.a(_udivmoddi4.o)
                              c:/progra~2/gnuarm~1/102021~1.07/bin/../lib/gcc/arm-none-eabi/10.3.1/thumb/v7e-m+fp/hard\libgcc.a(_aeabi_uldivmod.o) (__udivmoddi4)
c:/progra~2/gnuarm~1/102021~1.07/bin/../lib/gcc/arm-none-eabi/10.3.1/thumb/v7e-m+fp/hard\libgcc.a(_dvmd_tls.o)
                              c:/progra~2/gnuarm~1/102021~1.07/bin/../lib/gcc/arm-none-eabi/10.3.1/thumb/v7e-m+fp/hard\libgcc.a(_aeabi_uldivmod.o) (__aeabi_ldiv0)
c:/progra~2/gnuarm~1/102021~1.07/bin/../lib/gcc/arm-none-eabi/10.3.1/../../../../arm-none-eabi/lib/thumb/v7e-m+fp/hard\libg.a(lib_a-aeabi_memclr.o)
                              ../Core/Components/algorithm/AHRS.lib(ahrs.o) (__aeabi_memclr4)
c:/progra~2/gnuarm~1/102021~1.07/bin/../lib/gcc/arm-none-eabi/10.3.1/../../../../arm-none-eabi/lib/thumb/v7e-m+fp/hard\libg.a(lib_a-aeabi_memset-soft.o)
                              c:/progra~2/gnuarm~1/102021~1.07/bin/../lib/gcc/arm-none-eabi/10.3.1/../../../../arm-none-eabi/lib/thumb/v7e-m+fp/hard\libg.a(lib_a-aeabi_memclr.o) (__aeabi_memset)
c:/progra~2/gnuarm~1/102021~1.07/bin/../lib/gcc/arm-none-eabi/10.3.1/../../../../arm-none-eabi/lib/thumb/v7e-m+fp/hard\libg.a(lib_a-errno.o)
                              CMakeFiles/standardRobotBasicCode.elf.dir/Core/Src/syscalls.c.obj (__errno)
c:/progra~2/gnuarm~1/102021~1.07/bin/../lib/gcc/arm-none-eabi/10.3.1/../../../../arm-none-eabi/lib/thumb/v7e-m+fp/hard\libg.a(lib_a-exit.o)
                              c:/progra~2/gnuarm~1/102021~1.07/bin/../lib/gcc/arm-none-eabi/10.3.1/../../../../arm-none-eabi/lib/thumb/v7e-m+fp/hard/crt0.o (exit)
c:/progra~2/gnuarm~1/102021~1.07/bin/../lib/gcc/arm-none-eabi/10.3.1/../../../../arm-none-eabi/lib/thumb/v7e-m+fp/hard\libg.a(lib_a-impure.o)
                              c:/progra~2/gnuarm~1/102021~1.07/bin/../lib/gcc/arm-none-eabi/10.3.1/../../../../arm-none-eabi/lib/thumb/v7e-m+fp/hard\libg.a(lib_a-exit.o) (_global_impure_ptr)
c:/progra~2/gnuarm~1/102021~1.07/bin/../lib/gcc/arm-none-eabi/10.3.1/../../../../arm-none-eabi/lib/thumb/v7e-m+fp/hard\libg.a(lib_a-init.o)
                              c:/progra~2/gnuarm~1/102021~1.07/bin/../lib/gcc/arm-none-eabi/10.3.1/../../../../arm-none-eabi/lib/thumb/v7e-m+fp/hard/crt0.o (__libc_init_array)
c:/progra~2/gnuarm~1/102021~1.07/bin/../lib/gcc/arm-none-eabi/10.3.1/../../../../arm-none-eabi/lib/thumb/v7e-m+fp/hard\libg.a(lib_a-malloc.o)
                              CMakeFiles/standardRobotBasicCode.elf.dir/Core/Components/support/fifo.c.obj (malloc)
c:/progra~2/gnuarm~1/102021~1.07/bin/../lib/gcc/arm-none-eabi/10.3.1/../../../../arm-none-eabi/lib/thumb/v7e-m+fp/hard\libg.a(lib_a-mallocr.o)
                              c:/progra~2/gnuarm~1/102021~1.07/bin/../lib/gcc/arm-none-eabi/10.3.1/../../../../arm-none-eabi/lib/thumb/v7e-m+fp/hard\libg.a(lib_a-malloc.o) (_malloc_r)
c:/progra~2/gnuarm~1/102021~1.07/bin/../lib/gcc/arm-none-eabi/10.3.1/../../../../arm-none-eabi/lib/thumb/v7e-m+fp/hard\libg.a(lib_a-memcpy.o)
                              CMakeFiles/standardRobotBasicCode.elf.dir/Core/Application/calibrate_task.c.obj (memcpy)
c:/progra~2/gnuarm~1/102021~1.07/bin/../lib/gcc/arm-none-eabi/10.3.1/../../../../arm-none-eabi/lib/thumb/v7e-m+fp/hard\libg.a(lib_a-memset.o)
                              c:/progra~2/gnuarm~1/102021~1.07/bin/../lib/gcc/arm-none-eabi/10.3.1/../../../../arm-none-eabi/lib/thumb/v7e-m+fp/hard/crt0.o (memset)
c:/progra~2/gnuarm~1/102021~1.07/bin/../lib/gcc/arm-none-eabi/10.3.1/../../../../arm-none-eabi/lib/thumb/v7e-m+fp/hard\libg.a(lib_a-mlock.o)
                              c:/progra~2/gnuarm~1/102021~1.07/bin/../lib/gcc/arm-none-eabi/10.3.1/../../../../arm-none-eabi/lib/thumb/v7e-m+fp/hard\libg.a(lib_a-mallocr.o) (__malloc_lock)
[...]
Memory Configuration

Name             Origin             Length             Attributes
RAM              0x20000000         0x00020000         xrw
CCMRAM           0x10000000         0x00010000         xrw
FLASH            0x08000000         0x00100000         xr
*default*        0x00000000         0xffffffff

Linker script and memory map

LOAD c:/progra~2/gnuarm~1/102021~1.07/bin/../lib/gcc/arm-none-eabi/10.3.1/thumb/v7e-m+fp/hard/crti.o
LOAD c:/progra~2/gnuarm~1/102021~1.07/bin/../lib/gcc/arm-none-eabi/10.3.1/thumb/v7e-m+fp/hard/crtbegin.o
LOAD c:/progra~2/gnuarm~1/102021~1.07/bin/../lib/gcc/arm-none-eabi/10.3.1/../../../../arm-none-eabi/lib/thumb/v7e-m+fp/hard/crt0.o
LOAD CMakeFiles/standardRobotBasicCode.elf.dir/Core/Application/CAN_receive.c.obj
LOAD CMakeFiles/standardRobotBasicCode.elf.dir/Core/Application/INS_task.c.obj
LOAD CMakeFiles/standardRobotBasicCode.elf.dir/Core/Application/calibrate_task.c.obj
LOAD CMakeFiles/standardRobotBasicCode.elf.dir/Core/Application/chassis_behaviour.c.obj
LOAD CMakeFiles/standardRobotBasicCode.elf.dir/Core/Application/chassis_power_control.c.obj
LOAD CMakeFiles/standardRobotBasicCode.elf.dir/Core/Application/chassis_task.c.obj
LOAD CMakeFiles/standardRobotBasicCode.elf.dir/Core/Application/detect_task.c.obj
LOAD CMakeFiles/standardRobotBasicCode.elf.dir/Core/Application/gimbal_behaviour.c.obj
LOAD CMakeFiles/standardRobotBasicCode.elf.dir/Core/Application/gimbal_task.c.obj
LOAD CMakeFiles/standardRobotBasicCode.elf.dir/Core/Application/led_flow_task.c.obj
LOAD CMakeFiles/standardRobotBasicCode.elf.dir/Core/Application/oled_task.c.obj
LOAD CMakeFiles/standardRobotBasicCode.elf.dir/Core/Application/referee.c.obj
LOAD CMakeFiles/standardRobotBasicCode.elf.dir/Core/Application/referee_usart_task.c.obj
LOAD CMakeFiles/standardRobotBasicCode.elf.dir/Core/Application/remote_control.c.obj
LOAD CMakeFiles/standardRobotBasicCode.elf.dir/Core/Application/servo_task.c.obj
LOAD CMakeFiles/standardRobotBasicCode.elf.dir/Core/Application/shoot.c.obj
LOAD CMakeFiles/standardRobotBasicCode.elf.dir/Core/Application/test_task.c.obj
LOAD CMakeFiles/standardRobotBasicCode.elf.dir/Core/Application/usb_task.c.obj
LOAD CMakeFiles/standardRobotBasicCode.elf.dir/Core/Application/voltage_task.c.obj
LOAD CMakeFiles/standardRobotBasicCode.elf.dir/Core/BSP/Boards/bsp_adc.c.obj
LOAD CMakeFiles/standardRobotBasicCode.elf.dir/Core/BSP/Boards/bsp_buzzer.c.obj
LOAD CMakeFiles/standardRobotBasicCode.elf.dir/Core/BSP/Boards/bsp_can.c.obj
LOAD CMakeFiles/standardRobotBasicCode.elf.dir/Core/BSP/Boards/bsp_crc32.c.obj
LOAD CMakeFiles/standardRobotBasicCode.elf.dir/Core/BSP/Boards/bsp_delay.c.obj
LOAD CMakeFiles/standardRobotBasicCode.elf.dir/Core/BSP/Boards/bsp_flash.c.obj
LOAD CMakeFiles/standardRobotBasicCode.elf.dir/Core/BSP/Boards/bsp_fric.c.obj
LOAD CMakeFiles/standardRobotBasicCode.elf.dir/Core/BSP/Boards/bsp_i2c.c.obj
LOAD CMakeFiles/standardRobotBasicCode.elf.dir/Core/BSP/Boards/bsp_imu_pwm.c.obj
LOAD CMakeFiles/standardRobotBasicCode.elf.dir/Core/BSP/Boards/bsp_laser.c.obj
LOAD CMakeFiles/standardRobotBasicCode.elf.dir/Core/BSP/Boards/bsp_led.c.obj
LOAD CMakeFiles/standardRobotBasicCode.elf.dir/Core/BSP/Boards/bsp_rc.c.obj
LOAD CMakeFiles/standardRobotBasicCode.elf.dir/Core/BSP/Boards/bsp_rng.c.obj
LOAD CMakeFiles/standardRobotBasicCode.elf.dir/Core/BSP/Boards/bsp_servo_pwm.c.obj
LOAD CMakeFiles/standardRobotBasicCode.elf.dir/Core/BSP/Boards/bsp_spi.c.obj
LOAD CMakeFiles/standardRobotBasicCode.elf.dir/Core/BSP/Boards/bsp_usart.c.obj
LOAD CMakeFiles/standardRobotBasicCode.elf.dir/Core/Components/algorithm/AHRS_middleware.c.obj
LOAD CMakeFiles/standardRobotBasicCode.elf.dir/Core/Components/algorithm/user_lib.c.obj
LOAD CMakeFiles/standardRobotBasicCode.elf.dir/Core/Components/controller/pid.c.obj
LOAD CMakeFiles/standardRobotBasicCode.elf.dir/Core/Components/devices/BMI088Middleware.c.obj
LOAD CMakeFiles/standardRobotBasicCode.elf.dir/Core/Components/devices/BMI088driver.c.obj
LOAD CMakeFiles/standardRobotBasicCode.elf.dir/Core/Components/devices/OLED.c.obj
LOAD CMakeFiles/standardRobotBasicCode.elf.dir/Core/Components/devices/ist8310driver.c.obj
LOAD CMakeFiles/standardRobotBasicCode.elf.dir/Core/Components/devices/ist8310driver_middleware.c.obj
LOAD CMakeFiles/standardRobotBasicCode.elf.dir/Core/Components/support/CRC8_CRC16.c.obj
LOAD CMakeFiles/standardRobotBasicCode.elf.dir/Core/Components/support/fifo.c.obj
LOAD CMakeFiles/standardRobotBasicCode.elf.dir/Core/Components/support/mem_mang4.c.obj
LOAD CMakeFiles/standardRobotBasicCode.elf.dir/Core/Src/adc.c.obj
LOAD CMakeFiles/standardRobotBasicCode.elf.dir/Core/Src/can.c.obj
LOAD CMakeFiles/standardRobotBasicCode.elf.dir/Core/Src/crc.c.obj
LOAD CMakeFiles/standardRobotBasicCode.elf.dir/Core/Src/dma.c.obj
LOAD CMakeFiles/standardRobotBasicCode.elf.dir/Core/Src/freertos.c.obj
LOAD CMakeFiles/standardRobotBasicCode.elf.dir/Core/Src/gpio.c.obj
LOAD CMakeFiles/standardRobotBasicCode.elf.dir/Core/Src/i2c.c.obj
LOAD CMakeFiles/standardRobotBasicCode.elf.dir/Core/Src/main.c.obj
LOAD CMakeFiles/standardRobotBasicCode.elf.dir/Core/Src/rng.c.obj
LOAD CMakeFiles/standardRobotBasicCode.elf.dir/Core/Src/rtc.c.obj
LOAD CMakeFiles/standardRobotBasicCode.elf.dir/Core/Src/spi.c.obj
LOAD CMakeFiles/standardRobotBasicCode.elf.dir/Core/Src/stm32f4xx_hal_msp.c.obj
LOAD CMakeFiles/standardRobotBasicCode.elf.dir/Core/Src/stm32f4xx_it.c.obj
LOAD CMakeFiles/standardRobotBasicCode.elf.dir/Core/Src/syscalls.c.obj
LOAD CMakeFiles/standardRobotBasicCode.elf.dir/Core/Src/system_stm32f4xx.c.obj
LOAD CMakeFiles/standardRobotBasicCode.elf.dir/Core/Src/tim.c.obj
LOAD CMakeFiles/standardRobotBasicCode.elf.dir/Core/Src/usart.c.obj
LOAD CMakeFiles/standardRobotBasicCode.elf.dir/Drivers/STM32F4xx_HAL_Driver/Src/stm32f4xx_hal.c.obj
LOAD CMakeFiles/standardRobotBasicCode.elf.dir/Drivers/STM32F4xx_HAL_Driver/Src/stm32f4xx_hal_adc.c.obj
LOAD CMakeFiles/standardRobotBasicCode.elf.dir/Drivers/STM32F4xx_HAL_Driver/Src/stm32f4xx_hal_adc_ex.c.obj
LOAD CMakeFiles/standardRobotBasicCode.elf.dir/Drivers/STM32F4xx_HAL_Driver/Src/stm32f4xx_hal_can.c.obj
LOAD CMakeFiles/standardRobotBasicCode.elf.dir/Drivers/STM32F4xx_HAL_Driver/Src/stm32f4xx_hal_cortex.c.obj
LOAD CMakeFiles/standardRobotBasicCode.elf.dir/Drivers/STM32F4xx_HAL_Driver/Src/stm32f4xx_hal_crc.c.obj
LOAD CMakeFiles/standardRobotBasicCode.elf.dir/Drivers/STM32F4xx_HAL_Driver/Src/stm32f4xx_hal_dma.c.obj
LOAD CMakeFiles/standardRobotBasicCode.elf.dir/Drivers/STM32F4xx_HAL_Driver/Src/stm32f4xx_hal_dma_ex.c.obj
LOAD CMakeFiles/standardRobotBasicCode.elf.dir/Drivers/STM32F4xx_HAL_Driver/Src/stm32f4xx_hal_exti.c.obj
LOAD CMakeFiles/standardRobotBasicCode.elf.dir/Drivers/STM32F4xx_HAL_Driver/Src/stm32f4xx_hal_flash.c.obj
LOAD CMakeFiles/standardRobotBasicCode.elf.dir/Drivers/STM32F4xx_HAL_Driver/Src/stm32f4xx_hal_flash_ex.c.obj
LOAD CMakeFiles/standardRobotBasicCode.elf.dir/Drivers/STM32F4xx_HAL_Driver/Src/stm32f4xx_hal_flash_ramfunc.c.obj
LOAD CMakeFiles/standardRobotBasicCode.elf.dir/Drivers/STM32F4xx_HAL_Driver/Src/stm32f4xx_hal_gpio.c.obj
LOAD CMakeFiles/standardRobotBasicCode.elf.dir/Drivers/STM32F4xx_HAL_Driver/Src/stm32f4xx_hal_i2c.c.obj
LOAD CMakeFiles/standardRobotBasicCode.elf.dir/Drivers/STM32F4xx_HAL_Driver/Src/stm32f4xx_hal_i2c_ex.c.obj
LOAD CMakeFiles/standardRobotBasicCode.elf.dir/Drivers/STM32F4xx_HAL_Driver/Src/stm32f4xx_hal_pcd.c.obj
LOAD CMakeFiles/standardRobotBasicCode.elf.dir/Drivers/STM32F4xx_HAL_Driver/Src/stm32f4xx_hal_pcd_ex.c.obj
LOAD CMakeFiles/standardRobotBasicCode.elf.dir/Drivers/STM32F4xx_HAL_Driver/Src/stm32f4xx_hal_pwr.c.obj
LOAD CMakeFiles/standardRobotBasicCode.elf.dir/Drivers/STM32F4xx_HAL_Driver/Src/stm32f4xx_hal_pwr_ex.c.obj
LOAD CMakeFiles/standardRobotBasicCode.elf.dir/Drivers/STM32F4xx_HAL_Driver/Src/stm32f4xx_hal_rcc.c.obj
LOAD CMakeFiles/standardRobotBasicCode.elf.dir/Drivers/STM32F4xx_HAL_Driver/Src/stm32f4xx_hal_rcc_ex.c.obj
LOAD CMakeFiles/standardRobotBasicCode.elf.dir/Drivers/STM32F4xx_HAL_Driver/Src/stm32f4xx_hal_rng.c.obj
LOAD CMakeFiles/standardRobotBasicCode.elf.dir/Drivers/STM32F4xx_HAL_Driver/Src/stm32f4xx_hal_rtc.c.obj
LOAD CMakeFiles/standardRobotBasicCode.elf.dir/Drivers/STM32F4xx_HAL_Driver/Src/stm32f4xx_hal_rtc_ex.c.obj
LOAD CMakeFiles/standardRobotBasicCode.elf.dir/Drivers/STM32F4xx_HAL_Driver/Src/stm32f4xx_hal_spi.c.obj
LOAD CMakeFiles/standardRobotBasicCode.elf.dir/Drivers/STM32F4xx_HAL_Driver/Src/stm32f4xx_hal_tim.c.obj
LOAD CMakeFiles/standardRobotBasicCode.elf.dir/Drivers/STM32F4xx_HAL_Driver/Src/stm32f4xx_hal_tim_ex.c.obj
LOAD CMakeFiles/standardRobotBasicCode.elf.dir/Drivers/STM32F4xx_HAL_Driver/Src/stm32f4xx_hal_uart.c.obj
LOAD CMakeFiles/standardRobotBasicCode.elf.dir/Drivers/STM32F4xx_HAL_Driver/Src/stm32f4xx_ll_adc.c.obj
LOAD CMakeFiles/standardRobotBasicCode.elf.dir/Drivers/STM32F4xx_HAL_Driver/Src/stm32f4xx_ll_usb.c.obj
LOAD CMakeFiles/standardRobotBasicCode.elf.dir/Middlewares/ST/STM32_USB_Device_Library/Class/CDC/Src/usbd_cdc.c.obj
LOAD CMakeFiles/standardRobotBasicCode.elf.dir/Middlewares/ST/STM32_USB_Device_Library/Core/Src/usbd_core.c.obj
LOAD CMakeFiles/standardRobotBasicCode.elf.dir/Middlewares/ST/STM32_USB_Device_Library/Core/Src/usbd_ctlreq.c.obj
LOAD CMakeFiles/standardRobotBasicCode.elf.dir/Middlewares/ST/STM32_USB_Device_Library/Core/Src/usbd_ioreq.c.obj
LOAD CMakeFiles/standardRobotBasicCode.elf.dir/Middlewares/Third_Party/FreeRTOS/Source/CMSIS_RTOS/cmsis_os.c.obj
LOAD CMakeFiles/standardRobotBasicCode.elf.dir/Middlewares/Third_Party/FreeRTOS/Source/croutine.c.obj
LOAD CMakeFiles/standardRobotBasicCode.elf.dir/Middlewares/Third_Party/FreeRTOS/Source/event_groups.c.obj
LOAD CMakeFiles/standardRobotBasicCode.elf.dir/Middlewares/Third_Party/FreeRTOS/Source/list.c.obj
LOAD CMakeFiles/standardRobotBasicCode.elf.dir/Middlewares/Third_Party/FreeRTOS/Source/portable/GCC/ARM_CM4F/port.c.obj
LOAD CMakeFiles/standardRobotBasicCode.elf.dir/Middlewares/Third_Party/FreeRTOS/Source/portable/MemMang/heap_4.c.obj
LOAD CMakeFiles/standardRobotBasicCode.elf.dir/Middlewares/Third_Party/FreeRTOS/Source/queue.c.obj
LOAD CMakeFiles/standardRobotBasicCode.elf.dir/Middlewares/Third_Party/FreeRTOS/Source/stream_buffer.c.obj
LOAD CMakeFiles/standardRobotBasicCode.elf.dir/Middlewares/Third_Party/FreeRTOS/Source/tasks.c.obj
LOAD CMakeFiles/standardRobotBasicCode.elf.dir/Middlewares/Third_Party/FreeRTOS/Source/timers.c.obj
LOAD CMakeFiles/standardRobotBasicCode.elf.dir/USB_DEVICE/App/usb_device.c.obj
LOAD CMakeFiles/standardRobotBasicCode.elf.dir/USB_DEVICE/App/usbd_cdc_if.c.obj
LOAD CMakeFiles/standardRobotBasicCode.elf.dir/USB_DEVICE/App/usbd_desc.c.obj
LOAD CMakeFiles/standardRobotBasicCode.elf.dir/USB_DEVICE/Target/usbd_conf.c.obj
LOAD CMakeFiles/standardRobotBasicCode.elf.dir/startup/startup_stm32f407xx.s.obj
LOAD ../Core/Components/algorithm/AHRS.lib
LOAD ../Core/Components/algorithm/libarm_cortexM4lf_math.a
START GROUP
LOAD c:/progra~2/gnuarm~1/102021~1.07/bin/../lib/gcc/arm-none-eabi/10.3.1/thumb/v7e-m+fp/hard\libgcc.a
LOAD c:/progra~2/gnuarm~1/102021~1.07/bin/../lib/gcc/arm-none-eabi/10.3.1/../../../../arm-none-eabi/lib/thumb/v7e-m+fp/hard\libg.a
LOAD c:/progra~2/gnuarm~1/102021~1.07/bin/../lib/gcc/arm-none-eabi/10.3.1/../../../../arm-none-eabi/lib/thumb/v7e-m+fp/hard\libc.a
END GROUP
LOAD c:/progra~2/gnuarm~1/102021~1.07/bin/../lib/gcc/arm-none-eabi/10.3.1/thumb/v7e-m+fp/hard/crtend.o
LOAD c:/progra~2/gnuarm~1/102021~1.07/bin/../lib/gcc/arm-none-eabi/10.3.1/thumb/v7e-m+fp/hard/crtn.o
                0x20020000                _estack = 0x20020000
                0x00000200                _Min_Heap_Size = 0x200
                0x00000400                _Min_Stack_Size = 0x400

.isr_vector     0x08000000      0x188
                0x08000000                . = ALIGN (0x4)
 *(.isr_vector)
 .isr_vector    0x08000000      0x188 CMakeFiles/standardRobotBasicCode.elf.dir/startup/startup_stm32f407xx.s.obj
                0x08000000                g_pfnVectors
                0x08000188                . = ALIGN (0x4)

.text           0x080001c0    0x19358
                0x080001c0                . = ALIGN (0x4)
 *(.text)
 .text          0x080001c0       0x40 c:/progra~2/gnuarm~1/102021~1.07/bin/../lib/gcc/arm-none-eabi/10.3.1/thumb/v7e-m+fp/hard/crtbegin.o
 .text          0x08000200       0x30 c:/progra~2/gnuarm~1/102021~1.07/bin/../lib/gcc/arm-none-eabi/10.3.1/thumb/v7e-m+fp/hard\libgcc.a(_aeabi_uldivmod.o)
                0x08000200                __aeabi_uldivmod
 .text          0x08000230      0x2d0 c:/progra~2/gnuarm~1/102021~1.07/bin/../lib/gcc/arm-none-eabi/10.3.1/thumb/v7e-m+fp/hard\libgcc.a(_udivmoddi4.o)
                0x08000230                __udivmoddi4
 .text          0x08000500        0x4 c:/progra~2/gnuarm~1/102021~1.07/bin/../lib/gcc/arm-none-eabi/10.3.1/thumb/v7e-m+fp/hard\libgcc.a(_dvmd_tls.o)
                0x08000500                __aeabi_idiv0
                0x08000500                __aeabi_ldiv0
 .text          0x08000504       0x9a c:/progra~2/gnuarm~1/102021~1.07/bin/../lib/gcc/arm-none-eabi/10.3.1/../../../../arm-none-eabi/lib/thumb/v7e-m+fp/hard\libg.a(lib_a-aeabi_memset-soft.o)
                0x08000504                __aeabi_memset8
                0x08000504                __aeabi_memset4
                0x08000504                __aeabi_memset
 *fill*         0x0800059e        0x2 
 .text          0x080005a0      0x134 c:/progra~2/gnuarm~1/102021~1.07/bin/../lib/gcc/arm-none-eabi/10.3.1/../../../../arm-none-eabi/lib/thumb/v7e-m+fp/hard\libg.a(lib_a-memcpy.o)
                0x080005a0                memcpy
 *fill*         0x080006d4       0x2c 
 .text          0x08000700       0xdc c:/progra~2/gnuarm~1/102021~1.07/bin/../lib/gcc/arm-none-eabi/10.3.1/../../../../arm-none-eabi/lib/thumb/v7e-m+fp/hard\libg.a(lib_a-strlen.o)
                0x08000700                strlen
 *fill*         0x080007dc        0x4 
 .text          0x080007e0       0xa0 c:/progra~2/gnuarm~1/102021~1.07/bin/../lib/gcc/arm-none-eabi/10.3.1/../../../../arm-none-eabi/lib/thumb/v7e-m+fp/hard\libg.a(lib_a-memchr.o)
                0x080007e0                memchr
 .text          0x08000880      0x378 c:/progra~2/gnuarm~1/102021~1.07/bin/../lib/gcc/arm-none-eabi/10.3.1/thumb/v7e-m+fp/hard\libgcc.a(_arm_addsubdf3.o)
                0x08000880                __aeabi_drsub
                0x08000888                __aeabi_dsub
                0x08000888                __subdf3
                0x0800088c                __aeabi_dadd
                0x0800088c                __adddf3
                0x08000b04                __floatunsidf
                0x08000b04                __aeabi_ui2d
                0x08000b24                __floatsidf
                0x08000b24                __aeabi_i2d
                0x08000b48                __aeabi_f2d
                0x08000b48                __extendsfdf2
                0x08000b8c                __floatundidf
                0x08000b8c                __aeabi_ul2d
                0x08000b9c                __floatdidf
                0x08000b9c                __aeabi_l2d
 .text          0x08000bf8      0x424 c:/progra~2/gnuarm~1/102021~1.07/bin/../lib/gcc/arm-none-eabi/10.3.1/thumb/v7e-m+fp/hard\libgcc.a(_arm_muldivdf3.o)
                0x08000bf8                __aeabi_dmul
                0x08000bf8                __muldf3
                0x08000e4c                __divdf3
                0x08000e4c                __aeabi_ddiv
 .text          0x0800101c      0x110 c:/progra~2/gnuarm~1/102021~1.07/bin/../lib/gcc/arm-none-eabi/10.3.1/thumb/v7e-m+fp/hard\libgcc.a(_arm_cmpdf2.o)
                0x0800101c                __gtdf2
                0x0800101c                __gedf2
                0x08001024                __ltdf2
                0x08001024                __ledf2
                0x0800102c                __nedf2
                0x0800102c                __eqdf2
                0x0800102c                __cmpdf2
                0x080010a8                __aeabi_cdrcmple
                0x080010b8                __aeabi_cdcmpeq
                0x080010b8                __aeabi_cdcmple
                0x080010c8                __aeabi_dcmpeq
                0x080010dc                __aeabi_dcmplt
                0x080010f0                __aeabi_dcmple
                0x08001104                __aeabi_dcmpge
                0x08001118                __aeabi_dcmpgt
 .text          0x0800112c       0x2c c:/progra~2/gnuarm~1/102021~1.07/bin/../lib/gcc/arm-none-eabi/10.3.1/thumb/v7e-m+fp/hard\libgcc.a(_arm_unorddf2.o)
                0x0800112c                __unorddf2
                0x0800112c                __aeabi_dcmpun
 .text          0x08001158       0x50 c:/progra~2/gnuarm~1/102021~1.07/bin/../lib/gcc/arm-none-eabi/10.3.1/thumb/v7e-m+fp/hard\libgcc.a(_arm_fixdfsi.o)
                0x08001158                __aeabi_d2iz
                0x08001158                __fixdfsi
 *(.text*)
 .text.HAL_CAN_RxFifo0MsgPendingCallback
                0x080011a8       0x90 CMakeFiles/standardRobotBasicCode.elf.dir/Core/Application/CAN_receive.c.obj
                0x080011a8                HAL_CAN_RxFifo0MsgPendingCallback
 .text.CAN_cmd_gimbal
                0x08001238       0x54 CMakeFiles/standardRobotBasicCode.elf.dir/Core/Application/CAN_receive.c.obj
                0x08001238                CAN_cmd_gimbal
 .text.CAN_cmd_chassis_reset_ID
                0x0800128c       0x44 CMakeFiles/standardRobotBasicCode.elf.dir/Core/Application/CAN_receive.c.obj
                0x0800128c                CAN_cmd_chassis_reset_ID
 .text.CAN_cmd_chassis
                0x080012d0       0x54 CMakeFiles/standardRobotBasicCode.elf.dir/Core/Application/CAN_receive.c.obj
                0x080012d0                CAN_cmd_chassis
 .text.get_yaw_gimbal_motor_measure_point
                0x08001324        0x8 CMakeFiles/standardRobotBasicCode.elf.dir/Core/Application/CAN_receive.c.obj
                0x08001324                get_yaw_gimbal_motor_measure_point
 .text.get_pitch_gimbal_motor_measure_point
                0x0800132c        0x8 CMakeFiles/standardRobotBasicCode.elf.dir/Core/Application/CAN_receive.c.obj
                0x0800132c                get_pitch_gimbal_motor_measure_point
 .text.get_trigger_motor_measure_point
                0x08001334        0x8 CMakeFiles/standardRobotBasicCode.elf.dir/Core/Application/CAN_receive.c.obj
                0x08001334                get_trigger_motor_measure_point
 .text.get_chassis_motor_measure_point
                0x0800133c       0x14 CMakeFiles/standardRobotBasicCode.elf.dir/Core/Application/CAN_receive.c.obj
                0x0800133c                get_chassis_motor_measure_point
 .text.imu_cali_slove
                0x08001350      0x110 CMakeFiles/standardRobotBasicCode.elf.dir/Core/Application/INS_task.c.obj
 .text.imu_temp_control
                0x08001460       0xa0 CMakeFiles/standardRobotBasicCode.elf.dir/Core/Application/INS_task.c.obj
 .text.imu_cmd_spi_dma
                0x08001500      0x180 CMakeFiles/standardRobotBasicCode.elf.dir/Core/Application/INS_task.c.obj
 .text.INS_task
                0x08001680      0x2a8 CMakeFiles/standardRobotBasicCode.elf.dir/Core/Application/INS_task.c.obj
                0x08001680                INS_task
 .text.get_INS_angle_point
                0x08001928        0x8 CMakeFiles/standardRobotBasicCode.elf.dir/Core/Application/INS_task.c.obj
                0x08001928                get_INS_angle_point
 .text.get_gyro_data_point
                0x08001930        0x8 CMakeFiles/standardRobotBasicCode.elf.dir/Core/Application/INS_task.c.obj
                0x08001930                get_gyro_data_point
 .text.HAL_GPIO_EXTI_Callback
                0x08001938       0xb8 CMakeFiles/standardRobotBasicCode.elf.dir/Core/Application/INS_task.c.obj
                0x08001938                HAL_GPIO_EXTI_Callback
 .text.DMA2_Stream2_IRQHandler
                0x080019f0      0x6b0 CMakeFiles/standardRobotBasicCode.elf.dir/Core/Application/INS_task.c.obj
                0x080019f0                DMA2_Stream2_IRQHandler
 .text.RC_cmd_to_calibrate
                0x080020a0      0x310 CMakeFiles/standardRobotBasicCode.elf.dir/Core/Application/calibrate_task.c.obj
 .text.cali_data_write
                0x080023b0       0x78 CMakeFiles/standardRobotBasicCode.elf.dir/Core/Application/calibrate_task.c.obj
 .text.calibrate_task
                0x08002428       0xb4 CMakeFiles/standardRobotBasicCode.elf.dir/Core/Application/calibrate_task.c.obj
                0x08002428                calibrate_task
 .text.get_control_temperature
                0x080024dc        0xc CMakeFiles/standardRobotBasicCode.elf.dir/Core/Application/calibrate_task.c.obj
                0x080024dc                get_control_temperature
 .text.chassis_zero_force_control
                0x080024e8       0x12 CMakeFiles/standardRobotBasicCode.elf.dir/Core/Application/chassis_behaviour.c.obj
 .text.chassis_no_move_control
                0x080024fa       0x12 CMakeFiles/standardRobotBasicCode.elf.dir/Core/Application/chassis_behaviour.c.obj
 .text.chassis_open_set_control
                0x0800250c       0x54 CMakeFiles/standardRobotBasicCode.elf.dir/Core/Application/chassis_behaviour.c.obj
 .text.chassis_no_follow_yaw_control
                0x08002560       0x38 CMakeFiles/standardRobotBasicCode.elf.dir/Core/Application/chassis_behaviour.c.obj
 .text.chassis_infantry_follow_gimbal_yaw_control
                0x08002598       0xd4 CMakeFiles/standardRobotBasicCode.elf.dir/Core/Application/chassis_behaviour.c.obj
 .text.chassis_engineer_follow_chassis_yaw_control
                0x0800266c       0x54 CMakeFiles/standardRobotBasicCode.elf.dir/Core/Application/chassis_behaviour.c.obj
 .text.chassis_behaviour_mode_set
                0x080026c0       0x80 CMakeFiles/standardRobotBasicCode.elf.dir/Core/Application/chassis_behaviour.c.obj
                0x080026c0                chassis_behaviour_mode_set
 .text.chassis_behaviour_control_set
                0x08002740       0x5c CMakeFiles/standardRobotBasicCode.elf.dir/Core/Application/chassis_behaviour.c.obj
                0x08002740                chassis_behaviour_control_set
 .text.chassis_power_control
                0x0800279c      0x150 CMakeFiles/standardRobotBasicCode.elf.dir/Core/Application/chassis_power_control.c.obj
                0x0800279c                chassis_power_control
 .text.chassis_mode_change_control_transit
                0x080028ec       0x40 CMakeFiles/standardRobotBasicCode.elf.dir/Core/Application/chassis_task.c.obj
 .text.chassis_vector_to_mecanum_wheel_speed
                0x0800292c       0x50 CMakeFiles/standardRobotBasicCode.elf.dir/Core/Application/chassis_task.c.obj
 .text.chassis_set_mode
                0x0800297c        0xc CMakeFiles/standardRobotBasicCode.elf.dir/Core/Application/chassis_task.c.obj
 .text.chassis_feedback_update
                0x08002988      0x120 CMakeFiles/standardRobotBasicCode.elf.dir/Core/Application/chassis_task.c.obj
 .text.chassis_init
                0x08002aa8       0xe4 CMakeFiles/standardRobotBasicCode.elf.dir/Core/Application/chassis_task.c.obj
 .text.chassis_set_contorl
                0x08002b8c      0x1a8 CMakeFiles/standardRobotBasicCode.elf.dir/Core/Application/chassis_task.c.obj
 .text.chassis_control_loop
                0x08002d34      0x124 CMakeFiles/standardRobotBasicCode.elf.dir/Core/Application/chassis_task.c.obj
 .text.chassis_task
                0x08002e58       0xd4 CMakeFiles/standardRobotBasicCode.elf.dir/Core/Application/chassis_task.c.obj
                0x08002e58                chassis_task
 .text.chassis_rc_to_control_vector
                0x08002f2c      0x118 CMakeFiles/standardRobotBasicCode.elf.dir/Core/Application/chassis_task.c.obj
                0x08002f2c                chassis_rc_to_control_vector
 .text.detect_init
                0x08003044       0xb0 CMakeFiles/standardRobotBasicCode.elf.dir/Core/Application/detect_task.c.obj
 .text.detect_task
                0x080030f4      0x1c0 CMakeFiles/standardRobotBasicCode.elf.dir/Core/Application/detect_task.c.obj
                0x080030f4                detect_task
 .text.toe_is_error
                0x080032b4       0x18 CMakeFiles/standardRobotBasicCode.elf.dir/Core/Application/detect_task.c.obj
                0x080032b4                toe_is_error
 .text.detect_hook
                0x080032cc       0x98 CMakeFiles/standardRobotBasicCode.elf.dir/Core/Application/detect_task.c.obj
                0x080032cc                detect_hook
 .text.get_error_list_point
                0x08003364        0x8 CMakeFiles/standardRobotBasicCode.elf.dir/Core/Application/detect_task.c.obj
                0x08003364                get_error_list_point
 .text.gimbal_zero_force_control
                0x0800336c        0xe CMakeFiles/standardRobotBasicCode.elf.dir/Core/Application/gimbal_behaviour.c.obj
 *fill*         0x0800337a        0x2 
 .text.gimbal_init_control
                0x0800337c       0x6c CMakeFiles/standardRobotBasicCode.elf.dir/Core/Application/gimbal_behaviour.c.obj
 .text.gimbal_cali_control
                0x080033e8      0x174 CMakeFiles/standardRobotBasicCode.elf.dir/Core/Application/gimbal_behaviour.c.obj
 .text.gimbal_relative_angle_control
                0x0800355c       0xd8 CMakeFiles/standardRobotBasicCode.elf.dir/Core/Application/gimbal_behaviour.c.obj
 .text.gimbal_motionless_control
                0x08003634        0xe CMakeFiles/standardRobotBasicCode.elf.dir/Core/Application/gimbal_behaviour.c.obj
 *fill*         0x08003642        0x2 
 .text.gimbal_behavour_set
                0x08003644      0x128 CMakeFiles/standardRobotBasicCode.elf.dir/Core/Application/gimbal_behaviour.c.obj
 .text.gimbal_absolute_angle_control
                0x0800376c      0x1b8 CMakeFiles/standardRobotBasicCode.elf.dir/Core/Application/gimbal_behaviour.c.obj
 .text.gimbal_behaviour_mode_set
                0x08003924       0x70 CMakeFiles/standardRobotBasicCode.elf.dir/Core/Application/gimbal_behaviour.c.obj
                0x08003924                gimbal_behaviour_mode_set
 .text.gimbal_behaviour_control_set
                0x08003994       0x4c CMakeFiles/standardRobotBasicCode.elf.dir/Core/Application/gimbal_behaviour.c.obj
                0x08003994                gimbal_behaviour_control_set
 .text.gimbal_cmd_to_chassis_stop
                0x080039e0       0x28 CMakeFiles/standardRobotBasicCode.elf.dir/Core/Application/gimbal_behaviour.c.obj
                0x080039e0                gimbal_cmd_to_chassis_stop
 .text.gimbal_cmd_to_shoot_stop
                0x08003a08       0x14 CMakeFiles/standardRobotBasicCode.elf.dir/Core/Application/gimbal_behaviour.c.obj
                0x08003a08                gimbal_cmd_to_shoot_stop
 .text.motor_ecd_to_angle_change
                0x08003a1c       0x34 CMakeFiles/standardRobotBasicCode.elf.dir/Core/Application/gimbal_task.c.obj
 .text.gimbal_mode_change_control_transit
                0x08003a50       0xb4 CMakeFiles/standardRobotBasicCode.elf.dir/Core/Application/gimbal_task.c.obj
 .text.gimbal_relative_angle_limit
                0x08003b04       0x36 CMakeFiles/standardRobotBasicCode.elf.dir/Core/Application/gimbal_task.c.obj
 .text.gimbal_motor_raw_angle_control
                0x08003b3a       0x18 CMakeFiles/standardRobotBasicCode.elf.dir/Core/Application/gimbal_task.c.obj
 .text.gimbal_PID_init
                0x08003b52       0x1e CMakeFiles/standardRobotBasicCode.elf.dir/Core/Application/gimbal_task.c.obj
 .text.gimbal_PID_clear
                0x08003b70       0x14 CMakeFiles/standardRobotBasicCode.elf.dir/Core/Application/gimbal_task.c.obj
 .text.gimbal_set_mode
                0x08003b84        0xc CMakeFiles/standardRobotBasicCode.elf.dir/Core/Application/gimbal_task.c.obj
 .text.gimbal_feedback_update
                0x08003b90       0x7c CMakeFiles/standardRobotBasicCode.elf.dir/Core/Application/gimbal_task.c.obj
 .text.gimbal_init
                0x08003c0c      0x168 CMakeFiles/standardRobotBasicCode.elf.dir/Core/Application/gimbal_task.c.obj
 .text.gimbal_absolute_angle_limit
                0x08003d74       0xb4 CMakeFiles/standardRobotBasicCode.elf.dir/Core/Application/gimbal_task.c.obj
 .text.gimbal_set_control
                0x08003e28       0x80 CMakeFiles/standardRobotBasicCode.elf.dir/Core/Application/gimbal_task.c.obj
 .text.gimbal_PID_calc
                0x08003ea8       0xa8 CMakeFiles/standardRobotBasicCode.elf.dir/Core/Application/gimbal_task.c.obj
 .text.gimbal_motor_absolute_angle_control
                0x08003f50       0x40 CMakeFiles/standardRobotBasicCode.elf.dir/Core/Application/gimbal_task.c.obj
 .text.gimbal_motor_relative_angle_control
                0x08003f90       0x40 CMakeFiles/standardRobotBasicCode.elf.dir/Core/Application/gimbal_task.c.obj
 .text.gimbal_control_loop
                0x08003fd0       0x5c CMakeFiles/standardRobotBasicCode.elf.dir/Core/Application/gimbal_task.c.obj
 .text.gimbal_task
                0x0800402c       0xe4 CMakeFiles/standardRobotBasicCode.elf.dir/Core/Application/gimbal_task.c.obj
                0x0800402c                gimbal_task
 .text.get_yaw_motor_point
                0x08004110        0x8 CMakeFiles/standardRobotBasicCode.elf.dir/Core/Application/gimbal_task.c.obj
                0x08004110                get_yaw_motor_point
 .text.get_pitch_motor_point
                0x08004118        0x8 CMakeFiles/standardRobotBasicCode.elf.dir/Core/Application/gimbal_task.c.obj
                0x08004118                get_pitch_motor_point
 .text.led_RGB_flow_task
                0x08004120       0xf8 CMakeFiles/standardRobotBasicCode.elf.dir/Core/Application/led_flow_task.c.obj
                0x08004120                led_RGB_flow_task
 .text.oled_task
                0x08004218      0x204 CMakeFiles/standardRobotBasicCode.elf.dir/Core/Application/oled_task.c.obj
                0x08004218                oled_task
 .text.init_referee_struct_data
                0x0800441c       0xc4 CMakeFiles/standardRobotBasicCode.elf.dir/Core/Application/referee.c.obj
                0x0800441c                init_referee_struct_data
 .text.referee_data_solve
                0x080044e0      0x1b0 CMakeFiles/standardRobotBasicCode.elf.dir/Core/Application/referee.c.obj
                0x080044e0                referee_data_solve
 .text.get_chassis_power_and_buffer
                0x08004690       0x1c CMakeFiles/standardRobotBasicCode.elf.dir/Core/Application/referee.c.obj
                0x08004690                get_chassis_power_and_buffer
 .text.get_robot_id
                0x080046ac        0xc CMakeFiles/standardRobotBasicCode.elf.dir/Core/Application/referee.c.obj
                0x080046ac                get_robot_id
 .text.get_shoot_heat0_limit_and_heat0
                0x080046b8       0x18 CMakeFiles/standardRobotBasicCode.elf.dir/Core/Application/referee.c.obj
                0x080046b8                get_shoot_heat0_limit_and_heat0
 .text.referee_unpack_fifo_data
                0x080046d0      0x17c CMakeFiles/standardRobotBasicCode.elf.dir/Core/Application/referee_usart_task.c.obj
 .text.referee_usart_task
                0x0800484c       0x38 CMakeFiles/standardRobotBasicCode.elf.dir/Core/Application/referee_usart_task.c.obj
                0x0800484c                referee_usart_task
 .text.USART6_IRQHandler
                0x08004884       0xdc CMakeFiles/standardRobotBasicCode.elf.dir/Core/Application/referee_usart_task.c.obj
                0x08004884                USART6_IRQHandler
 .text.sbus_to_rc
                0x08004960       0xc6 CMakeFiles/standardRobotBasicCode.elf.dir/Core/Application/remote_control.c.obj
 *fill*         0x08004a26        0x2 
 .text.get_remote_control_point
                0x08004a28        0x8 CMakeFiles/standardRobotBasicCode.elf.dir/Core/Application/remote_control.c.obj
                0x08004a28                get_remote_control_point
 .text.sbus_to_usart1
                0x08004a30       0x60 CMakeFiles/standardRobotBasicCode.elf.dir/Core/Application/remote_control.c.obj
                0x08004a30                sbus_to_usart1
 .text.USART3_IRQHandler
                0x08004a90       0xfc CMakeFiles/standardRobotBasicCode.elf.dir/Core/Application/remote_control.c.obj
                0x08004a90                USART3_IRQHandler
 .text.servo_task
                0x08004b8c       0x98 CMakeFiles/standardRobotBasicCode.elf.dir/Core/Application/servo_task.c.obj
                0x08004b8c                servo_task
 .text.trigger_motor_turn_back
                0x08004c24       0x7c CMakeFiles/standardRobotBasicCode.elf.dir/Core/Application/shoot.c.obj
 .text.shoot_feedback_update
                0x08004ca0      0x1bc CMakeFiles/standardRobotBasicCode.elf.dir/Core/Application/shoot.c.obj
 .text.shoot_set_mode
                0x08004e5c      0x210 CMakeFiles/standardRobotBasicCode.elf.dir/Core/Application/shoot.c.obj
 .text.shoot_bullet_control
                0x0800506c       0x9c CMakeFiles/standardRobotBasicCode.elf.dir/Core/Application/shoot.c.obj
 .text.shoot_init
                0x08005108       0xc8 CMakeFiles/standardRobotBasicCode.elf.dir/Core/Application/shoot.c.obj
                0x08005108                shoot_init
 .text.shoot_control_loop
                0x080051d0      0x180 CMakeFiles/standardRobotBasicCode.elf.dir/Core/Application/shoot.c.obj
                0x080051d0                shoot_control_loop
 .text.buzzer_warn_error
                0x08005350       0x68 CMakeFiles/standardRobotBasicCode.elf.dir/Core/Application/test_task.c.obj
 .text.test_task
                0x080053b8       0x84 CMakeFiles/standardRobotBasicCode.elf.dir/Core/Application/test_task.c.obj
                0x080053b8                test_task
 .text.usb_printf
                0x0800543c       0x30 CMakeFiles/standardRobotBasicCode.elf.dir/Core/Application/usb_task.c.obj
 .text.usb_task
                0x0800546c      0x100 CMakeFiles/standardRobotBasicCode.elf.dir/Core/Application/usb_task.c.obj
                0x0800546c                usb_task
 .text.calc_battery_percentage
                0x0800556c       0xe8 CMakeFiles/standardRobotBasicCode.elf.dir/Core/Application/voltage_task.c.obj
 .text.battery_voltage_task
                0x08005654       0x40 CMakeFiles/standardRobotBasicCode.elf.dir/Core/Application/voltage_task.c.obj
                0x08005654                battery_voltage_task
 .text.get_battery_percentage
                0x08005694       0x24 CMakeFiles/standardRobotBasicCode.elf.dir/Core/Application/voltage_task.c.obj
                0x08005694                get_battery_percentage
 .text.adcx_get_chx_value
                0x080056b8       0x3c CMakeFiles/standardRobotBasicCode.elf.dir/Core/BSP/Boards/bsp_adc.c.obj
 .text.init_vrefint_reciprocal
                0x080056f4       0x40 CMakeFiles/standardRobotBasicCode.elf.dir/Core/BSP/Boards/bsp_adc.c.obj
                0x080056f4                init_vrefint_reciprocal
 .text.get_temprate
                0x08005734       0x48 CMakeFiles/standardRobotBasicCode.elf.dir/Core/BSP/Boards/bsp_adc.c.obj
                0x08005734                get_temprate
 .text.get_battery_voltage
                0x0800577c       0x34 CMakeFiles/standardRobotBasicCode.elf.dir/Core/BSP/Boards/bsp_adc.c.obj
                0x0800577c                get_battery_voltage
 .text.buzzer_on
                0x080057b0       0x10 CMakeFiles/standardRobotBasicCode.elf.dir/Core/BSP/Boards/bsp_buzzer.c.obj
                0x080057b0                buzzer_on
 .text.buzzer_off
                0x080057c0       0x10 CMakeFiles/standardRobotBasicCode.elf.dir/Core/BSP/Boards/bsp_buzzer.c.obj
                0x080057c0                buzzer_off
 .text.delay_us
                0x080057d0       0x40 CMakeFiles/standardRobotBasicCode.elf.dir/Core/BSP/Boards/bsp_delay.c.obj
                0x080057d0                delay_us
 .text.ger_sector
                0x08005810       0xc2 CMakeFiles/standardRobotBasicCode.elf.dir/Core/BSP/Boards/bsp_flash.c.obj
 .text.flash_erase_address
                0x080058d2       0x2a CMakeFiles/standardRobotBasicCode.elf.dir/Core/BSP/Boards/bsp_flash.c.obj
                0x080058d2                flash_erase_address
 .text.get_next_flash_address
                0x080058fc       0xf0 CMakeFiles/standardRobotBasicCode.elf.dir/Core/BSP/Boards/bsp_flash.c.obj
                0x080058fc                get_next_flash_address
 .text.flash_write_single_address
                0x080059ec       0x80 CMakeFiles/standardRobotBasicCode.elf.dir/Core/BSP/Boards/bsp_flash.c.obj
                0x080059ec                flash_write_single_address
 .text.fric1_on
                0x08005a6c        0xc CMakeFiles/standardRobotBasicCode.elf.dir/Core/BSP/Boards/bsp_fric.c.obj
                0x08005a6c                fric1_on
 .text.fric2_on
                0x08005a78        0xc CMakeFiles/standardRobotBasicCode.elf.dir/Core/BSP/Boards/bsp_fric.c.obj
                0x08005a78                fric2_on
 .text.bsp_I2C_master_transmit
                0x08005a84       0x3c CMakeFiles/standardRobotBasicCode.elf.dir/Core/BSP/Boards/bsp_i2c.c.obj
                0x08005a84                bsp_I2C_master_transmit
 .text.bsp_I2C_reset
                0x08005ac0       0x48 CMakeFiles/standardRobotBasicCode.elf.dir/Core/BSP/Boards/bsp_i2c.c.obj
                0x08005ac0                bsp_I2C_reset
 .text.bsp_I2C_check_ack
                0x08005b08      0x108 CMakeFiles/standardRobotBasicCode.elf.dir/Core/BSP/Boards/bsp_i2c.c.obj
                0x08005b08                bsp_I2C_check_ack
 .text.DMA1_Stream7_IRQHandler
                0x08005c10       0x70 CMakeFiles/standardRobotBasicCode.elf.dir/Core/BSP/Boards/bsp_i2c.c.obj
                0x08005c10                DMA1_Stream7_IRQHandler
 .text.I2C2_tx_DMA_init
                0x08005c80       0x94 CMakeFiles/standardRobotBasicCode.elf.dir/Core/BSP/Boards/bsp_i2c.c.obj
                0x08005c80                I2C2_tx_DMA_init
 .text.I2C2_tx_DMA_enable
                0x08005d14       0x94 CMakeFiles/standardRobotBasicCode.elf.dir/Core/BSP/Boards/bsp_i2c.c.obj
                0x08005d14                I2C2_tx_DMA_enable
 .text.I2C_TX_DMA_START
                0x08005da8       0xc6 CMakeFiles/standardRobotBasicCode.elf.dir/Core/BSP/Boards/bsp_i2c.c.obj
                0x08005da8                I2C_TX_DMA_START
 *fill*         0x08005e6e        0x2 
 .text.I2C2_DMA_transmit
                0x08005e70       0x20 CMakeFiles/standardRobotBasicCode.elf.dir/Core/BSP/Boards/bsp_i2c.c.obj
                0x08005e70                I2C2_DMA_transmit
 .text.imu_pwm_set
                0x08005e90        0xc CMakeFiles/standardRobotBasicCode.elf.dir/Core/BSP/Boards/bsp_imu_pwm.c.obj
                0x08005e90                imu_pwm_set
 .text.laser_on
                0x08005e9c       0x10 CMakeFiles/standardRobotBasicCode.elf.dir/Core/BSP/Boards/bsp_laser.c.obj
                0x08005e9c                laser_on
 .text.laser_off
                0x08005eac       0x10 CMakeFiles/standardRobotBasicCode.elf.dir/Core/BSP/Boards/bsp_laser.c.obj
                0x08005eac                laser_off
 .text.aRGB_led_show
                0x08005ebc       0x50 CMakeFiles/standardRobotBasicCode.elf.dir/Core/BSP/Boards/bsp_led.c.obj
                0x08005ebc                aRGB_led_show
 .text.servo_pwm_set
                0x08005f0c       0x34 CMakeFiles/standardRobotBasicCode.elf.dir/Core/BSP/Boards/bsp_servo_pwm.c.obj
                0x08005f0c                servo_pwm_set
 .text.SPI1_DMA_init
                0x08005f40      0x114 CMakeFiles/standardRobotBasicCode.elf.dir/Core/BSP/Boards/bsp_spi.c.obj
                0x08005f40                SPI1_DMA_init
 .text.SPI1_DMA_enable
                0x08006054     0x1d78 CMakeFiles/standardRobotBasicCode.elf.dir/Core/BSP/Boards/bsp_spi.c.obj
                0x08006054                SPI1_DMA_enable
 .text.usart1_tx_dma_enable
                0x08007dcc       0x84 CMakeFiles/standardRobotBasicCode.elf.dir/Core/BSP/Boards/bsp_usart.c.obj
                0x08007dcc                usart1_tx_dma_enable
 .text.usart6_init
                0x08007e50       0xe4 CMakeFiles/standardRobotBasicCode.elf.dir/Core/BSP/Boards/bsp_usart.c.obj
                0x08007e50                usart6_init
 .text.AHRS_get_height
                0x08007f34        0x8 CMakeFiles/standardRobotBasicCode.elf.dir/Core/Components/algorithm/AHRS_middleware.c.obj
                0x08007f34                AHRS_get_height
 .text.AHRS_get_latitude
                0x08007f3c        0xc CMakeFiles/standardRobotBasicCode.elf.dir/Core/Components/algorithm/AHRS_middleware.c.obj
                0x08007f3c                AHRS_get_latitude
 .text.AHRS_invSqrt
                0x08007f48       0x10 CMakeFiles/standardRobotBasicCode.elf.dir/Core/Components/algorithm/AHRS_middleware.c.obj
                0x08007f48                AHRS_invSqrt
 .text.AHRS_sinf
                0x08007f58        0x8 CMakeFiles/standardRobotBasicCode.elf.dir/Core/Components/algorithm/AHRS_middleware.c.obj
                0x08007f58                AHRS_sinf
 .text.AHRS_cosf
                0x08007f60        0x8 CMakeFiles/standardRobotBasicCode.elf.dir/Core/Components/algorithm/AHRS_middleware.c.obj
                0x08007f60                AHRS_cosf
 .text.AHRS_asinf
                0x08007f68        0x8 CMakeFiles/standardRobotBasicCode.elf.dir/Core/Components/algorithm/AHRS_middleware.c.obj
                0x08007f68                AHRS_asinf
 .text.AHRS_atan2f
                0x08007f70        0x8 CMakeFiles/standardRobotBasicCode.elf.dir/Core/Components/algorithm/AHRS_middleware.c.obj
                0x08007f70                AHRS_atan2f
 .text.ramp_init
                0x08007f78       0x1a CMakeFiles/standardRobotBasicCode.elf.dir/Core/Components/algorithm/user_lib.c.obj
                0x08007f78                ramp_init
 .text.ramp_calc
                0x08007f92       0x4c CMakeFiles/standardRobotBasicCode.elf.dir/Core/Components/algorithm/user_lib.c.obj
                0x08007f92                ramp_calc
 .text.first_order_filter_init
                0x08007fde       0x12 CMakeFiles/standardRobotBasicCode.elf.dir/Core/Components/algorithm/user_lib.c.obj
                0x08007fde                first_order_filter_init
 .text.first_order_filter_cali
                0x08007ff0       0x38 CMakeFiles/standardRobotBasicCode.elf.dir/Core/Components/algorithm/user_lib.c.obj
                0x08007ff0                first_order_filter_cali
 .text.abs_limit
                0x08008028       0x28 CMakeFiles/standardRobotBasicCode.elf.dir/Core/Components/algorithm/user_lib.c.obj
                0x08008028                abs_limit
 .text.fp32_constrain
                0x08008050       0x20 CMakeFiles/standardRobotBasicCode.elf.dir/Core/Components/algorithm/user_lib.c.obj
                0x08008050                fp32_constrain
 .text.loop_fp32_constrain
                0x08008070       0x4a CMakeFiles/standardRobotBasicCode.elf.dir/Core/Components/algorithm/user_lib.c.obj
                0x08008070                loop_fp32_constrain
 .text.PID_init
                0x080080ba       0x32 CMakeFiles/standardRobotBasicCode.elf.dir/Core/Components/controller/pid.c.obj
                0x080080ba                PID_init
 .text.PID_calc
                0x080080ec      0x158 CMakeFiles/standardRobotBasicCode.elf.dir/Core/Components/controller/pid.c.obj
                0x080080ec                PID_calc
 .text.PID_clear
                0x08008244       0x1e CMakeFiles/standardRobotBasicCode.elf.dir/Core/Components/controller/pid.c.obj
                0x08008244                PID_clear
 .text.BMI088_GPIO_init
                0x08008262        0x2 CMakeFiles/standardRobotBasicCode.elf.dir/Core/Components/devices/BMI088Middleware.c.obj
                0x08008262                BMI088_GPIO_init
 .text.BMI088_com_init
                0x08008264        0x2 CMakeFiles/standardRobotBasicCode.elf.dir/Core/Components/devices/BMI088Middleware.c.obj
                0x08008264                BMI088_com_init
 .text.BMI088_delay_ms
                0x08008266        0x8 CMakeFiles/standardRobotBasicCode.elf.dir/Core/Components/devices/BMI088Middleware.c.obj
                0x08008266                BMI088_delay_ms
 .text.BMI088_delay_us
                0x0800826e        0x8 CMakeFiles/standardRobotBasicCode.elf.dir/Core/Components/devices/BMI088Middleware.c.obj
                0x0800826e                BMI088_delay_us
 *fill*         0x08008276        0x2 
 .text.BMI088_ACCEL_NS_L
                0x08008278       0x14 CMakeFiles/standardRobotBasicCode.elf.dir/Core/Components/devices/BMI088Middleware.c.obj
                0x08008278                BMI088_ACCEL_NS_L
 .text.BMI088_ACCEL_NS_H
                0x0800828c       0x14 CMakeFiles/standardRobotBasicCode.elf.dir/Core/Components/devices/BMI088Middleware.c.obj
                0x0800828c                BMI088_ACCEL_NS_H
 .text.BMI088_GYRO_NS_L
                0x080082a0       0x14 CMakeFiles/standardRobotBasicCode.elf.dir/Core/Components/devices/BMI088Middleware.c.obj
                0x080082a0                BMI088_GYRO_NS_L
 .text.BMI088_GYRO_NS_H
                0x080082b4       0x14 CMakeFiles/standardRobotBasicCode.elf.dir/Core/Components/devices/BMI088Middleware.c.obj
                0x080082b4                BMI088_GYRO_NS_H
 .text.BMI088_read_write_byte
                0x080082c8       0x2c CMakeFiles/standardRobotBasicCode.elf.dir/Core/Components/devices/BMI088Middleware.c.obj
                0x080082c8                BMI088_read_write_byte
 .text.BMI088_write_single_reg
                0x080082f4       0x10 CMakeFiles/standardRobotBasicCode.elf.dir/Core/Components/devices/BMI088driver.c.obj
 .text.BMI088_read_single_reg
                0x08008304       0x16 CMakeFiles/standardRobotBasicCode.elf.dir/Core/Components/devices/BMI088driver.c.obj
 .text.BMI088_read_muli_reg
                0x0800831a       0x24 CMakeFiles/standardRobotBasicCode.elf.dir/Core/Components/devices/BMI088driver.c.obj
 *fill*         0x0800833e        0x2 
 .text.bmi088_accel_init
                0x08008340      0x134 CMakeFiles/standardRobotBasicCode.elf.dir/Core/Components/devices/BMI088driver.c.obj
                0x08008340                bmi088_accel_init
 .text.bmi088_gyro_init
                0x08008474       0xf0 CMakeFiles/standardRobotBasicCode.elf.dir/Core/Components/devices/BMI088driver.c.obj
                0x08008474                bmi088_gyro_init
 .text.bmi088_accel_self_test
                0x08008564      0x308 CMakeFiles/standardRobotBasicCode.elf.dir/Core/Components/devices/BMI088driver.c.obj
                0x08008564                bmi088_accel_self_test
 .text.bmi088_gyro_self_test
                0x0800886c       0xd6 CMakeFiles/standardRobotBasicCode.elf.dir/Core/Components/devices/BMI088driver.c.obj
                0x0800886c                bmi088_gyro_self_test
 .text.BMI088_init
                0x08008942       0x32 CMakeFiles/standardRobotBasicCode.elf.dir/Core/Components/devices/BMI088driver.c.obj
                0x08008942                BMI088_init
 .text.BMI088_temperature_read_over
                0x08008974       0x32 CMakeFiles/standardRobotBasicCode.elf.dir/Core/Components/devices/BMI088driver.c.obj
                0x08008974                BMI088_temperature_read_over
 *fill*         0x080089a6        0x2 
 .text.BMI088_accel_read_over
                0x080089a8       0x90 CMakeFiles/standardRobotBasicCode.elf.dir/Core/Components/devices/BMI088driver.c.obj
                0x080089a8                BMI088_accel_read_over
 .text.BMI088_gyro_read_over
                0x08008a38       0x64 CMakeFiles/standardRobotBasicCode.elf.dir/Core/Components/devices/BMI088driver.c.obj
                0x08008a38                BMI088_gyro_read_over
 .text.BMI088_read
                0x08008a9c      0x17c CMakeFiles/standardRobotBasicCode.elf.dir/Core/Components/devices/BMI088driver.c.obj
                0x08008a9c                BMI088_read
 .text.OLED_com_reset
                0x08008c18       0x28 CMakeFiles/standardRobotBasicCode.elf.dir/Core/Components/devices/OLED.c.obj
                0x08008c18                OLED_com_reset
 .text.oled_write_byte
                0x08008c40       0x2c CMakeFiles/standardRobotBasicCode.elf.dir/Core/Components/devices/OLED.c.obj
                0x08008c40                oled_write_byte
 .text.OLED_init
                0x08008c6c       0xf8 CMakeFiles/standardRobotBasicCode.elf.dir/Core/Components/devices/OLED.c.obj
                0x08008c6c                OLED_init
 .text.OLED_check_ack
                0x08008d64       0x10 CMakeFiles/standardRobotBasicCode.elf.dir/Core/Components/devices/OLED.c.obj
                0x08008d64                OLED_check_ack
 .text.OLED_operate_gram
                0x08008d74       0x5c CMakeFiles/standardRobotBasicCode.elf.dir/Core/Components/devices/OLED.c.obj
                0x08008d74                OLED_operate_gram
 .text.OLED_set_pos
                0x08008dd0       0x3c CMakeFiles/standardRobotBasicCode.elf.dir/Core/Components/devices/OLED.c.obj
                0x08008dd0                OLED_set_pos
 .text.OLED_draw_point
                0x08008e0c       0x5c CMakeFiles/standardRobotBasicCode.elf.dir/Core/Components/devices/OLED.c.obj
                0x08008e0c                OLED_draw_point
 .text.OLED_show_char
                0x08008e68       0x7c CMakeFiles/standardRobotBasicCode.elf.dir/Core/Components/devices/OLED.c.obj
                0x08008e68                OLED_show_char
 .text.OLED_show_string
                0x08008ee4       0x2e CMakeFiles/standardRobotBasicCode.elf.dir/Core/Components/devices/OLED.c.obj
                0x08008ee4                OLED_show_string
 *fill*         0x08008f12        0x2 
 .text.OLED_printf
                0x08008f14       0x3c CMakeFiles/standardRobotBasicCode.elf.dir/Core/Components/devices/OLED.c.obj
                0x08008f14                OLED_printf
 .text.OLED_refresh_gram
                0x08008f50       0x20 CMakeFiles/standardRobotBasicCode.elf.dir/Core/Components/devices/OLED.c.obj
                0x08008f50                OLED_refresh_gram
 .text.OLED_LOGO
                0x08008f70       0x1c CMakeFiles/standardRobotBasicCode.elf.dir/Core/Components/devices/OLED.c.obj
                0x08008f70                OLED_LOGO
 .text.OLED_show_graphic
                0x08008f8c       0x86 CMakeFiles/standardRobotBasicCode.elf.dir/Core/Components/devices/OLED.c.obj
                0x08008f8c                OLED_show_graphic
 *fill*         0x08009012        0x2 
 .text.ist8310_init
                0x08009014       0x80 CMakeFiles/standardRobotBasicCode.elf.dir/Core/Components/devices/ist8310driver.c.obj
                0x08009014                ist8310_init
 .text.ist8310_GPIO_init
                0x08009094        0x2 CMakeFiles/standardRobotBasicCode.elf.dir/Core/Components/devices/ist8310driver_middleware.c.obj
                0x08009094                ist8310_GPIO_init
 .text.ist8310_com_init
                0x08009096        0x2 CMakeFiles/standardRobotBasicCode.elf.dir/Core/Components/devices/ist8310driver_middleware.c.obj
                0x08009096                ist8310_com_init
 .text.ist8310_IIC_read_single_reg
                0x08009098       0x2c CMakeFiles/standardRobotBasicCode.elf.dir/Core/Components/devices/ist8310driver_middleware.c.obj
                0x08009098                ist8310_IIC_read_single_reg
 .text.ist8310_IIC_write_single_reg
                0x080090c4       0x2c CMakeFiles/standardRobotBasicCode.elf.dir/Core/Components/devices/ist8310driver_middleware.c.obj
                0x080090c4                ist8310_IIC_write_single_reg
 .text.ist8310_delay_ms
                0x080090f0        0x8 CMakeFiles/standardRobotBasicCode.elf.dir/Core/Components/devices/ist8310driver_middleware.c.obj
                0x080090f0                ist8310_delay_ms
 .text.ist8310_RST_H
                0x080090f8       0x14 CMakeFiles/standardRobotBasicCode.elf.dir/Core/Components/devices/ist8310driver_middleware.c.obj
                0x080090f8                ist8310_RST_H
 .text.ist8310_RST_L
                0x0800910c       0x14 CMakeFiles/standardRobotBasicCode.elf.dir/Core/Components/devices/ist8310driver_middleware.c.obj
                0x0800910c                ist8310_RST_L
 .text.get_CRC8_check_sum
                0x08009120       0x20 CMakeFiles/standardRobotBasicCode.elf.dir/Core/Components/support/CRC8_CRC16.c.obj
                0x08009120                get_CRC8_check_sum
 .text.verify_CRC8_check_sum
                0x08009140       0x28 CMakeFiles/standardRobotBasicCode.elf.dir/Core/Components/support/CRC8_CRC16.c.obj
                0x08009140                verify_CRC8_check_sum
 .text.get_CRC16_check_sum
                0x08009168       0x38 CMakeFiles/standardRobotBasicCode.elf.dir/Core/Components/support/CRC8_CRC16.c.obj
                0x08009168                get_CRC16_check_sum
 .text.verify_CRC16_check_sum
                0x080091a0       0x48 CMakeFiles/standardRobotBasicCode.elf.dir/Core/Components/support/CRC8_CRC16.c.obj
                0x080091a0                verify_CRC16_check_sum
 .text.fifo_s_init
                0x080091e8       0x16 CMakeFiles/standardRobotBasicCode.elf.dir/Core/Components/support/fifo.c.obj
                0x080091e8                fifo_s_init
 .text.fifo_s_puts
                0x080091fe       0x7e CMakeFiles/standardRobotBasicCode.elf.dir/Core/Components/support/fifo.c.obj
                0x080091fe                fifo_s_puts
 .text.fifo_s_get
                0x0800927c       0x2e CMakeFiles/standardRobotBasicCode.elf.dir/Core/Components/support/fifo.c.obj
                0x0800927c                fifo_s_get
 .text.fifo_s_used
                0x080092aa        0x4 CMakeFiles/standardRobotBasicCode.elf.dir/Core/Components/support/fifo.c.obj
                0x080092aa                fifo_s_used
 *fill*         0x080092ae        0x2 
 .text.MX_ADC1_Init
                0x080092b0       0x70 CMakeFiles/standardRobotBasicCode.elf.dir/Core/Src/adc.c.obj
                0x080092b0                MX_ADC1_Init
 .text.MX_ADC3_Init
                0x08009320       0x70 CMakeFiles/standardRobotBasicCode.elf.dir/Core/Src/adc.c.obj
                0x08009320                MX_ADC3_Init
 .text.HAL_ADC_MspInit
                0x08009390       0x90 CMakeFiles/standardRobotBasicCode.elf.dir/Core/Src/adc.c.obj
                0x08009390                HAL_ADC_MspInit
 .text.MX_CAN1_Init
                0x08009420       0x38 CMakeFiles/standardRobotBasicCode.elf.dir/Core/Src/can.c.obj
                0x08009420                MX_CAN1_Init
 .text.MX_CAN2_Init
                0x08009458       0x40 CMakeFiles/standardRobotBasicCode.elf.dir/Core/Src/can.c.obj
                0x08009458                MX_CAN2_Init
 .text.HAL_CAN_MspInit
                0x08009498      0x120 CMakeFiles/standardRobotBasicCode.elf.dir/Core/Src/can.c.obj
                0x08009498                HAL_CAN_MspInit
 .text.MX_CRC_Init
                0x080095b8       0x20 CMakeFiles/standardRobotBasicCode.elf.dir/Core/Src/crc.c.obj
                0x080095b8                MX_CRC_Init
 .text.HAL_CRC_MspInit
                0x080095d8       0x30 CMakeFiles/standardRobotBasicCode.elf.dir/Core/Src/crc.c.obj
                0x080095d8                HAL_CRC_MspInit
 .text.MX_DMA_Init
                0x08009608       0xa8 CMakeFiles/standardRobotBasicCode.elf.dir/Core/Src/dma.c.obj
                0x08009608                MX_DMA_Init
 .text.vApplicationGetIdleTaskMemory
                0x080096b0       0x18 CMakeFiles/standardRobotBasicCode.elf.dir/Core/Src/freertos.c.obj
                0x080096b0                vApplicationGetIdleTaskMemory
 .text.vApplicationGetTimerTaskMemory
                0x080096c8       0x18 CMakeFiles/standardRobotBasicCode.elf.dir/Core/Src/freertos.c.obj
                0x080096c8                vApplicationGetTimerTaskMemory
 .text.MX_FREERTOS_Init
                0x080096e0      0x1e8 CMakeFiles/standardRobotBasicCode.elf.dir/Core/Src/freertos.c.obj
                0x080096e0                MX_FREERTOS_Init
 .text.MX_GPIO_Init
                0x080098c8      0x1fc CMakeFiles/standardRobotBasicCode.elf.dir/Core/Src/gpio.c.obj
                0x080098c8                MX_GPIO_Init
 .text.MX_I2C1_Init
                0x08009ac4       0x3c CMakeFiles/standardRobotBasicCode.elf.dir/Core/Src/i2c.c.obj
                0x08009ac4                MX_I2C1_Init
 .text.MX_I2C2_Init
                0x08009b00       0x3c CMakeFiles/standardRobotBasicCode.elf.dir/Core/Src/i2c.c.obj
                0x08009b00                MX_I2C2_Init
 .text.MX_I2C3_Init
                0x08009b3c       0x3c CMakeFiles/standardRobotBasicCode.elf.dir/Core/Src/i2c.c.obj
                0x08009b3c                MX_I2C3_Init
 .text.HAL_I2C_MspInit
                0x08009b78      0x194 CMakeFiles/standardRobotBasicCode.elf.dir/Core/Src/i2c.c.obj
                0x08009b78                HAL_I2C_MspInit
 .text.Error_Handler
                0x08009d0c        0x4 CMakeFiles/standardRobotBasicCode.elf.dir/Core/Src/main.c.obj
                0x08009d0c                Error_Handler
 .text.SystemClock_Config
                0x08009d10       0xa8 CMakeFiles/standardRobotBasicCode.elf.dir/Core/Src/main.c.obj
                0x08009d10                SystemClock_Config
 .text.main     0x08009db8       0x70 CMakeFiles/standardRobotBasicCode.elf.dir/Core/Src/main.c.obj
                0x08009db8                main
 .text.MX_RNG_Init
                0x08009e28       0x20 CMakeFiles/standardRobotBasicCode.elf.dir/Core/Src/rng.c.obj
                0x08009e28                MX_RNG_Init
 .text.HAL_RNG_MspInit
                0x08009e48       0x30 CMakeFiles/standardRobotBasicCode.elf.dir/Core/Src/rng.c.obj
                0x08009e48                HAL_RNG_MspInit
 .text.MX_RTC_Init
                0x08009e78       0x34 CMakeFiles/standardRobotBasicCode.elf.dir/Core/Src/rtc.c.obj
                0x08009e78                MX_RTC_Init
 .text.HAL_RTC_MspInit
                0x08009eac       0x48 CMakeFiles/standardRobotBasicCode.elf.dir/Core/Src/rtc.c.obj
                0x08009eac                HAL_RTC_MspInit
 .text.MX_SPI1_Init
                0x08009ef4       0x40 CMakeFiles/standardRobotBasicCode.elf.dir/Core/Src/spi.c.obj
                0x08009ef4                MX_SPI1_Init
 .text.MX_SPI2_Init
                0x08009f34       0x48 CMakeFiles/standardRobotBasicCode.elf.dir/Core/Src/spi.c.obj
                0x08009f34                MX_SPI2_Init
 .text.HAL_SPI_MspInit
                0x08009f7c      0x178 CMakeFiles/standardRobotBasicCode.elf.dir/Core/Src/spi.c.obj
                0x08009f7c                HAL_SPI_MspInit
 .text.HAL_MspInit
                0x0800a0f4       0x44 CMakeFiles/standardRobotBasicCode.elf.dir/Core/Src/stm32f4xx_hal_msp.c.obj
                0x0800a0f4                HAL_MspInit
 .text.NMI_Handler
                0x0800a138        0x2 CMakeFiles/standardRobotBasicCode.elf.dir/Core/Src/stm32f4xx_it.c.obj
                0x0800a138                NMI_Handler
 .text.HardFault_Handler
                0x0800a13a        0x2 CMakeFiles/standardRobotBasicCode.elf.dir/Core/Src/stm32f4xx_it.c.obj
                0x0800a13a                HardFault_Handler
 .text.MemManage_Handler
                0x0800a13c        0x2 CMakeFiles/standardRobotBasicCode.elf.dir/Core/Src/stm32f4xx_it.c.obj
                0x0800a13c                MemManage_Handler
 .text.BusFault_Handler
                0x0800a13e        0x2 CMakeFiles/standardRobotBasicCode.elf.dir/Core/Src/stm32f4xx_it.c.obj
                0x0800a13e                BusFault_Handler
 .text.UsageFault_Handler
                0x0800a140        0x2 CMakeFiles/standardRobotBasicCode.elf.dir/Core/Src/stm32f4xx_it.c.obj
                0x0800a140                UsageFault_Handler
 .text.DebugMon_Handler
                0x0800a142        0x2 CMakeFiles/standardRobotBasicCode.elf.dir/Core/Src/stm32f4xx_it.c.obj
                0x0800a142                DebugMon_Handler
 .text.SysTick_Handler
                0x0800a144       0x16 CMakeFiles/standardRobotBasicCode.elf.dir/Core/Src/stm32f4xx_it.c.obj
                0x0800a144                SysTick_Handler
 .text.EXTI0_IRQHandler
                0x0800a15a        0xa CMakeFiles/standardRobotBasicCode.elf.dir/Core/Src/stm32f4xx_it.c.obj
                0x0800a15a                EXTI0_IRQHandler
 .text.EXTI3_IRQHandler
                0x0800a164        0xa CMakeFiles/standardRobotBasicCode.elf.dir/Core/Src/stm32f4xx_it.c.obj
                0x0800a164                EXTI3_IRQHandler
 .text.EXTI4_IRQHandler
                0x0800a16e        0xa CMakeFiles/standardRobotBasicCode.elf.dir/Core/Src/stm32f4xx_it.c.obj
                0x0800a16e                EXTI4_IRQHandler
 .text.CAN1_RX0_IRQHandler
                0x0800a178       0x10 CMakeFiles/standardRobotBasicCode.elf.dir/Core/Src/stm32f4xx_it.c.obj
                0x0800a178                CAN1_RX0_IRQHandler
 .text.EXTI9_5_IRQHandler
                0x0800a188        0xa CMakeFiles/standardRobotBasicCode.elf.dir/Core/Src/stm32f4xx_it.c.obj
                0x0800a188                EXTI9_5_IRQHandler
 *fill*         0x0800a192        0x2 
 .text.DMA2_Stream1_IRQHandler
                0x0800a194       0x10 CMakeFiles/standardRobotBasicCode.elf.dir/Core/Src/stm32f4xx_it.c.obj
                0x0800a194                DMA2_Stream1_IRQHandler
 .text.DMA2_Stream3_IRQHandler
                0x0800a1a4       0x10 CMakeFiles/standardRobotBasicCode.elf.dir/Core/Src/stm32f4xx_it.c.obj
                0x0800a1a4                DMA2_Stream3_IRQHandler
 .text.CAN2_RX0_IRQHandler
                0x0800a1b4       0x10 CMakeFiles/standardRobotBasicCode.elf.dir/Core/Src/stm32f4xx_it.c.obj
                0x0800a1b4                CAN2_RX0_IRQHandler
 .text.OTG_FS_IRQHandler
                0x0800a1c4       0x10 CMakeFiles/standardRobotBasicCode.elf.dir/Core/Src/stm32f4xx_it.c.obj
                0x0800a1c4                OTG_FS_IRQHandler
 .text.DMA2_Stream6_IRQHandler
                0x0800a1d4       0x10 CMakeFiles/standardRobotBasicCode.elf.dir/Core/Src/stm32f4xx_it.c.obj
                0x0800a1d4                DMA2_Stream6_IRQHandler
 .text.DMA2_Stream7_IRQHandler
                0x0800a1e4       0x10 CMakeFiles/standardRobotBasicCode.elf.dir/Core/Src/stm32f4xx_it.c.obj
                0x0800a1e4                DMA2_Stream7_IRQHandler
 .text._getpid  0x0800a1f4        0x4 CMakeFiles/standardRobotBasicCode.elf.dir/Core/Src/syscalls.c.obj
                0x0800a1f4                _getpid
 .text._kill    0x0800a1f8       0x10 CMakeFiles/standardRobotBasicCode.elf.dir/Core/Src/syscalls.c.obj
                0x0800a1f8                _kill
 .text._exit    0x0800a208        0xc CMakeFiles/standardRobotBasicCode.elf.dir/Core/Src/syscalls.c.obj
                0x0800a208                _exit
 .text._read    0x0800a214       0x20 CMakeFiles/standardRobotBasicCode.elf.dir/Core/Src/syscalls.c.obj
                0x0800a214                _read
 .text._write   0x0800a234       0x1c CMakeFiles/standardRobotBasicCode.elf.dir/Core/Src/syscalls.c.obj
                0x0800a234                _write
 .text._sbrk    0x0800a250       0x3c CMakeFiles/standardRobotBasicCode.elf.dir/Core/Src/syscalls.c.obj
                0x0800a250                _sbrk
 .text._close   0x0800a28c        0x6 CMakeFiles/standardRobotBasicCode.elf.dir/Core/Src/syscalls.c.obj
                0x0800a28c                _close
 .text._fstat   0x0800a292        0xa CMakeFiles/standardRobotBasicCode.elf.dir/Core/Src/syscalls.c.obj
                0x0800a292                _fstat
 .text._isatty  0x0800a29c        0x4 CMakeFiles/standardRobotBasicCode.elf.dir/Core/Src/syscalls.c.obj
                0x0800a29c                _isatty
 .text._lseek   0x0800a2a0        0x4 CMakeFiles/standardRobotBasicCode.elf.dir/Core/Src/syscalls.c.obj
                0x0800a2a0                _lseek
 .text.SystemInit
                0x0800a2a4       0x14 CMakeFiles/standardRobotBasicCode.elf.dir/Core/Src/system_stm32f4xx.c.obj
                0x0800a2a4                SystemInit
 .text.HAL_TIM_Base_MspInit
                0x0800a2b8       0xe4 CMakeFiles/standardRobotBasicCode.elf.dir/Core/Src/tim.c.obj
                0x0800a2b8                HAL_TIM_Base_MspInit
 .text.HAL_TIM_MspPostInit
                0x0800a39c      0x1d0 CMakeFiles/standardRobotBasicCode.elf.dir/Core/Src/tim.c.obj
                0x0800a39c                HAL_TIM_MspPostInit
 .text.MX_TIM1_Init
                0x0800a56c      0x124 CMakeFiles/standardRobotBasicCode.elf.dir/Core/Src/tim.c.obj
                0x0800a56c                MX_TIM1_Init
 .text.MX_TIM3_Init
                0x0800a690       0xb0 CMakeFiles/standardRobotBasicCode.elf.dir/Core/Src/tim.c.obj
                0x0800a690                MX_TIM3_Init
 .text.MX_TIM4_Init
                0x0800a740       0xb0 CMakeFiles/standardRobotBasicCode.elf.dir/Core/Src/tim.c.obj
                0x0800a740                MX_TIM4_Init
 .text.MX_TIM5_Init
                0x0800a7f0       0xd4 CMakeFiles/standardRobotBasicCode.elf.dir/Core/Src/tim.c.obj
                0x0800a7f0                MX_TIM5_Init
 .text.MX_TIM8_Init
                0x0800a8c4      0x100 CMakeFiles/standardRobotBasicCode.elf.dir/Core/Src/tim.c.obj
                0x0800a8c4                MX_TIM8_Init
 .text.MX_TIM10_Init
                0x0800a9c4       0x74 CMakeFiles/standardRobotBasicCode.elf.dir/Core/Src/tim.c.obj
                0x0800a9c4                MX_TIM10_Init
 .text.MX_USART1_UART_Init
                0x0800aa38       0x34 CMakeFiles/standardRobotBasicCode.elf.dir/Core/Src/usart.c.obj
                0x0800aa38                MX_USART1_UART_Init
 .text.MX_USART3_UART_Init
                0x0800aa6c       0x34 CMakeFiles/standardRobotBasicCode.elf.dir/Core/Src/usart.c.obj
                0x0800aa6c                MX_USART3_UART_Init
 .text.MX_USART6_UART_Init
                0x0800aaa0       0x34 CMakeFiles/standardRobotBasicCode.elf.dir/Core/Src/usart.c.obj
                0x0800aaa0                MX_USART6_UART_Init
 .text.HAL_UART_MspInit
                0x0800aad4      0x274 CMakeFiles/standardRobotBasicCode.elf.dir/Core/Src/usart.c.obj
                0x0800aad4                HAL_UART_MspInit
 .text.HAL_InitTick
                0x0800ad48       0x4c CMakeFiles/standardRobotBasicCode.elf.dir/Drivers/STM32F4xx_HAL_Driver/Src/stm32f4xx_hal.c.obj
                0x0800ad48                HAL_InitTick
 .text.HAL_Init
                0x0800ad94       0x34 CMakeFiles/standardRobotBasicCode.elf.dir/Drivers/STM32F4xx_HAL_Driver/Src/stm32f4xx_hal.c.obj
                0x0800ad94                HAL_Init
 .text.HAL_IncTick
                0x0800adc8       0x18 CMakeFiles/standardRobotBasicCode.elf.dir/Drivers/STM32F4xx_HAL_Driver/Src/stm32f4xx_hal.c.obj
                0x0800adc8                HAL_IncTick
 .text.HAL_GetTick
                0x0800ade0        0xc CMakeFiles/standardRobotBasicCode.elf.dir/Drivers/STM32F4xx_HAL_Driver/Src/stm32f4xx_hal.c.obj
                0x0800ade0                HAL_GetTick
 .text.HAL_Delay
                0x0800adec       0x28 CMakeFiles/standardRobotBasicCode.elf.dir/Drivers/STM32F4xx_HAL_Driver/Src/stm32f4xx_hal.c.obj
                0x0800adec                HAL_Delay
 .text.ADC_Init
                0x0800ae14      0x134 CMakeFiles/standardRobotBasicCode.elf.dir/Drivers/STM32F4xx_HAL_Driver/Src/stm32f4xx_hal_adc.c.obj
 .text.HAL_ADC_Init
                0x0800af48       0x56 CMakeFiles/standardRobotBasicCode.elf.dir/Drivers/STM32F4xx_HAL_Driver/Src/stm32f4xx_hal_adc.c.obj
                0x0800af48                HAL_ADC_Init
 *fill*         0x0800af9e        0x2 
 .text.HAL_ADC_Start
                0x0800afa0      0x144 CMakeFiles/standardRobotBasicCode.elf.dir/Drivers/STM32F4xx_HAL_Driver/Src/stm32f4xx_hal_adc.c.obj
                0x0800afa0                HAL_ADC_Start
 .text.HAL_ADC_PollForConversion
                0x0800b0e4       0xb8 CMakeFiles/standardRobotBasicCode.elf.dir/Drivers/STM32F4xx_HAL_Driver/Src/stm32f4xx_hal_adc.c.obj
                0x0800b0e4                HAL_ADC_PollForConversion
 .text.HAL_ADC_GetValue
                0x0800b19c        0x6 CMakeFiles/standardRobotBasicCode.elf.dir/Drivers/STM32F4xx_HAL_Driver/Src/stm32f4xx_hal_adc.c.obj
                0x0800b19c                HAL_ADC_GetValue
 *fill*         0x0800b1a2        0x2 
 .text.HAL_ADC_ConfigChannel
                0x0800b1a4      0x198 CMakeFiles/standardRobotBasicCode.elf.dir/Drivers/STM32F4xx_HAL_Driver/Src/stm32f4xx_hal_adc.c.obj
                0x0800b1a4                HAL_ADC_ConfigChannel
 .text.HAL_CAN_Init
                0x0800b33c      0x14c CMakeFiles/standardRobotBasicCode.elf.dir/Drivers/STM32F4xx_HAL_Driver/Src/stm32f4xx_hal_can.c.obj
                0x0800b33c                HAL_CAN_Init
 .text.HAL_CAN_AddTxMessage
                0x0800b488       0xfc CMakeFiles/standardRobotBasicCode.elf.dir/Drivers/STM32F4xx_HAL_Driver/Src/stm32f4xx_hal_can.c.obj
                0x0800b488                HAL_CAN_AddTxMessage
 .text.HAL_CAN_GetRxMessage
                0x0800b584      0x14a CMakeFiles/standardRobotBasicCode.elf.dir/Drivers/STM32F4xx_HAL_Driver/Src/stm32f4xx_hal_can.c.obj
                0x0800b584                HAL_CAN_GetRxMessage
 .text.HAL_CAN_TxMailbox0CompleteCallback
                0x0800b6ce        0x2 CMakeFiles/standardRobotBasicCode.elf.dir/Drivers/STM32F4xx_HAL_Driver/Src/stm32f4xx_hal_can.c.obj
                0x0800b6ce                HAL_CAN_TxMailbox0CompleteCallback
 .text.HAL_CAN_TxMailbox1CompleteCallback
                0x0800b6d0        0x2 CMakeFiles/standardRobotBasicCode.elf.dir/Drivers/STM32F4xx_HAL_Driver/Src/stm32f4xx_hal_can.c.obj
                0x0800b6d0                HAL_CAN_TxMailbox1CompleteCallback
 .text.HAL_CAN_TxMailbox2CompleteCallback
                0x0800b6d2        0x2 CMakeFiles/standardRobotBasicCode.elf.dir/Drivers/STM32F4xx_HAL_Driver/Src/stm32f4xx_hal_can.c.obj
                0x0800b6d2                HAL_CAN_TxMailbox2CompleteCallback
 .text.HAL_CAN_TxMailbox0AbortCallback
                0x0800b6d4        0x2 CMakeFiles/standardRobotBasicCode.elf.dir/Drivers/STM32F4xx_HAL_Driver/Src/stm32f4xx_hal_can.c.obj
                0x0800b6d4                HAL_CAN_TxMailbox0AbortCallback
 .text.HAL_CAN_TxMailbox1AbortCallback
                0x0800b6d6        0x2 CMakeFiles/standardRobotBasicCode.elf.dir/Drivers/STM32F4xx_HAL_Driver/Src/stm32f4xx_hal_can.c.obj
                0x0800b6d6                HAL_CAN_TxMailbox1AbortCallback
 .text.HAL_CAN_TxMailbox2AbortCallback
                0x0800b6d8        0x2 CMakeFiles/standardRobotBasicCode.elf.dir/Drivers/STM32F4xx_HAL_Driver/Src/stm32f4xx_hal_can.c.obj
                0x0800b6d8                HAL_CAN_TxMailbox2AbortCallback
 .text.HAL_CAN_RxFifo0FullCallback
                0x0800b6da        0x2 CMakeFiles/standardRobotBasicCode.elf.dir/Drivers/STM32F4xx_HAL_Driver/Src/stm32f4xx_hal_can.c.obj
                0x0800b6da                HAL_CAN_RxFifo0FullCallback
 .text.HAL_CAN_RxFifo1MsgPendingCallback
                0x0800b6dc        0x2 CMakeFiles/standardRobotBasicCode.elf.dir/Drivers/STM32F4xx_HAL_Driver/Src/stm32f4xx_hal_can.c.obj
                0x0800b6dc                HAL_CAN_RxFifo1MsgPendingCallback
 .text.HAL_CAN_RxFifo1FullCallback
                0x0800b6de        0x2 CMakeFiles/standardRobotBasicCode.elf.dir/Drivers/STM32F4xx_HAL_Driver/Src/stm32f4xx_hal_can.c.obj
                0x0800b6de                HAL_CAN_RxFifo1FullCallback
 .text.HAL_CAN_SleepCallback
                0x0800b6e0        0x2 CMakeFiles/standardRobotBasicCode.elf.dir/Drivers/STM32F4xx_HAL_Driver/Src/stm32f4xx_hal_can.c.obj
                0x0800b6e0                HAL_CAN_SleepCallback
 .text.HAL_CAN_WakeUpFromRxMsgCallback
                0x0800b6e2        0x2 CMakeFiles/standardRobotBasicCode.elf.dir/Drivers/STM32F4xx_HAL_Driver/Src/stm32f4xx_hal_can.c.obj
                0x0800b6e2                HAL_CAN_WakeUpFromRxMsgCallback
 .text.HAL_CAN_ErrorCallback
                0x0800b6e4        0x2 CMakeFiles/standardRobotBasicCode.elf.dir/Drivers/STM32F4xx_HAL_Driver/Src/stm32f4xx_hal_can.c.obj
                0x0800b6e4                HAL_CAN_ErrorCallback
 .text.HAL_CAN_IRQHandler
                0x0800b6e6      0x24a CMakeFiles/standardRobotBasicCode.elf.dir/Drivers/STM32F4xx_HAL_Driver/Src/stm32f4xx_hal_can.c.obj
                0x0800b6e6                HAL_CAN_IRQHandler
 .text.HAL_NVIC_SetPriorityGrouping
                0x0800b930       0x24 CMakeFiles/standardRobotBasicCode.elf.dir/Drivers/STM32F4xx_HAL_Driver/Src/stm32f4xx_hal_cortex.c.obj
                0x0800b930                HAL_NVIC_SetPriorityGrouping
 .text.HAL_NVIC_SetPriority
                0x0800b954       0x70 CMakeFiles/standardRobotBasicCode.elf.dir/Drivers/STM32F4xx_HAL_Driver/Src/stm32f4xx_hal_cortex.c.obj
                0x0800b954                HAL_NVIC_SetPriority
 .text.HAL_NVIC_EnableIRQ
                0x0800b9c4       0x1c CMakeFiles/standardRobotBasicCode.elf.dir/Drivers/STM32F4xx_HAL_Driver/Src/stm32f4xx_hal_cortex.c.obj
                0x0800b9c4                HAL_NVIC_EnableIRQ
 .text.HAL_SYSTICK_Config
                0x0800b9e0       0x28 CMakeFiles/standardRobotBasicCode.elf.dir/Drivers/STM32F4xx_HAL_Driver/Src/stm32f4xx_hal_cortex.c.obj
                0x0800b9e0                HAL_SYSTICK_Config
 .text.HAL_CRC_Init
                0x0800ba08       0x1e CMakeFiles/standardRobotBasicCode.elf.dir/Drivers/STM32F4xx_HAL_Driver/Src/stm32f4xx_hal_crc.c.obj
                0x0800ba08                HAL_CRC_Init
 *fill*         0x0800ba26        0x2 
 .text.DMA_CalcBaseAndBitshift
                0x0800ba28       0x44 CMakeFiles/standardRobotBasicCode.elf.dir/Drivers/STM32F4xx_HAL_Driver/Src/stm32f4xx_hal_dma.c.obj
 .text.DMA_CheckFifoParam
                0x0800ba6c       0x8e CMakeFiles/standardRobotBasicCode.elf.dir/Drivers/STM32F4xx_HAL_Driver/Src/stm32f4xx_hal_dma.c.obj
 *fill*         0x0800bafa        0x2 
 .text.HAL_DMA_Init
                0x0800bafc       0xcc CMakeFiles/standardRobotBasicCode.elf.dir/Drivers/STM32F4xx_HAL_Driver/Src/stm32f4xx_hal_dma.c.obj
                0x0800bafc                HAL_DMA_Init
 .text.HAL_DMA_IRQHandler
                0x0800bbc8      0x1dc CMakeFiles/standardRobotBasicCode.elf.dir/Drivers/STM32F4xx_HAL_Driver/Src/stm32f4xx_hal_dma.c.obj
                0x0800bbc8                HAL_DMA_IRQHandler
 .text.FLASH_Program_DoubleWord
                0x0800bda4       0x30 CMakeFiles/standardRobotBasicCode.elf.dir/Drivers/STM32F4xx_HAL_Driver/Src/stm32f4xx_hal_flash.c.obj
 .text.FLASH_Program_Word
                0x0800bdd4       0x24 CMakeFiles/standardRobotBasicCode.elf.dir/Drivers/STM32F4xx_HAL_Driver/Src/stm32f4xx_hal_flash.c.obj
 .text.FLASH_Program_HalfWord
                0x0800bdf8       0x24 CMakeFiles/standardRobotBasicCode.elf.dir/Drivers/STM32F4xx_HAL_Driver/Src/stm32f4xx_hal_flash.c.obj
 .text.FLASH_Program_Byte
                0x0800be1c       0x20 CMakeFiles/standardRobotBasicCode.elf.dir/Drivers/STM32F4xx_HAL_Driver/Src/stm32f4xx_hal_flash.c.obj
 .text.FLASH_SetErrorCode
                0x0800be3c       0x8c CMakeFiles/standardRobotBasicCode.elf.dir/Drivers/STM32F4xx_HAL_Driver/Src/stm32f4xx_hal_flash.c.obj
 .text.HAL_FLASH_Unlock
                0x0800bec8       0x30 CMakeFiles/standardRobotBasicCode.elf.dir/Drivers/STM32F4xx_HAL_Driver/Src/stm32f4xx_hal_flash.c.obj
                0x0800bec8                HAL_FLASH_Unlock
 .text.HAL_FLASH_Lock
                0x0800bef8       0x14 CMakeFiles/standardRobotBasicCode.elf.dir/Drivers/STM32F4xx_HAL_Driver/Src/stm32f4xx_hal_flash.c.obj
                0x0800bef8                HAL_FLASH_Lock
 .text.FLASH_WaitForLastOperation
                0x0800bf0c       0x60 CMakeFiles/standardRobotBasicCode.elf.dir/Drivers/STM32F4xx_HAL_Driver/Src/stm32f4xx_hal_flash.c.obj
                0x0800bf0c                FLASH_WaitForLastOperation
 .text.HAL_FLASH_Program
                0x0800bf6c       0x7c CMakeFiles/standardRobotBasicCode.elf.dir/Drivers/STM32F4xx_HAL_Driver/Src/stm32f4xx_hal_flash.c.obj
                0x0800bf6c                HAL_FLASH_Program
 .text.FLASH_MassErase
                0x0800bfe8       0x24 CMakeFiles/standardRobotBasicCode.elf.dir/Drivers/STM32F4xx_HAL_Driver/Src/stm32f4xx_hal_flash_ex.c.obj
 .text.FLASH_Erase_Sector
                0x0800c00c       0x54 CMakeFiles/standardRobotBasicCode.elf.dir/Drivers/STM32F4xx_HAL_Driver/Src/stm32f4xx_hal_flash_ex.c.obj
                0x0800c00c                FLASH_Erase_Sector
 .text.FLASH_FlushCaches
                0x0800c060       0x60 CMakeFiles/standardRobotBasicCode.elf.dir/Drivers/STM32F4xx_HAL_Driver/Src/stm32f4xx_hal_flash_ex.c.obj
                0x0800c060                FLASH_FlushCaches
 .text.HAL_FLASHEx_Erase
                0x0800c0c0       0x94 CMakeFiles/standardRobotBasicCode.elf.dir/Drivers/STM32F4xx_HAL_Driver/Src/stm32f4xx_hal_flash_ex.c.obj
                0x0800c0c0                HAL_FLASHEx_Erase
 .text.HAL_GPIO_Init
                0x0800c154      0x1e4 CMakeFiles/standardRobotBasicCode.elf.dir/Drivers/STM32F4xx_HAL_Driver/Src/stm32f4xx_hal_gpio.c.obj
                0x0800c154                HAL_GPIO_Init
 .text.HAL_GPIO_ReadPin
                0x0800c338        0xe CMakeFiles/standardRobotBasicCode.elf.dir/Drivers/STM32F4xx_HAL_Driver/Src/stm32f4xx_hal_gpio.c.obj
                0x0800c338                HAL_GPIO_ReadPin
 .text.HAL_GPIO_WritePin
                0x0800c346        0xc CMakeFiles/standardRobotBasicCode.elf.dir/Drivers/STM32F4xx_HAL_Driver/Src/stm32f4xx_hal_gpio.c.obj
                0x0800c346                HAL_GPIO_WritePin
 *fill*         0x0800c352        0x2 
 .text.HAL_GPIO_EXTI_IRQHandler
                0x0800c354       0x1c CMakeFiles/standardRobotBasicCode.elf.dir/Drivers/STM32F4xx_HAL_Driver/Src/stm32f4xx_hal_gpio.c.obj
                0x0800c354                HAL_GPIO_EXTI_IRQHandler
 .text.I2C_IsAcknowledgeFailed
                0x0800c370       0x32 CMakeFiles/standardRobotBasicCode.elf.dir/Drivers/STM32F4xx_HAL_Driver/Src/stm32f4xx_hal_i2c.c.obj
 .text.I2C_WaitOnFlagUntilTimeout
                0x0800c3a2       0x7c CMakeFiles/standardRobotBasicCode.elf.dir/Drivers/STM32F4xx_HAL_Driver/Src/stm32f4xx_hal_i2c.c.obj
 .text.I2C_WaitOnMasterAddressFlagUntilTimeout
                0x0800c41e       0xaa CMakeFiles/standardRobotBasicCode.elf.dir/Drivers/STM32F4xx_HAL_Driver/Src/stm32f4xx_hal_i2c.c.obj
 .text.I2C_MasterRequestWrite
                0x0800c4c8       0xb4 CMakeFiles/standardRobotBasicCode.elf.dir/Drivers/STM32F4xx_HAL_Driver/Src/stm32f4xx_hal_i2c.c.obj
 .text.I2C_WaitOnTXEFlagUntilTimeout
                0x0800c57c       0x54 CMakeFiles/standardRobotBasicCode.elf.dir/Drivers/STM32F4xx_HAL_Driver/Src/stm32f4xx_hal_i2c.c.obj
 .text.I2C_RequestMemoryWrite
                0x0800c5d0       0xd8 CMakeFiles/standardRobotBasicCode.elf.dir/Drivers/STM32F4xx_HAL_Driver/Src/stm32f4xx_hal_i2c.c.obj
 .text.I2C_RequestMemoryRead
                0x0800c6a8      0x154 CMakeFiles/standardRobotBasicCode.elf.dir/Drivers/STM32F4xx_HAL_Driver/Src/stm32f4xx_hal_i2c.c.obj
 .text.I2C_WaitOnBTFFlagUntilTimeout
                0x0800c7fc       0x54 CMakeFiles/standardRobotBasicCode.elf.dir/Drivers/STM32F4xx_HAL_Driver/Src/stm32f4xx_hal_i2c.c.obj
 .text.I2C_WaitOnRXNEFlagUntilTimeout
                0x0800c850       0x6a CMakeFiles/standardRobotBasicCode.elf.dir/Drivers/STM32F4xx_HAL_Driver/Src/stm32f4xx_hal_i2c.c.obj
 *fill*         0x0800c8ba        0x2 
 .text.HAL_I2C_Init
                0x0800c8bc      0x1bc CMakeFiles/standardRobotBasicCode.elf.dir/Drivers/STM32F4xx_HAL_Driver/Src/stm32f4xx_hal_i2c.c.obj
                0x0800c8bc                HAL_I2C_Init
 .text.HAL_I2C_Master_Transmit
                0x0800ca78      0x178 CMakeFiles/standardRobotBasicCode.elf.dir/Drivers/STM32F4xx_HAL_Driver/Src/stm32f4xx_hal_i2c.c.obj
                0x0800ca78                HAL_I2C_Master_Transmit
 .text.HAL_I2C_Mem_Write
                0x0800cbf0      0x164 CMakeFiles/standardRobotBasicCode.elf.dir/Drivers/STM32F4xx_HAL_Driver/Src/stm32f4xx_hal_i2c.c.obj
                0x0800cbf0                HAL_I2C_Mem_Write
 .text.HAL_I2C_Mem_Read
                0x0800cd54      0x2e4 CMakeFiles/standardRobotBasicCode.elf.dir/Drivers/STM32F4xx_HAL_Driver/Src/stm32f4xx_hal_i2c.c.obj
                0x0800cd54                HAL_I2C_Mem_Read
 .text.PCD_WriteEmptyTxFifo
                0x0800d038       0xd0 CMakeFiles/standardRobotBasicCode.elf.dir/Drivers/STM32F4xx_HAL_Driver/Src/stm32f4xx_hal_pcd.c.obj
 .text.HAL_PCD_Init
                0x0800d108      0x12e CMakeFiles/standardRobotBasicCode.elf.dir/Drivers/STM32F4xx_HAL_Driver/Src/stm32f4xx_hal_pcd.c.obj
                0x0800d108                HAL_PCD_Init
 .text.HAL_PCD_Start
                0x0800d236       0x42 CMakeFiles/standardRobotBasicCode.elf.dir/Drivers/STM32F4xx_HAL_Driver/Src/stm32f4xx_hal_pcd.c.obj
                0x0800d236                HAL_PCD_Start
 .text.PCD_EP_OutXfrComplete_int
                0x0800d278       0xf4 CMakeFiles/standardRobotBasicCode.elf.dir/Drivers/STM32F4xx_HAL_Driver/Src/stm32f4xx_hal_pcd.c.obj
 .text.PCD_EP_OutSetupPacket_int
                0x0800d36c       0x50 CMakeFiles/standardRobotBasicCode.elf.dir/Drivers/STM32F4xx_HAL_Driver/Src/stm32f4xx_hal_pcd.c.obj
 .text.HAL_PCD_IRQHandler
                0x0800d3bc      0x476 CMakeFiles/standardRobotBasicCode.elf.dir/Drivers/STM32F4xx_HAL_Driver/Src/stm32f4xx_hal_pcd.c.obj
                0x0800d3bc                HAL_PCD_IRQHandler
 .text.HAL_PCD_SetAddress
                0x0800d832       0x28 CMakeFiles/standardRobotBasicCode.elf.dir/Drivers/STM32F4xx_HAL_Driver/Src/stm32f4xx_hal_pcd.c.obj
                0x0800d832                HAL_PCD_SetAddress
 .text.HAL_PCD_EP_Open
                0x0800d85a       0x8a CMakeFiles/standardRobotBasicCode.elf.dir/Drivers/STM32F4xx_HAL_Driver/Src/stm32f4xx_hal_pcd.c.obj
                0x0800d85a                HAL_PCD_EP_Open
 .text.HAL_PCD_EP_Close
                0x0800d8e4       0x72 CMakeFiles/standardRobotBasicCode.elf.dir/Drivers/STM32F4xx_HAL_Driver/Src/stm32f4xx_hal_pcd.c.obj
                0x0800d8e4                HAL_PCD_EP_Close
 .text.HAL_PCD_EP_Receive
                0x0800d956       0x5e CMakeFiles/standardRobotBasicCode.elf.dir/Drivers/STM32F4xx_HAL_Driver/Src/stm32f4xx_hal_pcd.c.obj
                0x0800d956                HAL_PCD_EP_Receive
 .text.HAL_PCD_EP_GetRxCount
                0x0800d9b4       0x12 CMakeFiles/standardRobotBasicCode.elf.dir/Drivers/STM32F4xx_HAL_Driver/Src/stm32f4xx_hal_pcd.c.obj
                0x0800d9b4                HAL_PCD_EP_GetRxCount
 .text.HAL_PCD_EP_Transmit
                0x0800d9c6       0x5e CMakeFiles/standardRobotBasicCode.elf.dir/Drivers/STM32F4xx_HAL_Driver/Src/stm32f4xx_hal_pcd.c.obj
                0x0800d9c6                HAL_PCD_EP_Transmit
 .text.HAL_PCD_EP_SetStall
                0x0800da24       0x88 CMakeFiles/standardRobotBasicCode.elf.dir/Drivers/STM32F4xx_HAL_Driver/Src/stm32f4xx_hal_pcd.c.obj
                0x0800da24                HAL_PCD_EP_SetStall
 .text.HAL_PCD_EP_ClrStall
                0x0800daac       0x76 CMakeFiles/standardRobotBasicCode.elf.dir/Drivers/STM32F4xx_HAL_Driver/Src/stm32f4xx_hal_pcd.c.obj
                0x0800daac                HAL_PCD_EP_ClrStall
 .text.HAL_PCDEx_SetTxFiFo
                0x0800db22       0x4c CMakeFiles/standardRobotBasicCode.elf.dir/Drivers/STM32F4xx_HAL_Driver/Src/stm32f4xx_hal_pcd_ex.c.obj
                0x0800db22                HAL_PCDEx_SetTxFiFo
 .text.HAL_PCDEx_SetRxFiFo
                0x0800db6e        0x8 CMakeFiles/standardRobotBasicCode.elf.dir/Drivers/STM32F4xx_HAL_Driver/Src/stm32f4xx_hal_pcd_ex.c.obj
                0x0800db6e                HAL_PCDEx_SetRxFiFo
 .text.HAL_PCDEx_LPM_Callback
                0x0800db76        0x2 CMakeFiles/standardRobotBasicCode.elf.dir/Drivers/STM32F4xx_HAL_Driver/Src/stm32f4xx_hal_pcd_ex.c.obj
                0x0800db76                HAL_PCDEx_LPM_Callback
 .text.HAL_RCC_OscConfig
                0x0800db78      0x3f8 CMakeFiles/standardRobotBasicCode.elf.dir/Drivers/STM32F4xx_HAL_Driver/Src/stm32f4xx_hal_rcc.c.obj
                0x0800db78                HAL_RCC_OscConfig
 .text.HAL_RCC_GetSysClockFreq
                0x0800df70       0xa4 CMakeFiles/standardRobotBasicCode.elf.dir/Drivers/STM32F4xx_HAL_Driver/Src/stm32f4xx_hal_rcc.c.obj
                0x0800df70                HAL_RCC_GetSysClockFreq
 .text.HAL_RCC_ClockConfig
                0x0800e014      0x160 CMakeFiles/standardRobotBasicCode.elf.dir/Drivers/STM32F4xx_HAL_Driver/Src/stm32f4xx_hal_rcc.c.obj
                0x0800e014                HAL_RCC_ClockConfig
 .text.HAL_RCC_GetHCLKFreq
                0x0800e174        0xc CMakeFiles/standardRobotBasicCode.elf.dir/Drivers/STM32F4xx_HAL_Driver/Src/stm32f4xx_hal_rcc.c.obj
                0x0800e174                HAL_RCC_GetHCLKFreq
 .text.HAL_RCC_GetPCLK1Freq
                0x0800e180       0x20 CMakeFiles/standardRobotBasicCode.elf.dir/Drivers/STM32F4xx_HAL_Driver/Src/stm32f4xx_hal_rcc.c.obj
                0x0800e180                HAL_RCC_GetPCLK1Freq
 .text.HAL_RCC_GetPCLK2Freq
                0x0800e1a0       0x20 CMakeFiles/standardRobotBasicCode.elf.dir/Drivers/STM32F4xx_HAL_Driver/Src/stm32f4xx_hal_rcc.c.obj
                0x0800e1a0                HAL_RCC_GetPCLK2Freq
 .text.HAL_RCCEx_PeriphCLKConfig
                0x0800e1c0      0x154 CMakeFiles/standardRobotBasicCode.elf.dir/Drivers/STM32F4xx_HAL_Driver/Src/stm32f4xx_hal_rcc_ex.c.obj
                0x0800e1c0                HAL_RCCEx_PeriphCLKConfig
 .text.HAL_RNG_Init
                0x0800e314       0x2e CMakeFiles/standardRobotBasicCode.elf.dir/Drivers/STM32F4xx_HAL_Driver/Src/stm32f4xx_hal_rng.c.obj
                0x0800e314                HAL_RNG_Init
 .text.HAL_RTC_WaitForSynchro
                0x0800e342       0x32 CMakeFiles/standardRobotBasicCode.elf.dir/Drivers/STM32F4xx_HAL_Driver/Src/stm32f4xx_hal_rtc.c.obj
                0x0800e342                HAL_RTC_WaitForSynchro
 .text.RTC_EnterInitMode
                0x0800e374       0x3c CMakeFiles/standardRobotBasicCode.elf.dir/Drivers/STM32F4xx_HAL_Driver/Src/stm32f4xx_hal_rtc.c.obj
                0x0800e374                RTC_EnterInitMode
 .text.HAL_RTC_Init
                0x0800e3b0       0xc4 CMakeFiles/standardRobotBasicCode.elf.dir/Drivers/STM32F4xx_HAL_Driver/Src/stm32f4xx_hal_rtc.c.obj
                0x0800e3b0                HAL_RTC_Init
 .text.SPI_WaitFlagStateUntilTimeout
                0x0800e474       0xd4 CMakeFiles/standardRobotBasicCode.elf.dir/Drivers/STM32F4xx_HAL_Driver/Src/stm32f4xx_hal_spi.c.obj
 .text.SPI_EndRxTxTransaction
                0x0800e548       0x68 CMakeFiles/standardRobotBasicCode.elf.dir/Drivers/STM32F4xx_HAL_Driver/Src/stm32f4xx_hal_spi.c.obj
 .text.HAL_SPI_Init
                0x0800e5b0       0xbe CMakeFiles/standardRobotBasicCode.elf.dir/Drivers/STM32F4xx_HAL_Driver/Src/stm32f4xx_hal_spi.c.obj
                0x0800e5b0                HAL_SPI_Init
 .text.HAL_SPI_TransmitReceive
                0x0800e66e      0x238 CMakeFiles/standardRobotBasicCode.elf.dir/Drivers/STM32F4xx_HAL_Driver/Src/stm32f4xx_hal_spi.c.obj
                0x0800e66e                HAL_SPI_TransmitReceive
 *fill*         0x0800e8a6        0x2 
 .text.TIM_OC1_SetConfig
                0x0800e8a8       0x68 CMakeFiles/standardRobotBasicCode.elf.dir/Drivers/STM32F4xx_HAL_Driver/Src/stm32f4xx_hal_tim.c.obj
 .text.TIM_OC3_SetConfig
                0x0800e910       0x70 CMakeFiles/standardRobotBasicCode.elf.dir/Drivers/STM32F4xx_HAL_Driver/Src/stm32f4xx_hal_tim.c.obj
 .text.TIM_OC4_SetConfig
                0x0800e980       0x50 CMakeFiles/standardRobotBasicCode.elf.dir/Drivers/STM32F4xx_HAL_Driver/Src/stm32f4xx_hal_tim.c.obj
 .text.TIM_TI1_ConfigInputStage
                0x0800e9d0       0x26 CMakeFiles/standardRobotBasicCode.elf.dir/Drivers/STM32F4xx_HAL_Driver/Src/stm32f4xx_hal_tim.c.obj
 .text.TIM_TI2_ConfigInputStage
                0x0800e9f6       0x28 CMakeFiles/standardRobotBasicCode.elf.dir/Drivers/STM32F4xx_HAL_Driver/Src/stm32f4xx_hal_tim.c.obj
 .text.TIM_ITRx_SetConfig
                0x0800ea1e       0x10 CMakeFiles/standardRobotBasicCode.elf.dir/Drivers/STM32F4xx_HAL_Driver/Src/stm32f4xx_hal_tim.c.obj
 .text.HAL_TIM_PWM_MspInit
                0x0800ea2e        0x2 CMakeFiles/standardRobotBasicCode.elf.dir/Drivers/STM32F4xx_HAL_Driver/Src/stm32f4xx_hal_tim.c.obj
                0x0800ea2e                HAL_TIM_PWM_MspInit
 .text.TIM_Base_SetConfig
                0x0800ea30       0xc8 CMakeFiles/standardRobotBasicCode.elf.dir/Drivers/STM32F4xx_HAL_Driver/Src/stm32f4xx_hal_tim.c.obj
                0x0800ea30                TIM_Base_SetConfig
 .text.HAL_TIM_Base_Init
                0x0800eaf8       0x58 CMakeFiles/standardRobotBasicCode.elf.dir/Drivers/STM32F4xx_HAL_Driver/Src/stm32f4xx_hal_tim.c.obj
                0x0800eaf8                HAL_TIM_Base_Init
 .text.HAL_TIM_PWM_Init
                0x0800eb50       0x58 CMakeFiles/standardRobotBasicCode.elf.dir/Drivers/STM32F4xx_HAL_Driver/Src/stm32f4xx_hal_tim.c.obj
                0x0800eb50                HAL_TIM_PWM_Init
 .text.TIM_OC2_SetConfig
                0x0800eba8       0x70 CMakeFiles/standardRobotBasicCode.elf.dir/Drivers/STM32F4xx_HAL_Driver/Src/stm32f4xx_hal_tim.c.obj
                0x0800eba8                TIM_OC2_SetConfig
 .text.HAL_TIM_PWM_ConfigChannel
                0x0800ec18       0xdc CMakeFiles/standardRobotBasicCode.elf.dir/Drivers/STM32F4xx_HAL_Driver/Src/stm32f4xx_hal_tim.c.obj
                0x0800ec18                HAL_TIM_PWM_ConfigChannel
 .text.TIM_ETR_SetConfig
                0x0800ecf4       0x1a CMakeFiles/standardRobotBasicCode.elf.dir/Drivers/STM32F4xx_HAL_Driver/Src/stm32f4xx_hal_tim.c.obj
                0x0800ecf4                TIM_ETR_SetConfig
 .text.HAL_TIM_ConfigClockSource
                0x0800ed0e       0xfe CMakeFiles/standardRobotBasicCode.elf.dir/Drivers/STM32F4xx_HAL_Driver/Src/stm32f4xx_hal_tim.c.obj
                0x0800ed0e                HAL_TIM_ConfigClockSource
 .text.HAL_TIMEx_MasterConfigSynchronization
                0x0800ee0c       0x8c CMakeFiles/standardRobotBasicCode.elf.dir/Drivers/STM32F4xx_HAL_Driver/Src/stm32f4xx_hal_tim_ex.c.obj
                0x0800ee0c                HAL_TIMEx_MasterConfigSynchronization
 .text.HAL_TIMEx_ConfigBreakDeadTime
                0x0800ee98       0x52 CMakeFiles/standardRobotBasicCode.elf.dir/Drivers/STM32F4xx_HAL_Driver/Src/stm32f4xx_hal_tim_ex.c.obj
                0x0800ee98                HAL_TIMEx_ConfigBreakDeadTime
 *fill*         0x0800eeea        0x2 
 .text.UART_SetConfig
                0x0800eeec      0x110 CMakeFiles/standardRobotBasicCode.elf.dir/Drivers/STM32F4xx_HAL_Driver/Src/stm32f4xx_hal_uart.c.obj
 .text.HAL_UART_Init
                0x0800effc       0x5e CMakeFiles/standardRobotBasicCode.elf.dir/Drivers/STM32F4xx_HAL_Driver/Src/stm32f4xx_hal_uart.c.obj
                0x0800effc                HAL_UART_Init
 *fill*         0x0800f05a        0x2 
 .text.USB_CoreReset
                0x0800f05c       0x4c CMakeFiles/standardRobotBasicCode.elf.dir/Drivers/STM32F4xx_HAL_Driver/Src/stm32f4xx_ll_usb.c.obj
 .text.USB_CoreInit
                0x0800f0a8       0x8a CMakeFiles/standardRobotBasicCode.elf.dir/Drivers/STM32F4xx_HAL_Driver/Src/stm32f4xx_ll_usb.c.obj
                0x0800f0a8                USB_CoreInit
 *fill*         0x0800f132        0x2 
 .text.USB_SetTurnaroundTime
                0x0800f134       0xe4 CMakeFiles/standardRobotBasicCode.elf.dir/Drivers/STM32F4xx_HAL_Driver/Src/stm32f4xx_ll_usb.c.obj
                0x0800f134                USB_SetTurnaroundTime
 .text.USB_EnableGlobalInt
                0x0800f218        0xc CMakeFiles/standardRobotBasicCode.elf.dir/Drivers/STM32F4xx_HAL_Driver/Src/stm32f4xx_ll_usb.c.obj
                0x0800f218                USB_EnableGlobalInt
 .text.USB_DisableGlobalInt
                0x0800f224        0xc CMakeFiles/standardRobotBasicCode.elf.dir/Drivers/STM32F4xx_HAL_Driver/Src/stm32f4xx_ll_usb.c.obj
                0x0800f224                USB_DisableGlobalInt
 .text.USB_FlushTxFifo
                0x0800f230       0x30 CMakeFiles/standardRobotBasicCode.elf.dir/Drivers/STM32F4xx_HAL_Driver/Src/stm32f4xx_ll_usb.c.obj
                0x0800f230                USB_FlushTxFifo
 .text.USB_FlushRxFifo
                0x0800f260       0x2c CMakeFiles/standardRobotBasicCode.elf.dir/Drivers/STM32F4xx_HAL_Driver/Src/stm32f4xx_ll_usb.c.obj
                0x0800f260                USB_FlushRxFifo
 .text.USB_SetDevSpeed
                0x0800f28c        0xe CMakeFiles/standardRobotBasicCode.elf.dir/Drivers/STM32F4xx_HAL_Driver/Src/stm32f4xx_ll_usb.c.obj
                0x0800f28c                USB_SetDevSpeed
 *fill*         0x0800f29a        0x2 
 .text.USB_DevInit
                0x0800f29c      0x190 CMakeFiles/standardRobotBasicCode.elf.dir/Drivers/STM32F4xx_HAL_Driver/Src/stm32f4xx_ll_usb.c.obj
                0x0800f29c                USB_DevInit
 .text.USB_GetDevSpeed
                0x0800f42c       0x22 CMakeFiles/standardRobotBasicCode.elf.dir/Drivers/STM32F4xx_HAL_Driver/Src/stm32f4xx_ll_usb.c.obj
                0x0800f42c                USB_GetDevSpeed