Archive member included to satisfy reference by file (symbol)

c:/progra~2/gnuarm~1/102021~1.07/bin/../lib/gcc/arm-none-eabi/10.3.1/thumb/v7e-m+fp/hard\libgcc.a(_aeabi_uldivmod.o)
                              CMakeFiles/standardRobotBasicCode.elf.dir/Drivers/STM32F4xx_HAL_Driver/Src/stm32f4xx_hal_rcc.c.obj (__aeabi_uldivmod)
c:/progra~2/gnuarm~1/102021~1.07/bin/../lib/gcc/arm-none-eabi/10.3.1/thumb/v7e-m+fp/hard\libgcc.a(_udivmoddi4.o)
                              c:/progra~2/gnuarm~1/102021~1.07/bin/../lib/gcc/arm-none-eabi/10.3.1/thumb/v7e-m+fp/hard\libgcc.a(_aeabi_uldivmod.o) (__udivmoddi4)
c:/progra~2/gnuarm~1/102021~1.07/bin/../lib/gcc/arm-none-eabi/10.3.1/thumb/v7e-m+fp/hard\libgcc.a(_dvmd_tls.o)
                              c:/progra~2/gnuarm~1/102021~1.07/bin/../lib/gcc/arm-none-eabi/10.3.1/thumb/v7e-m+fp/hard\libgcc.a(_aeabi_uldivmod.o) (__aeabi_ldiv0)
c:/progra~2/gnuarm~1/102021~1.07/bin/../lib/gcc/arm-none-eabi/10.3.1/../../../../arm-none-eabi/lib/thumb/v7e-m+fp/hard\libg.a(lib_a-errno.o)
                              CMakeFiles/standardRobotBasicCode.elf.dir/Core/Src/syscalls.c.obj (__errno)
c:/progra~2/gnuarm~1/102021~1.07/bin/../lib/gcc/arm-none-eabi/10.3.1/../../../../arm-none-eabi/lib/thumb/v7e-m+fp/hard\libg.a(lib_a-exit.o)
                              c:/progra~2/gnuarm~1/102021~1.07/bin/../lib/gcc/arm-none-eabi/10.3.1/../../../../arm-none-eabi/lib/thumb/v7e-m+fp/hard/crt0.o (exit)
c:/progra~2/gnuarm~1/102021~1.07/bin/../lib/gcc/arm-none-eabi/10.3.1/../../../../arm-none-eabi/lib/thumb/v7e-m+fp/hard\libg.a(lib_a-impure.o)
                              c:/progra~2/gnuarm~1/102021~1.07/bin/../lib/gcc/arm-none-eabi/10.3.1/../../../../arm-none-eabi/lib/thumb/v7e-m+fp/hard\libg.a(lib_a-exit.o) (_global_impure_ptr)
c:/progra~2/gnuarm~1/102021~1.07/bin/../lib/gcc/arm-none-eabi/10.3.1/../../../../arm-none-eabi/lib/thumb/v7e-m+fp/hard\libg.a(lib_a-init.o)
                              c:/progra~2/gnuarm~1/102021~1.07/bin/../lib/gcc/arm-none-eabi/10.3.1/../../../../arm-none-eabi/lib/thumb/v7e-m+fp/hard/crt0.o (__libc_init_array)
c:/progra~2/gnuarm~1/102021~1.07/bin/../lib/gcc/arm-none-eabi/10.3.1/../../../../arm-none-eabi/lib/thumb/v7e-m+fp/hard\libg.a(lib_a-memcpy.o)
                              CMakeFiles/standardRobotBasicCode.elf.dir/Middlewares/Third_Party/FreeRTOS/Source/queue.c.obj (memcpy)
c:/progra~2/gnuarm~1/102021~1.07/bin/../lib/gcc/arm-none-eabi/10.3.1/../../../../arm-none-eabi/lib/thumb/v7e-m+fp/hard\libg.a(lib_a-memset.o)
                              c:/progra~2/gnuarm~1/102021~1.07/bin/../lib/gcc/arm-none-eabi/10.3.1/../../../../arm-none-eabi/lib/thumb/v7e-m+fp/hard/crt0.o (memset)
c:/progra~2/gnuarm~1/102021~1.07/bin/../lib/gcc/arm-none-eabi/10.3.1/../../../../arm-none-eabi/lib/thumb/v7e-m+fp/hard\libg.a(lib_a-strlen.o)
                              CMakeFiles/standardRobotBasicCode.elf.dir/Middlewares/Third_Party/FreeRTOS/Source/tasks.c.obj (strlen)
c:/progra~2/gnuarm~1/102021~1.07/bin/../lib/gcc/arm-none-eabi/10.3.1/../../../../arm-none-eabi/lib/thumb/v7e-m+fp/hard\libg.a(lib_a-__call_atexit.o)
                              c:/progra~2/gnuarm~1/102021~1.07/bin/../lib/gcc/arm-none-eabi/10.3.1/../../../../arm-none-eabi/lib/thumb/v7e-m+fp/hard\libg.a(lib_a-exit.o) (__call_exitprocs)
c:/progra~2/gnuarm~1/102021~1.07/bin/../lib/gcc/arm-none-eabi/10.3.1/../../../../arm-none-eabi/lib/thumb/v7e-m+fp/hard\libg.a(lib_a-atexit.o)
                              c:/progra~2/gnuarm~1/102021~1.07/bin/../lib/gcc/arm-none-eabi/10.3.1/../../../../arm-none-eabi/lib/thumb/v7e-m+fp/hard\libg.a(lib_a-__call_atexit.o) (atexit)
c:/progra~2/gnuarm~1/102021~1.07/bin/../lib/gcc/arm-none-eabi/10.3.1/../../../../arm-none-eabi/lib/thumb/v7e-m+fp/hard\libg.a(lib_a-fini.o)
                              c:/progra~2/gnuarm~1/102021~1.07/bin/../lib/gcc/arm-none-eabi/10.3.1/../../../../arm-none-eabi/lib/thumb/v7e-m+fp/hard\libg.a(lib_a-__call_atexit.o) (__libc_fini_array)
c:/progra~2/gnuarm~1/102021~1.07/bin/../lib/gcc/arm-none-eabi/10.3.1/../../../../arm-none-eabi/lib/thumb/v7e-m+fp/hard\libg.a(lib_a-lock.o)
                              c:/progra~2/gnuarm~1/102021~1.07/bin/../lib/gcc/arm-none-eabi/10.3.1/../../../../arm-none-eabi/lib/thumb/v7e-m+fp/hard\libg.a(lib_a-__call_atexit.o) (__retarget_lock_acquire_recursive)
c:/progra~2/gnuarm~1/102021~1.07/bin/../lib/gcc/arm-none-eabi/10.3.1/../../../../arm-none-eabi/lib/thumb/v7e-m+fp/hard\libg.a(lib_a-__atexit.o)
                              c:/progra~2/gnuarm~1/102021~1.07/bin/../lib/gcc/arm-none-eabi/10.3.1/../../../../arm-none-eabi/lib/thumb/v7e-m+fp/hard\libg.a(lib_a-atexit.o) (__register_exitproc)

Discarded input sections

 .text          0x00000000        0x0 c:/progra~2/gnuarm~1/102021~1.07/bin/../lib/gcc/arm-none-eabi/10.3.1/thumb/v7e-m+fp/hard/crti.o
 .data          0x00000000        0x0 c:/progra~2/gnuarm~1/102021~1.07/bin/../lib/gcc/arm-none-eabi/10.3.1/thumb/v7e-m+fp/hard/crti.o
[...]
Memory Configuration

Name             Origin             Length             Attributes
RAM              0x20000000         0x00020000         xrw
CCMRAM           0x10000000         0x00010000         xrw
FLASH            0x08000000         0x00100000         xr
*default*        0x00000000         0xffffffff

Linker script and memory map

LOAD c:/progra~2/gnuarm~1/102021~1.07/bin/../lib/gcc/arm-none-eabi/10.3.1/thumb/v7e-m+fp/hard/crti.o
LOAD c:/progra~2/gnuarm~1/102021~1.07/bin/../lib/gcc/arm-none-eabi/10.3.1/thumb/v7e-m+fp/hard/crtbegin.o
LOAD c:/progra~2/gnuarm~1/102021~1.07/bin/../lib/gcc/arm-none-eabi/10.3.1/../../../../arm-none-eabi/lib/thumb/v7e-m+fp/hard/crt0.o
LOAD CMakeFiles/standardRobotBasicCode.elf.dir/Core/Src/adc.c.obj
LOAD CMakeFiles/standardRobotBasicCode.elf.dir/Core/Src/can.c.obj
LOAD CMakeFiles/standardRobotBasicCode.elf.dir/Core/Src/crc.c.obj
LOAD CMakeFiles/standardRobotBasicCode.elf.dir/Core/Src/dma.c.obj
LOAD CMakeFiles/standardRobotBasicCode.elf.dir/Core/Src/freertos.c.obj
LOAD CMakeFiles/standardRobotBasicCode.elf.dir/Core/Src/gpio.c.obj
LOAD CMakeFiles/standardRobotBasicCode.elf.dir/Core/Src/i2c.c.obj
LOAD CMakeFiles/standardRobotBasicCode.elf.dir/Core/Src/main.c.obj
LOAD CMakeFiles/standardRobotBasicCode.elf.dir/Core/Src/rtc.c.obj
LOAD CMakeFiles/standardRobotBasicCode.elf.dir/Core/Src/spi.c.obj
LOAD CMakeFiles/standardRobotBasicCode.elf.dir/Core/Src/stm32f4xx_hal_msp.c.obj
LOAD CMakeFiles/standardRobotBasicCode.elf.dir/Core/Src/stm32f4xx_it.c.obj
LOAD CMakeFiles/standardRobotBasicCode.elf.dir/Core/Src/syscalls.c.obj
LOAD CMakeFiles/standardRobotBasicCode.elf.dir/Core/Src/system_stm32f4xx.c.obj
LOAD CMakeFiles/standardRobotBasicCode.elf.dir/Core/Src/tim.c.obj
LOAD CMakeFiles/standardRobotBasicCode.elf.dir/Core/Src/usart.c.obj
LOAD CMakeFiles/standardRobotBasicCode.elf.dir/Drivers/STM32F4xx_HAL_Driver/Src/stm32f4xx_hal.c.obj
LOAD CMakeFiles/standardRobotBasicCode.elf.dir/Drivers/STM32F4xx_HAL_Driver/Src/stm32f4xx_hal_adc.c.obj
LOAD CMakeFiles/standardRobotBasicCode.elf.dir/Drivers/STM32F4xx_HAL_Driver/Src/stm32f4xx_hal_adc_ex.c.obj
LOAD CMakeFiles/standardRobotBasicCode.elf.dir/Drivers/STM32F4xx_HAL_Driver/Src/stm32f4xx_hal_can.c.obj
LOAD CMakeFiles/standardRobotBasicCode.elf.dir/Drivers/STM32F4xx_HAL_Driver/Src/stm32f4xx_hal_cortex.c.obj
LOAD CMakeFiles/standardRobotBasicCode.elf.dir/Drivers/STM32F4xx_HAL_Driver/Src/stm32f4xx_hal_crc.c.obj
LOAD CMakeFiles/standardRobotBasicCode.elf.dir/Drivers/STM32F4xx_HAL_Driver/Src/stm32f4xx_hal_dma.c.obj
LOAD CMakeFiles/standardRobotBasicCode.elf.dir/Drivers/STM32F4xx_HAL_Driver/Src/stm32f4xx_hal_dma_ex.c.obj
LOAD CMakeFiles/standardRobotBasicCode.elf.dir/Drivers/STM32F4xx_HAL_Driver/Src/stm32f4xx_hal_exti.c.obj
LOAD CMakeFiles/standardRobotBasicCode.elf.dir/Drivers/STM32F4xx_HAL_Driver/Src/stm32f4xx_hal_flash.c.obj
LOAD CMakeFiles/standardRobotBasicCode.elf.dir/Drivers/STM32F4xx_HAL_Driver/Src/stm32f4xx_hal_flash_ex.c.obj
LOAD CMakeFiles/standardRobotBasicCode.elf.dir/Drivers/STM32F4xx_HAL_Driver/Src/stm32f4xx_hal_flash_ramfunc.c.obj
LOAD CMakeFiles/standardRobotBasicCode.elf.dir/Drivers/STM32F4xx_HAL_Driver/Src/stm32f4xx_hal_gpio.c.obj
LOAD CMakeFiles/standardRobotBasicCode.elf.dir/Drivers/STM32F4xx_HAL_Driver/Src/stm32f4xx_hal_i2c.c.obj
LOAD CMakeFiles/standardRobotBasicCode.elf.dir/Drivers/STM32F4xx_HAL_Driver/Src/stm32f4xx_hal_i2c_ex.c.obj
LOAD CMakeFiles/standardRobotBasicCode.elf.dir/Drivers/STM32F4xx_HAL_Driver/Src/stm32f4xx_hal_pcd.c.obj
LOAD CMakeFiles/standardRobotBasicCode.elf.dir/Drivers/STM32F4xx_HAL_Driver/Src/stm32f4xx_hal_pcd_ex.c.obj
LOAD CMakeFiles/standardRobotBasicCode.elf.dir/Drivers/STM32F4xx_HAL_Driver/Src/stm32f4xx_hal_pwr.c.obj
LOAD CMakeFiles/standardRobotBasicCode.elf.dir/Drivers/STM32F4xx_HAL_Driver/Src/stm32f4xx_hal_pwr_ex.c.obj
LOAD CMakeFiles/standardRobotBasicCode.elf.dir/Drivers/STM32F4xx_HAL_Driver/Src/stm32f4xx_hal_rcc.c.obj
LOAD CMakeFiles/standardRobotBasicCode.elf.dir/Drivers/STM32F4xx_HAL_Driver/Src/stm32f4xx_hal_rcc_ex.c.obj
LOAD CMakeFiles/standardRobotBasicCode.elf.dir/Drivers/STM32F4xx_HAL_Driver/Src/stm32f4xx_hal_rtc.c.obj
LOAD CMakeFiles/standardRobotBasicCode.elf.dir/Drivers/STM32F4xx_HAL_Driver/Src/stm32f4xx_hal_rtc_ex.c.obj
LOAD CMakeFiles/standardRobotBasicCode.elf.dir/Drivers/STM32F4xx_HAL_Driver/Src/stm32f4xx_hal_spi.c.obj
LOAD CMakeFiles/standardRobotBasicCode.elf.dir/Drivers/STM32F4xx_HAL_Driver/Src/stm32f4xx_hal_tim.c.obj
LOAD CMakeFiles/standardRobotBasicCode.elf.dir/Drivers/STM32F4xx_HAL_Driver/Src/stm32f4xx_hal_tim_ex.c.obj
LOAD CMakeFiles/standardRobotBasicCode.elf.dir/Drivers/STM32F4xx_HAL_Driver/Src/stm32f4xx_hal_uart.c.obj
LOAD CMakeFiles/standardRobotBasicCode.elf.dir/Drivers/STM32F4xx_HAL_Driver/Src/stm32f4xx_ll_adc.c.obj
LOAD CMakeFiles/standardRobotBasicCode.elf.dir/Drivers/STM32F4xx_HAL_Driver/Src/stm32f4xx_ll_usb.c.obj
LOAD CMakeFiles/standardRobotBasicCode.elf.dir/Middlewares/ST/STM32_USB_Device_Library/Class/CDC/Src/usbd_cdc.c.obj
LOAD CMakeFiles/standardRobotBasicCode.elf.dir/Middlewares/ST/STM32_USB_Device_Library/Core/Src/usbd_core.c.obj
LOAD CMakeFiles/standardRobotBasicCode.elf.dir/Middlewares/ST/STM32_USB_Device_Library/Core/Src/usbd_ctlreq.c.obj
LOAD CMakeFiles/standardRobotBasicCode.elf.dir/Middlewares/ST/STM32_USB_Device_Library/Core/Src/usbd_ioreq.c.obj
LOAD CMakeFiles/standardRobotBasicCode.elf.dir/Middlewares/Third_Party/FreeRTOS/Source/CMSIS_RTOS/cmsis_os.c.obj
LOAD CMakeFiles/standardRobotBasicCode.elf.dir/Middlewares/Third_Party/FreeRTOS/Source/croutine.c.obj
LOAD CMakeFiles/standardRobotBasicCode.elf.dir/Middlewares/Third_Party/FreeRTOS/Source/event_groups.c.obj
LOAD CMakeFiles/standardRobotBasicCode.elf.dir/Middlewares/Third_Party/FreeRTOS/Source/list.c.obj
LOAD CMakeFiles/standardRobotBasicCode.elf.dir/Middlewares/Third_Party/FreeRTOS/Source/portable/GCC/ARM_CM4F/port.c.obj
LOAD CMakeFiles/standardRobotBasicCode.elf.dir/Middlewares/Third_Party/FreeRTOS/Source/portable/MemMang/heap_4.c.obj
LOAD CMakeFiles/standardRobotBasicCode.elf.dir/Middlewares/Third_Party/FreeRTOS/Source/queue.c.obj
LOAD CMakeFiles/standardRobotBasicCode.elf.dir/Middlewares/Third_Party/FreeRTOS/Source/stream_buffer.c.obj
LOAD CMakeFiles/standardRobotBasicCode.elf.dir/Middlewares/Third_Party/FreeRTOS/Source/tasks.c.obj
LOAD CMakeFiles/standardRobotBasicCode.elf.dir/Middlewares/Third_Party/FreeRTOS/Source/timers.c.obj
LOAD CMakeFiles/standardRobotBasicCode.elf.dir/USB_DEVICE/App/usb_device.c.obj
LOAD CMakeFiles/standardRobotBasicCode.elf.dir/USB_DEVICE/App/usbd_cdc_if.c.obj
LOAD CMakeFiles/standardRobotBasicCode.elf.dir/USB_DEVICE/App/usbd_desc.c.obj
LOAD CMakeFiles/standardRobotBasicCode.elf.dir/USB_DEVICE/Target/usbd_conf.c.obj
LOAD CMakeFiles/standardRobotBasicCode.elf.dir/startup/startup_stm32f407xx.s.obj
START GROUP
LOAD c:/progra~2/gnuarm~1/102021~1.07/bin/../lib/gcc/arm-none-eabi/10.3.1/thumb/v7e-m+fp/hard\libgcc.a
LOAD c:/progra~2/gnuarm~1/102021~1.07/bin/../lib/gcc/arm-none-eabi/10.3.1/../../../../arm-none-eabi/lib/thumb/v7e-m+fp/hard\libg.a
LOAD c:/progra~2/gnuarm~1/102021~1.07/bin/../lib/gcc/arm-none-eabi/10.3.1/../../../../arm-none-eabi/lib/thumb/v7e-m+fp/hard\libc.a
END GROUP
LOAD c:/progra~2/gnuarm~1/102021~1.07/bin/../lib/gcc/arm-none-eabi/10.3.1/thumb/v7e-m+fp/hard/crtend.o
LOAD c:/progra~2/gnuarm~1/102021~1.07/bin/../lib/gcc/arm-none-eabi/10.3.1/thumb/v7e-m+fp/hard/crtn.o
                0x20020000                _estack = 0x20020000
                0x00000200                _Min_Heap_Size = 0x200
                0x00000400                _Min_Stack_Size = 0x400

.isr_vector     0x08000000      0x188
                0x08000000                . = ALIGN (0x4)
 *(.isr_vector)
 .isr_vector    0x08000000      0x188 CMakeFiles/standardRobotBasicCode.elf.dir/startup/startup_stm32f407xx.s.obj
                0x08000000                g_pfnVectors
                0x08000188                . = ALIGN (0x4)

.text           0x08000190     0x8510
                0x08000190                . = ALIGN (0x4)
 *(.text)
 .text          0x08000190       0x40 c:/progra~2/gnuarm~1/102021~1.07/bin/../lib/gcc/arm-none-eabi/10.3.1/thumb/v7e-m+fp/hard/crtbegin.o
 .text          0x080001d0       0x30 c:/progra~2/gnuarm~1/102021~1.07/bin/../lib/gcc/arm-none-eabi/10.3.1/thumb/v7e-m+fp/hard\libgcc.a(_aeabi_uldivmod.o)
                0x080001d0                __aeabi_uldivmod
 .text          0x08000200      0x2d0 c:/progra~2/gnuarm~1/102021~1.07/bin/../lib/gcc/arm-none-eabi/10.3.1/thumb/v7e-m+fp/hard\libgcc.a(_udivmoddi4.o)
                0x08000200                __udivmoddi4
 .text          0x080004d0        0x4 c:/progra~2/gnuarm~1/102021~1.07/bin/../lib/gcc/arm-none-eabi/10.3.1/thumb/v7e-m+fp/hard\libgcc.a(_dvmd_tls.o)
                0x080004d0                __aeabi_idiv0
                0x080004d0                __aeabi_ldiv0
 .text          0x080004d4      0x134 c:/progra~2/gnuarm~1/102021~1.07/bin/../lib/gcc/arm-none-eabi/10.3.1/../../../../arm-none-eabi/lib/thumb/v7e-m+fp/hard\libg.a(lib_a-memcpy.o)
                0x080004d4                memcpy
 *(.text*)
 .text.MX_ADC1_Init
                0x08000608       0x70 CMakeFiles/standardRobotBasicCode.elf.dir/Core/Src/adc.c.obj
                0x08000608                MX_ADC1_Init
 .text.MX_ADC3_Init
                0x08000678       0x70 CMakeFiles/standardRobotBasicCode.elf.dir/Core/Src/adc.c.obj
                0x08000678                MX_ADC3_Init
 .text.HAL_ADC_MspInit
                0x080006e8       0x90 CMakeFiles/standardRobotBasicCode.elf.dir/Core/Src/adc.c.obj
                0x080006e8                HAL_ADC_MspInit
 .text.MX_CAN1_Init
                0x08000778       0x38 CMakeFiles/standardRobotBasicCode.elf.dir/Core/Src/can.c.obj
                0x08000778                MX_CAN1_Init
 .text.MX_CAN2_Init
                0x080007b0       0x40 CMakeFiles/standardRobotBasicCode.elf.dir/Core/Src/can.c.obj
                0x080007b0                MX_CAN2_Init
 .text.HAL_CAN_MspInit
                0x080007f0      0x120 CMakeFiles/standardRobotBasicCode.elf.dir/Core/Src/can.c.obj
                0x080007f0                HAL_CAN_MspInit
 .text.MX_CRC_Init
                0x08000910       0x20 CMakeFiles/standardRobotBasicCode.elf.dir/Core/Src/crc.c.obj
                0x08000910                MX_CRC_Init
 .text.HAL_CRC_MspInit
                0x08000930       0x30 CMakeFiles/standardRobotBasicCode.elf.dir/Core/Src/crc.c.obj
                0x08000930                HAL_CRC_MspInit
 .text.MX_DMA_Init
                0x08000960       0xa8 CMakeFiles/standardRobotBasicCode.elf.dir/Core/Src/dma.c.obj
                0x08000960                MX_DMA_Init
 .text.test_task
                0x08000a08        0xe CMakeFiles/standardRobotBasicCode.elf.dir/Core/Src/freertos.c.obj
                0x08000a08                test_task
 *fill*         0x08000a16        0x2 
 .text.vApplicationGetIdleTaskMemory
                0x08000a18       0x18 CMakeFiles/standardRobotBasicCode.elf.dir/Core/Src/freertos.c.obj
                0x08000a18                vApplicationGetIdleTaskMemory
 .text.vApplicationGetTimerTaskMemory
                0x08000a30       0x18 CMakeFiles/standardRobotBasicCode.elf.dir/Core/Src/freertos.c.obj
                0x08000a30                vApplicationGetTimerTaskMemory
 .text.MX_FREERTOS_Init
                0x08000a48       0x30 CMakeFiles/standardRobotBasicCode.elf.dir/Core/Src/freertos.c.obj
                0x08000a48                MX_FREERTOS_Init
 .text.MX_GPIO_Init
                0x08000a78      0x1fc CMakeFiles/standardRobotBasicCode.elf.dir/Core/Src/gpio.c.obj
                0x08000a78                MX_GPIO_Init
 .text.MX_I2C1_Init
                0x08000c74       0x3c CMakeFiles/standardRobotBasicCode.elf.dir/Core/Src/i2c.c.obj
                0x08000c74                MX_I2C1_Init
 .text.MX_I2C2_Init
                0x08000cb0       0x3c CMakeFiles/standardRobotBasicCode.elf.dir/Core/Src/i2c.c.obj
                0x08000cb0                MX_I2C2_Init
 .text.MX_I2C3_Init
                0x08000cec       0x3c CMakeFiles/standardRobotBasicCode.elf.dir/Core/Src/i2c.c.obj
                0x08000cec                MX_I2C3_Init
 .text.HAL_I2C_MspInit
                0x08000d28      0x194 CMakeFiles/standardRobotBasicCode.elf.dir/Core/Src/i2c.c.obj
                0x08000d28                HAL_I2C_MspInit
 .text.Error_Handler
                0x08000ebc        0x4 CMakeFiles/standardRobotBasicCode.elf.dir/Core/Src/main.c.obj
                0x08000ebc                Error_Handler
 .text.SystemClock_Config
                0x08000ec0       0xa8 CMakeFiles/standardRobotBasicCode.elf.dir/Core/Src/main.c.obj
                0x08000ec0                SystemClock_Config
 .text.main     0x08000f68       0x6c CMakeFiles/standardRobotBasicCode.elf.dir/Core/Src/main.c.obj
                0x08000f68                main
 .text.MX_RTC_Init
                0x08000fd4       0x34 CMakeFiles/standardRobotBasicCode.elf.dir/Core/Src/rtc.c.obj
                0x08000fd4                MX_RTC_Init
 .text.HAL_RTC_MspInit
                0x08001008       0x48 CMakeFiles/standardRobotBasicCode.elf.dir/Core/Src/rtc.c.obj
                0x08001008                HAL_RTC_MspInit
 .text.MX_SPI1_Init
                0x08001050       0x40 CMakeFiles/standardRobotBasicCode.elf.dir/Core/Src/spi.c.obj
                0x08001050                MX_SPI1_Init
 .text.MX_SPI2_Init
                0x08001090       0x48 CMakeFiles/standardRobotBasicCode.elf.dir/Core/Src/spi.c.obj
                0x08001090                MX_SPI2_Init
 .text.HAL_SPI_MspInit
                0x080010d8      0x178 CMakeFiles/standardRobotBasicCode.elf.dir/Core/Src/spi.c.obj
                0x080010d8                HAL_SPI_MspInit
 .text.HAL_MspInit
                0x08001250       0x44 CMakeFiles/standardRobotBasicCode.elf.dir/Core/Src/stm32f4xx_hal_msp.c.obj
                0x08001250                HAL_MspInit
 .text.NMI_Handler
                0x08001294        0x2 CMakeFiles/standardRobotBasicCode.elf.dir/Core/Src/stm32f4xx_it.c.obj
                0x08001294                NMI_Handler
 .text.HardFault_Handler
                0x08001296        0x2 CMakeFiles/standardRobotBasicCode.elf.dir/Core/Src/stm32f4xx_it.c.obj
                0x08001296                HardFault_Handler
 .text.MemManage_Handler
                0x08001298        0x2 CMakeFiles/standardRobotBasicCode.elf.dir/Core/Src/stm32f4xx_it.c.obj
                0x08001298                MemManage_Handler
 .text.BusFault_Handler
                0x0800129a        0x2 CMakeFiles/standardRobotBasicCode.elf.dir/Core/Src/stm32f4xx_it.c.obj
                0x0800129a                BusFault_Handler
 .text.UsageFault_Handler
                0x0800129c        0x2 CMakeFiles/standardRobotBasicCode.elf.dir/Core/Src/stm32f4xx_it.c.obj
                0x0800129c                UsageFault_Handler
 .text.DebugMon_Handler
                0x0800129e        0x2 CMakeFiles/standardRobotBasicCode.elf.dir/Core/Src/stm32f4xx_it.c.obj
                0x0800129e                DebugMon_Handler
 .text.SysTick_Handler
                0x080012a0       0x16 CMakeFiles/standardRobotBasicCode.elf.dir/Core/Src/stm32f4xx_it.c.obj
                0x080012a0                SysTick_Handler
 .text.EXTI0_IRQHandler
                0x080012b6        0xa CMakeFiles/standardRobotBasicCode.elf.dir/Core/Src/stm32f4xx_it.c.obj
                0x080012b6                EXTI0_IRQHandler
 .text.EXTI3_IRQHandler
                0x080012c0        0xa CMakeFiles/standardRobotBasicCode.elf.dir/Core/Src/stm32f4xx_it.c.obj
                0x080012c0                EXTI3_IRQHandler
 .text.EXTI4_IRQHandler
                0x080012ca        0xa CMakeFiles/standardRobotBasicCode.elf.dir/Core/Src/stm32f4xx_it.c.obj
                0x080012ca                EXTI4_IRQHandler
 .text.CAN1_RX0_IRQHandler
                0x080012d4       0x10 CMakeFiles/standardRobotBasicCode.elf.dir/Core/Src/stm32f4xx_it.c.obj
                0x080012d4                CAN1_RX0_IRQHandler
 .text.EXTI9_5_IRQHandler
                0x080012e4        0xa CMakeFiles/standardRobotBasicCode.elf.dir/Core/Src/stm32f4xx_it.c.obj
                0x080012e4                EXTI9_5_IRQHandler
 *fill*         0x080012ee        0x2 
 .text.DMA2_Stream1_IRQHandler
                0x080012f0       0x10 CMakeFiles/standardRobotBasicCode.elf.dir/Core/Src/stm32f4xx_it.c.obj
                0x080012f0                DMA2_Stream1_IRQHandler
 .text.DMA2_Stream2_IRQHandler
                0x08001300       0x10 CMakeFiles/standardRobotBasicCode.elf.dir/Core/Src/stm32f4xx_it.c.obj
                0x08001300                DMA2_Stream2_IRQHandler
 .text.DMA2_Stream3_IRQHandler
                0x08001310       0x10 CMakeFiles/standardRobotBasicCode.elf.dir/Core/Src/stm32f4xx_it.c.obj
                0x08001310                DMA2_Stream3_IRQHandler
 .text.CAN2_RX0_IRQHandler
                0x08001320       0x10 CMakeFiles/standardRobotBasicCode.elf.dir/Core/Src/stm32f4xx_it.c.obj
                0x08001320                CAN2_RX0_IRQHandler
 .text.OTG_FS_IRQHandler
                0x08001330       0x10 CMakeFiles/standardRobotBasicCode.elf.dir/Core/Src/stm32f4xx_it.c.obj
                0x08001330                OTG_FS_IRQHandler
 .text.DMA2_Stream6_IRQHandler
                0x08001340       0x10 CMakeFiles/standardRobotBasicCode.elf.dir/Core/Src/stm32f4xx_it.c.obj
                0x08001340                DMA2_Stream6_IRQHandler
 .text.DMA2_Stream7_IRQHandler
                0x08001350       0x10 CMakeFiles/standardRobotBasicCode.elf.dir/Core/Src/stm32f4xx_it.c.obj
                0x08001350                DMA2_Stream7_IRQHandler
 .text.SystemInit
                0x08001360       0x14 CMakeFiles/standardRobotBasicCode.elf.dir/Core/Src/system_stm32f4xx.c.obj
                0x08001360                SystemInit
 .text.HAL_TIM_Base_MspInit
                0x08001374       0xe4 CMakeFiles/standardRobotBasicCode.elf.dir/Core/Src/tim.c.obj
                0x08001374                HAL_TIM_Base_MspInit
 .text.HAL_TIM_MspPostInit
                0x08001458      0x1d0 CMakeFiles/standardRobotBasicCode.elf.dir/Core/Src/tim.c.obj
                0x08001458                HAL_TIM_MspPostInit
 .text.MX_TIM1_Init
                0x08001628      0x124 CMakeFiles/standardRobotBasicCode.elf.dir/Core/Src/tim.c.obj
                0x08001628                MX_TIM1_Init
 .text.MX_TIM3_Init
                0x0800174c       0xb0 CMakeFiles/standardRobotBasicCode.elf.dir/Core/Src/tim.c.obj
                0x0800174c                MX_TIM3_Init
 .text.MX_TIM4_Init
                0x080017fc       0xb0 CMakeFiles/standardRobotBasicCode.elf.dir/Core/Src/tim.c.obj
                0x080017fc                MX_TIM4_Init
 .text.MX_TIM5_Init
                0x080018ac       0xd4 CMakeFiles/standardRobotBasicCode.elf.dir/Core/Src/tim.c.obj
                0x080018ac                MX_TIM5_Init
 .text.MX_TIM8_Init
                0x08001980      0x100 CMakeFiles/standardRobotBasicCode.elf.dir/Core/Src/tim.c.obj
                0x08001980                MX_TIM8_Init
 .text.MX_TIM10_Init
                0x08001a80       0x74 CMakeFiles/standardRobotBasicCode.elf.dir/Core/Src/tim.c.obj
                0x08001a80                MX_TIM10_Init
 .text.MX_USART1_UART_Init
                0x08001af4       0x34 CMakeFiles/standardRobotBasicCode.elf.dir/Core/Src/usart.c.obj
                0x08001af4                MX_USART1_UART_Init
 .text.MX_USART3_UART_Init
                0x08001b28       0x34 CMakeFiles/standardRobotBasicCode.elf.dir/Core/Src/usart.c.obj
                0x08001b28                MX_USART3_UART_Init
 .text.MX_USART6_UART_Init
                0x08001b5c       0x34 CMakeFiles/standardRobotBasicCode.elf.dir/Core/Src/usart.c.obj
                0x08001b5c                MX_USART6_UART_Init
 .text.HAL_UART_MspInit
                0x08001b90      0x274 CMakeFiles/standardRobotBasicCode.elf.dir/Core/Src/usart.c.obj
                0x08001b90                HAL_UART_MspInit
 .text.HAL_InitTick
                0x08001e04       0x4c CMakeFiles/standardRobotBasicCode.elf.dir/Drivers/STM32F4xx_HAL_Driver/Src/stm32f4xx_hal.c.obj
                0x08001e04                HAL_InitTick
 .text.HAL_Init
                0x08001e50       0x34 CMakeFiles/standardRobotBasicCode.elf.dir/Drivers/STM32F4xx_HAL_Driver/Src/stm32f4xx_hal.c.obj
                0x08001e50                HAL_Init
 .text.HAL_IncTick
                0x08001e84       0x18 CMakeFiles/standardRobotBasicCode.elf.dir/Drivers/STM32F4xx_HAL_Driver/Src/stm32f4xx_hal.c.obj
                0x08001e84                HAL_IncTick
 .text.HAL_GetTick
                0x08001e9c        0xc CMakeFiles/standardRobotBasicCode.elf.dir/Drivers/STM32F4xx_HAL_Driver/Src/stm32f4xx_hal.c.obj
                0x08001e9c                HAL_GetTick
 .text.HAL_Delay
                0x08001ea8       0x28 CMakeFiles/standardRobotBasicCode.elf.dir/Drivers/STM32F4xx_HAL_Driver/Src/stm32f4xx_hal.c.obj
                0x08001ea8                HAL_Delay
 .text.ADC_Init
                0x08001ed0      0x134 CMakeFiles/standardRobotBasicCode.elf.dir/Drivers/STM32F4xx_HAL_Driver/Src/stm32f4xx_hal_adc.c.obj
 .text.HAL_ADC_Init
                0x08002004       0x56 CMakeFiles/standardRobotBasicCode.elf.dir/Drivers/STM32F4xx_HAL_Driver/Src/stm32f4xx_hal_adc.c.obj
                0x08002004                HAL_ADC_Init
 *fill*         0x0800205a        0x2 
 .text.HAL_ADC_ConfigChannel
                0x0800205c      0x198 CMakeFiles/standardRobotBasicCode.elf.dir/Drivers/STM32F4xx_HAL_Driver/Src/stm32f4xx_hal_adc.c.obj
                0x0800205c                HAL_ADC_ConfigChannel
 .text.HAL_CAN_Init
                0x080021f4      0x14c CMakeFiles/standardRobotBasicCode.elf.dir/Drivers/STM32F4xx_HAL_Driver/Src/stm32f4xx_hal_can.c.obj
                0x080021f4                HAL_CAN_Init
 .text.HAL_CAN_TxMailbox0CompleteCallback
                0x08002340        0x2 CMakeFiles/standardRobotBasicCode.elf.dir/Drivers/STM32F4xx_HAL_Driver/Src/stm32f4xx_hal_can.c.obj
                0x08002340                HAL_CAN_TxMailbox0CompleteCallback
 .text.HAL_CAN_TxMailbox1CompleteCallback
                0x08002342        0x2 CMakeFiles/standardRobotBasicCode.elf.dir/Drivers/STM32F4xx_HAL_Driver/Src/stm32f4xx_hal_can.c.obj
                0x08002342                HAL_CAN_TxMailbox1CompleteCallback
 .text.HAL_CAN_TxMailbox2CompleteCallback
                0x08002344        0x2 CMakeFiles/standardRobotBasicCode.elf.dir/Drivers/STM32F4xx_HAL_Driver/Src/stm32f4xx_hal_can.c.obj
                0x08002344                HAL_CAN_TxMailbox2CompleteCallback
 .text.HAL_CAN_TxMailbox0AbortCallback
                0x08002346        0x2 CMakeFiles/standardRobotBasicCode.elf.dir/Drivers/STM32F4xx_HAL_Driver/Src/stm32f4xx_hal_can.c.obj
                0x08002346                HAL_CAN_TxMailbox0AbortCallback
 .text.HAL_CAN_TxMailbox1AbortCallback
                0x08002348        0x2 CMakeFiles/standardRobotBasicCode.elf.dir/Drivers/STM32F4xx_HAL_Driver/Src/stm32f4xx_hal_can.c.obj
                0x08002348                HAL_CAN_TxMailbox1AbortCallback
 .text.HAL_CAN_TxMailbox2AbortCallback
                0x0800234a        0x2 CMakeFiles/standardRobotBasicCode.elf.dir/Drivers/STM32F4xx_HAL_Driver/Src/stm32f4xx_hal_can.c.obj
                0x0800234a                HAL_CAN_TxMailbox2AbortCallback
 .text.HAL_CAN_RxFifo0MsgPendingCallback
                0x0800234c        0x2 CMakeFiles/standardRobotBasicCode.elf.dir/Drivers/STM32F4xx_HAL_Driver/Src/stm32f4xx_hal_can.c.obj
                0x0800234c                HAL_CAN_RxFifo0MsgPendingCallback
 .text.HAL_CAN_RxFifo0FullCallback
                0x0800234e        0x2 CMakeFiles/standardRobotBasicCode.elf.dir/Drivers/STM32F4xx_HAL_Driver/Src/stm32f4xx_hal_can.c.obj
                0x0800234e                HAL_CAN_RxFifo0FullCallback
 .text.HAL_CAN_RxFifo1MsgPendingCallback
                0x08002350        0x2 CMakeFiles/standardRobotBasicCode.elf.dir/Drivers/STM32F4xx_HAL_Driver/Src/stm32f4xx_hal_can.c.obj
                0x08002350                HAL_CAN_RxFifo1MsgPendingCallback
 .text.HAL_CAN_RxFifo1FullCallback
                0x08002352        0x2 CMakeFiles/standardRobotBasicCode.elf.dir/Drivers/STM32F4xx_HAL_Driver/Src/stm32f4xx_hal_can.c.obj
                0x08002352                HAL_CAN_RxFifo1FullCallback
 .text.HAL_CAN_SleepCallback
                0x08002354        0x2 CMakeFiles/standardRobotBasicCode.elf.dir/Drivers/STM32F4xx_HAL_Driver/Src/stm32f4xx_hal_can.c.obj
                0x08002354                HAL_CAN_SleepCallback
 .text.HAL_CAN_WakeUpFromRxMsgCallback
                0x08002356        0x2 CMakeFiles/standardRobotBasicCode.elf.dir/Drivers/STM32F4xx_HAL_Driver/Src/stm32f4xx_hal_can.c.obj
                0x08002356                HAL_CAN_WakeUpFromRxMsgCallback
 .text.HAL_CAN_ErrorCallback
                0x08002358        0x2 CMakeFiles/standardRobotBasicCode.elf.dir/Drivers/STM32F4xx_HAL_Driver/Src/stm32f4xx_hal_can.c.obj
                0x08002358                HAL_CAN_ErrorCallback
 .text.HAL_CAN_IRQHandler
                0x0800235a      0x24a CMakeFiles/standardRobotBasicCode.elf.dir/Drivers/STM32F4xx_HAL_Driver/Src/stm32f4xx_hal_can.c.obj
                0x0800235a                HAL_CAN_IRQHandler
 .text.HAL_NVIC_SetPriorityGrouping
                0x080025a4       0x24 CMakeFiles/standardRobotBasicCode.elf.dir/Drivers/STM32F4xx_HAL_Driver/Src/stm32f4xx_hal_cortex.c.obj
                0x080025a4                HAL_NVIC_SetPriorityGrouping
 .text.HAL_NVIC_SetPriority
                0x080025c8       0x70 CMakeFiles/standardRobotBasicCode.elf.dir/Drivers/STM32F4xx_HAL_Driver/Src/stm32f4xx_hal_cortex.c.obj
                0x080025c8                HAL_NVIC_SetPriority
 .text.HAL_NVIC_EnableIRQ
                0x08002638       0x1c CMakeFiles/standardRobotBasicCode.elf.dir/Drivers/STM32F4xx_HAL_Driver/Src/stm32f4xx_hal_cortex.c.obj
                0x08002638                HAL_NVIC_EnableIRQ
 .text.HAL_SYSTICK_Config
                0x08002654       0x28 CMakeFiles/standardRobotBasicCode.elf.dir/Drivers/STM32F4xx_HAL_Driver/Src/stm32f4xx_hal_cortex.c.obj
                0x08002654                HAL_SYSTICK_Config
 .text.HAL_CRC_Init
                0x0800267c       0x1e CMakeFiles/standardRobotBasicCode.elf.dir/Drivers/STM32F4xx_HAL_Driver/Src/stm32f4xx_hal_crc.c.obj
                0x0800267c                HAL_CRC_Init
 *fill*         0x0800269a        0x2 
 .text.DMA_CalcBaseAndBitshift
                0x0800269c       0x44 CMakeFiles/standardRobotBasicCode.elf.dir/Drivers/STM32F4xx_HAL_Driver/Src/stm32f4xx_hal_dma.c.obj
 .text.DMA_CheckFifoParam
                0x080026e0       0x8e CMakeFiles/standardRobotBasicCode.elf.dir/Drivers/STM32F4xx_HAL_Driver/Src/stm32f4xx_hal_dma.c.obj
 *fill*         0x0800276e        0x2 
 .text.HAL_DMA_Init
                0x08002770       0xcc CMakeFiles/standardRobotBasicCode.elf.dir/Drivers/STM32F4xx_HAL_Driver/Src/stm32f4xx_hal_dma.c.obj
                0x08002770                HAL_DMA_Init
 .text.HAL_DMA_IRQHandler
                0x0800283c      0x1dc CMakeFiles/standardRobotBasicCode.elf.dir/Drivers/STM32F4xx_HAL_Driver/Src/stm32f4xx_hal_dma.c.obj
                0x0800283c                HAL_DMA_IRQHandler
 .text.HAL_GPIO_Init
                0x08002a18      0x1e4 CMakeFiles/standardRobotBasicCode.elf.dir/Drivers/STM32F4xx_HAL_Driver/Src/stm32f4xx_hal_gpio.c.obj
                0x08002a18                HAL_GPIO_Init
 .text.HAL_GPIO_WritePin
                0x08002bfc        0xc CMakeFiles/standardRobotBasicCode.elf.dir/Drivers/STM32F4xx_HAL_Driver/Src/stm32f4xx_hal_gpio.c.obj
                0x08002bfc                HAL_GPIO_WritePin
 .text.HAL_GPIO_EXTI_Callback
                0x08002c08        0x2 CMakeFiles/standardRobotBasicCode.elf.dir/Drivers/STM32F4xx_HAL_Driver/Src/stm32f4xx_hal_gpio.c.obj
                0x08002c08                HAL_GPIO_EXTI_Callback
 *fill*         0x08002c0a        0x2 
 .text.HAL_GPIO_EXTI_IRQHandler
                0x08002c0c       0x1c CMakeFiles/standardRobotBasicCode.elf.dir/Drivers/STM32F4xx_HAL_Driver/Src/stm32f4xx_hal_gpio.c.obj
                0x08002c0c                HAL_GPIO_EXTI_IRQHandler
 .text.HAL_I2C_Init
                0x08002c28      0x1bc CMakeFiles/standardRobotBasicCode.elf.dir/Drivers/STM32F4xx_HAL_Driver/Src/stm32f4xx_hal_i2c.c.obj
                0x08002c28                HAL_I2C_Init
 .text.PCD_WriteEmptyTxFifo
                0x08002de4       0xd0 CMakeFiles/standardRobotBasicCode.elf.dir/Drivers/STM32F4xx_HAL_Driver/Src/stm32f4xx_hal_pcd.c.obj
 .text.HAL_PCD_Init
                0x08002eb4      0x12e CMakeFiles/standardRobotBasicCode.elf.dir/Drivers/STM32F4xx_HAL_Driver/Src/stm32f4xx_hal_pcd.c.obj
                0x08002eb4                HAL_PCD_Init
 .text.HAL_PCD_Start
                0x08002fe2       0x42 CMakeFiles/standardRobotBasicCode.elf.dir/Drivers/STM32F4xx_HAL_Driver/Src/stm32f4xx_hal_pcd.c.obj
                0x08002fe2                HAL_PCD_Start
 .text.PCD_EP_OutXfrComplete_int
                0x08003024       0xf4 CMakeFiles/standardRobotBasicCode.elf.dir/Drivers/STM32F4xx_HAL_Driver/Src/stm32f4xx_hal_pcd.c.obj
 .text.PCD_EP_OutSetupPacket_int
                0x08003118       0x50 CMakeFiles/standardRobotBasicCode.elf.dir/Drivers/STM32F4xx_HAL_Driver/Src/stm32f4xx_hal_pcd.c.obj
 .text.HAL_PCD_IRQHandler
                0x08003168      0x476 CMakeFiles/standardRobotBasicCode.elf.dir/Drivers/STM32F4xx_HAL_Driver/Src/stm32f4xx_hal_pcd.c.obj
                0x08003168                HAL_PCD_IRQHandler
 .text.HAL_PCD_SetAddress
                0x080035de       0x28 CMakeFiles/standardRobotBasicCode.elf.dir/Drivers/STM32F4xx_HAL_Driver/Src/stm32f4xx_hal_pcd.c.obj
                0x080035de                HAL_PCD_SetAddress
 .text.HAL_PCD_EP_Open
                0x08003606       0x8a CMakeFiles/standardRobotBasicCode.elf.dir/Drivers/STM32F4xx_HAL_Driver/Src/stm32f4xx_hal_pcd.c.obj
                0x08003606                HAL_PCD_EP_Open
 .text.HAL_PCD_EP_Close
                0x08003690       0x72 CMakeFiles/standardRobotBasicCode.elf.dir/Drivers/STM32F4xx_HAL_Driver/Src/stm32f4xx_hal_pcd.c.obj
                0x08003690                HAL_PCD_EP_Close
 .text.HAL_PCD_EP_Receive
                0x08003702       0x5e CMakeFiles/standardRobotBasicCode.elf.dir/Drivers/STM32F4xx_HAL_Driver/Src/stm32f4xx_hal_pcd.c.obj
                0x08003702                HAL_PCD_EP_Receive
 .text.HAL_PCD_EP_GetRxCount
                0x08003760       0x12 CMakeFiles/standardRobotBasicCode.elf.dir/Drivers/STM32F4xx_HAL_Driver/Src/stm32f4xx_hal_pcd.c.obj
                0x08003760                HAL_PCD_EP_GetRxCount
 .text.HAL_PCD_EP_Transmit
                0x08003772       0x5e CMakeFiles/standardRobotBasicCode.elf.dir/Drivers/STM32F4xx_HAL_Driver/Src/stm32f4xx_hal_pcd.c.obj
                0x08003772                HAL_PCD_EP_Transmit
 .text.HAL_PCD_EP_SetStall
                0x080037d0       0x88 CMakeFiles/standardRobotBasicCode.elf.dir/Drivers/STM32F4xx_HAL_Driver/Src/stm32f4xx_hal_pcd.c.obj
                0x080037d0                HAL_PCD_EP_SetStall
 .text.HAL_PCD_EP_ClrStall
                0x08003858       0x76 CMakeFiles/standardRobotBasicCode.elf.dir/Drivers/STM32F4xx_HAL_Driver/Src/stm32f4xx_hal_pcd.c.obj
                0x08003858                HAL_PCD_EP_ClrStall
 .text.HAL_PCDEx_SetTxFiFo
                0x080038ce       0x4c CMakeFiles/standardRobotBasicCode.elf.dir/Drivers/STM32F4xx_HAL_Driver/Src/stm32f4xx_hal_pcd_ex.c.obj
                0x080038ce                HAL_PCDEx_SetTxFiFo
 .text.HAL_PCDEx_SetRxFiFo
                0x0800391a        0x8 CMakeFiles/standardRobotBasicCode.elf.dir/Drivers/STM32F4xx_HAL_Driver/Src/stm32f4xx_hal_pcd_ex.c.obj
                0x0800391a                HAL_PCDEx_SetRxFiFo
 .text.HAL_PCDEx_LPM_Callback
                0x08003922        0x2 CMakeFiles/standardRobotBasicCode.elf.dir/Drivers/STM32F4xx_HAL_Driver/Src/stm32f4xx_hal_pcd_ex.c.obj
                0x08003922                HAL_PCDEx_LPM_Callback
 .text.HAL_RCC_OscConfig
                0x08003924      0x3f8 CMakeFiles/standardRobotBasicCode.elf.dir/Drivers/STM32F4xx_HAL_Driver/Src/stm32f4xx_hal_rcc.c.obj
                0x08003924                HAL_RCC_OscConfig
 .text.HAL_RCC_GetSysClockFreq
                0x08003d1c       0xa4 CMakeFiles/standardRobotBasicCode.elf.dir/Drivers/STM32F4xx_HAL_Driver/Src/stm32f4xx_hal_rcc.c.obj
                0x08003d1c                HAL_RCC_GetSysClockFreq
 .text.HAL_RCC_ClockConfig
                0x08003dc0      0x160 CMakeFiles/standardRobotBasicCode.elf.dir/Drivers/STM32F4xx_HAL_Driver/Src/stm32f4xx_hal_rcc.c.obj
                0x08003dc0                HAL_RCC_ClockConfig
 .text.HAL_RCC_GetHCLKFreq
                0x08003f20        0xc CMakeFiles/standardRobotBasicCode.elf.dir/Drivers/STM32F4xx_HAL_Driver/Src/stm32f4xx_hal_rcc.c.obj
                0x08003f20                HAL_RCC_GetHCLKFreq
 .text.HAL_RCC_GetPCLK1Freq
                0x08003f2c       0x20 CMakeFiles/standardRobotBasicCode.elf.dir/Drivers/STM32F4xx_HAL_Driver/Src/stm32f4xx_hal_rcc.c.obj
                0x08003f2c                HAL_RCC_GetPCLK1Freq
 .text.HAL_RCC_GetPCLK2Freq
                0x08003f4c       0x20 CMakeFiles/standardRobotBasicCode.elf.dir/Drivers/STM32F4xx_HAL_Driver/Src/stm32f4xx_hal_rcc.c.obj
                0x08003f4c                HAL_RCC_GetPCLK2Freq
 .text.HAL_RCCEx_PeriphCLKConfig
                0x08003f6c      0x154 CMakeFiles/standardRobotBasicCode.elf.dir/Drivers/STM32F4xx_HAL_Driver/Src/stm32f4xx_hal_rcc_ex.c.obj
                0x08003f6c                HAL_RCCEx_PeriphCLKConfig
 .text.HAL_RTC_WaitForSynchro
                0x080040c0       0x32 CMakeFiles/standardRobotBasicCode.elf.dir/Drivers/STM32F4xx_HAL_Driver/Src/stm32f4xx_hal_rtc.c.obj
                0x080040c0                HAL_RTC_WaitForSynchro
 .text.RTC_EnterInitMode
                0x080040f2       0x3c CMakeFiles/standardRobotBasicCode.elf.dir/Drivers/STM32F4xx_HAL_Driver/Src/stm32f4xx_hal_rtc.c.obj
                0x080040f2                RTC_EnterInitMode
 .text.HAL_RTC_Init
                0x0800412e       0xc4 CMakeFiles/standardRobotBasicCode.elf.dir/Drivers/STM32F4xx_HAL_Driver/Src/stm32f4xx_hal_rtc.c.obj
                0x0800412e                HAL_RTC_Init
 .text.HAL_SPI_Init
                0x080041f2       0xbe CMakeFiles/standardRobotBasicCode.elf.dir/Drivers/STM32F4xx_HAL_Driver/Src/stm32f4xx_hal_spi.c.obj
                0x080041f2                HAL_SPI_Init
 .text.TIM_OC1_SetConfig
                0x080042b0       0x68 CMakeFiles/standardRobotBasicCode.elf.dir/Drivers/STM32F4xx_HAL_Driver/Src/stm32f4xx_hal_tim.c.obj
 .text.TIM_OC3_SetConfig
                0x08004318       0x70 CMakeFiles/standardRobotBasicCode.elf.dir/Drivers/STM32F4xx_HAL_Driver/Src/stm32f4xx_hal_tim.c.obj
 .text.TIM_OC4_SetConfig
                0x08004388       0x50 CMakeFiles/standardRobotBasicCode.elf.dir/Drivers/STM32F4xx_HAL_Driver/Src/stm32f4xx_hal_tim.c.obj
 .text.TIM_TI1_ConfigInputStage
                0x080043d8       0x26 CMakeFiles/standardRobotBasicCode.elf.dir/Drivers/STM32F4xx_HAL_Driver/Src/stm32f4xx_hal_tim.c.obj
 .text.TIM_TI2_ConfigInputStage
                0x080043fe       0x28 CMakeFiles/standardRobotBasicCode.elf.dir/Drivers/STM32F4xx_HAL_Driver/Src/stm32f4xx_hal_tim.c.obj
 .text.TIM_ITRx_SetConfig
                0x08004426       0x10 CMakeFiles/standardRobotBasicCode.elf.dir/Drivers/STM32F4xx_HAL_Driver/Src/stm32f4xx_hal_tim.c.obj
 .text.HAL_TIM_PWM_MspInit
                0x08004436        0x2 CMakeFiles/standardRobotBasicCode.elf.dir/Drivers/STM32F4xx_HAL_Driver/Src/stm32f4xx_hal_tim.c.obj
                0x08004436                HAL_TIM_PWM_MspInit
 .text.TIM_Base_SetConfig
                0x08004438       0xc8 CMakeFiles/standardRobotBasicCode.elf.dir/Drivers/STM32F4xx_HAL_Driver/Src/stm32f4xx_hal_tim.c.obj
                0x08004438                TIM_Base_SetConfig
 .text.HAL_TIM_Base_Init
                0x08004500       0x58 CMakeFiles/standardRobotBasicCode.elf.dir/Drivers/STM32F4xx_HAL_Driver/Src/stm32f4xx_hal_tim.c.obj
                0x08004500                HAL_TIM_Base_Init
 .text.HAL_TIM_PWM_Init
                0x08004558       0x58 CMakeFiles/standardRobotBasicCode.elf.dir/Drivers/STM32F4xx_HAL_Driver/Src/stm32f4xx_hal_tim.c.obj
                0x08004558                HAL_TIM_PWM_Init
 .text.TIM_OC2_SetConfig
                0x080045b0       0x70 CMakeFiles/standardRobotBasicCode.elf.dir/Drivers/STM32F4xx_HAL_Driver/Src/stm32f4xx_hal_tim.c.obj
                0x080045b0                TIM_OC2_SetConfig
 .text.HAL_TIM_PWM_ConfigChannel
                0x08004620       0xdc CMakeFiles/standardRobotBasicCode.elf.dir/Drivers/STM32F4xx_HAL_Driver/Src/stm32f4xx_hal_tim.c.obj
                0x08004620                HAL_TIM_PWM_ConfigChannel
 .text.TIM_ETR_SetConfig
                0x080046fc       0x1a CMakeFiles/standardRobotBasicCode.elf.dir/Drivers/STM32F4xx_HAL_Driver/Src/stm32f4xx_hal_tim.c.obj
                0x080046fc                TIM_ETR_SetConfig
 .text.HAL_TIM_ConfigClockSource
                0x08004716       0xfe CMakeFiles/standardRobotBasicCode.elf.dir/Drivers/STM32F4xx_HAL_Driver/Src/stm32f4xx_hal_tim.c.obj
                0x08004716                HAL_TIM_ConfigClockSource
 .text.HAL_TIMEx_MasterConfigSynchronization
                0x08004814       0x8c CMakeFiles/standardRobotBasicCode.elf.dir/Drivers/STM32F4xx_HAL_Driver/Src/stm32f4xx_hal_tim_ex.c.obj
                0x08004814                HAL_TIMEx_MasterConfigSynchronization
 .text.HAL_TIMEx_ConfigBreakDeadTime
                0x080048a0       0x52 CMakeFiles/standardRobotBasicCode.elf.dir/Drivers/STM32F4xx_HAL_Driver/Src/stm32f4xx_hal_tim_ex.c.obj
                0x080048a0                HAL_TIMEx_ConfigBreakDeadTime
 *fill*         0x080048f2        0x2 
 .text.UART_SetConfig
                0x080048f4      0x110 CMakeFiles/standardRobotBasicCode.elf.dir/Drivers/STM32F4xx_HAL_Driver/Src/stm32f4xx_hal_uart.c.obj
 .text.HAL_UART_Init
                0x08004a04       0x5e CMakeFiles/standardRobotBasicCode.elf.dir/Drivers/STM32F4xx_HAL_Driver/Src/stm32f4xx_hal_uart.c.obj
                0x08004a04                HAL_UART_Init
 *fill*         0x08004a62        0x2 
 .text.USB_CoreReset
                0x08004a64       0x4c CMakeFiles/standardRobotBasicCode.elf.dir/Drivers/STM32F4xx_HAL_Driver/Src/stm32f4xx_ll_usb.c.obj
 .text.USB_CoreInit
                0x08004ab0       0x8a CMakeFiles/standardRobotBasicCode.elf.dir/Drivers/STM32F4xx_HAL_Driver/Src/stm32f4xx_ll_usb.c.obj
                0x08004ab0                USB_CoreInit
 *fill*         0x08004b3a        0x2 
 .text.USB_SetTurnaroundTime
                0x08004b3c       0xe4 CMakeFiles/standardRobotBasicCode.elf.dir/Drivers/STM32F4xx_HAL_Driver/Src/stm32f4xx_ll_usb.c.obj
                0x08004b3c                USB_SetTurnaroundTime
 .text.USB_EnableGlobalInt
                0x08004c20        0xc CMakeFiles/standardRobotBasicCode.elf.dir/Drivers/STM32F4xx_HAL_Driver/Src/stm32f4xx_ll_usb.c.obj
                0x08004c20                USB_EnableGlobalInt
 .text.USB_DisableGlobalInt
                0x08004c2c        0xc CMakeFiles/standardRobotBasicCode.elf.dir/Drivers/STM32F4xx_HAL_Driver/Src/stm32f4xx_ll_usb.c.obj
                0x08004c2c                USB_DisableGlobalInt
 .text.USB_FlushTxFifo
                0x08004c38       0x30 CMakeFiles/standardRobotBasicCode.elf.dir/Drivers/STM32F4xx_HAL_Driver/Src/stm32f4xx_ll_usb.c.obj
                0x08004c38                USB_FlushTxFifo
 .text.USB_FlushRxFifo
                0x08004c68       0x2c CMakeFiles/standardRobotBasicCode.elf.dir/Drivers/STM32F4xx_HAL_Driver/Src/stm32f4xx_ll_usb.c.obj
                0x08004c68                USB_FlushRxFifo
 .text.USB_SetDevSpeed
                0x08004c94        0xe CMakeFiles/standardRobotBasicCode.elf.dir/Drivers/STM32F4xx_HAL_Driver/Src/stm32f4xx_ll_usb.c.obj
                0x08004c94                USB_SetDevSpeed
 *fill*         0x08004ca2        0x2 
 .text.USB_DevInit
                0x08004ca4      0x190 CMakeFiles/standardRobotBasicCode.elf.dir/Drivers/STM32F4xx_HAL_Driver/Src/stm32f4xx_ll_usb.c.obj
                0x08004ca4                USB_DevInit
 .text.USB_GetDevSpeed
                0x08004e34       0x22 CMakeFiles/standardRobotBasicCode.elf.dir/Drivers/STM32F4xx_HAL_Driver/Src/stm32f4xx_ll_usb.c.obj
                0x08004e34                USB_GetDevSpeed
 .text.USB_ActivateEndpoint
                0x08004e56       0x9c CMakeFiles/standardRobotBasicCode.elf.dir/Drivers/STM32F4xx_HAL_Driver/Src/stm32f4xx_ll_usb.c.obj
                0x08004e56                USB_ActivateEndpoint
 *fill*         0x08004ef2        0x2 
 .text.USB_DeactivateEndpoint
                0x08004ef4       0xe0 CMakeFiles/standardRobotBasicCode.elf.dir/Drivers/STM32F4xx_HAL_Driver/Src/stm32f4xx_ll_usb.c.obj
                0x08004ef4                USB_DeactivateEndpoint
 .text.USB_EP0StartXfer
                0x08004fd4      0x120 CMakeFiles/standardRobotBasicCode.elf.dir/Drivers/STM32F4xx_HAL_Driver/Src/stm32f4xx_ll_usb.c.obj
                0x08004fd4                USB_EP0StartXfer
 .text.USB_WritePacket
                0x080050f4       0x2e CMakeFiles/standardRobotBasicCode.elf.dir/Drivers/STM32F4xx_HAL_Driver/Src/stm32f4xx_ll_usb.c.obj
                0x080050f4                USB_WritePacket
 *fill*         0x08005122        0x2 
 .text.USB_EPStartXfer
                0x08005124      0x238 CMakeFiles/standardRobotBasicCode.elf.dir/Drivers/STM32F4xx_HAL_Driver/Src/stm32f4xx_ll_usb.c.obj
                0x08005124                USB_EPStartXfer
 .text.USB_ReadPacket
                0x0800535c       0x54 CMakeFiles/standardRobotBasicCode.elf.dir/Drivers/STM32F4xx_HAL_Driver/Src/stm32f4xx_ll_usb.c.obj
                0x0800535c                USB_ReadPacket
 .text.USB_EPSetStall
                0x080053b0       0x5a CMakeFiles/standardRobotBasicCode.elf.dir/Drivers/STM32F4xx_HAL_Driver/Src/stm32f4xx_ll_usb.c.obj
                0x080053b0                USB_EPSetStall
 .text.USB_EPClearStall
                0x0800540a       0x5c CMakeFiles/standardRobotBasicCode.elf.dir/Drivers/STM32F4xx_HAL_Driver/Src/stm32f4xx_ll_usb.c.obj
                0x0800540a                USB_EPClearStall
 .text.USB_SetDevAddress
                0x08005466       0x20 CMakeFiles/standardRobotBasicCode.elf.dir/Drivers/STM32F4xx_HAL_Driver/Src/stm32f4xx_ll_usb.c.obj
                0x08005466                USB_SetDevAddress
 .text.USB_DevConnect
                0x08005486       0x1c CMakeFiles/standardRobotBasicCode.elf.dir/Drivers/STM32F4xx_HAL_Driver/Src/stm32f4xx_ll_usb.c.obj
                0x08005486                USB_DevConnect
 .text.USB_DevDisconnect
                0x080054a2       0x1c CMakeFiles/standardRobotBasicCode.elf.dir/Drivers/STM32F4xx_HAL_Driver/Src/stm32f4xx_ll_usb.c.obj
                0x080054a2                USB_DevDisconnect
 .text.USB_ReadInterrupts
                0x080054be        0x8 CMakeFiles/standardRobotBasicCode.elf.dir/Drivers/STM32F4xx_HAL_Driver/Src/stm32f4xx_ll_usb.c.obj
                0x080054be                USB_ReadInterrupts
 .text.USB_ReadDevAllOutEpInterrupt
                0x080054c6       0x10 CMakeFiles/standardRobotBasicCode.elf.dir/Drivers/STM32F4xx_HAL_Driver/Src/stm32f4xx_ll_usb.c.obj
                0x080054c6                USB_ReadDevAllOutEpInterrupt
 .text.USB_ReadDevAllInEpInterrupt
                0x080054d6       0x10 CMakeFiles/standardRobotBasicCode.elf.dir/Drivers/STM32F4xx_HAL_Driver/Src/stm32f4xx_ll_usb.c.obj
                0x080054d6                USB_ReadDevAllInEpInterrupt
 .text.USB_ReadDevOutEPInterrupt
                0x080054e6       0x12 CMakeFiles/standardRobotBasicCode.elf.dir/Drivers/STM32F4xx_HAL_Driver/Src/stm32f4xx_ll_usb.c.obj
                0x080054e6                USB_ReadDevOutEPInterrupt
 .text.USB_ReadDevInEPInterrupt
                0x080054f8       0x28 CMakeFiles/standardRobotBasicCode.elf.dir/Drivers/STM32F4xx_HAL_Driver/Src/stm32f4xx_ll_usb.c.obj
                0x080054f8                USB_ReadDevInEPInterrupt
 .text.USB_GetMode
                0x08005520        0x8 CMakeFiles/standardRobotBasicCode.elf.dir/Drivers/STM32F4xx_HAL_Driver/Src/stm32f4xx_ll_usb.c.obj
                0x08005520                USB_GetMode
 .text.USB_SetCurrentMode
                0x08005528       0x62 CMakeFiles/standardRobotBasicCode.elf.dir/Drivers/STM32F4xx_HAL_Driver/Src/stm32f4xx_ll_usb.c.obj
                0x08005528                USB_SetCurrentMode
 .text.USB_ActivateSetup
                0x0800558a       0x20 CMakeFiles/standardRobotBasicCode.elf.dir/Drivers/STM32F4xx_HAL_Driver/Src/stm32f4xx_ll_usb.c.obj
                0x0800558a                USB_ActivateSetup
 *fill*         0x080055aa        0x2 
 .text.USB_EP0_OutStart
                0x080055ac       0x60 CMakeFiles/standardRobotBasicCode.elf.dir/Drivers/STM32F4xx_HAL_Driver/Src/stm32f4xx_ll_usb.c.obj
                0x080055ac                USB_EP0_OutStart
 .text.USBD_CDC_EP0_RxReady
                0x0800560c       0x36 CMakeFiles/standardRobotBasicCode.elf.dir/Middlewares/ST/STM32_USB_Device_Library/Class/CDC/Src/usbd_cdc.c.obj
 *fill*         0x08005642        0x2 
 .text.USBD_CDC_GetFSCfgDesc
                0x08005644        0xc CMakeFiles/standardRobotBasicCode.elf.dir/Middlewares/ST/STM32_USB_Device_Library/Class/CDC/Src/usbd_cdc.c.obj
 .text.USBD_CDC_GetHSCfgDesc
                0x08005650        0xc CMakeFiles/standardRobotBasicCode.elf.dir/Middlewares/ST/STM32_USB_Device_Library/Class/CDC/Src/usbd_cdc.c.obj
 .text.USBD_CDC_GetOtherSpeedCfgDesc
                0x0800565c        0xc CMakeFiles/standardRobotBasicCode.elf.dir/Middlewares/ST/STM32_USB_Device_Library/Class/CDC/Src/usbd_cdc.c.obj
 .text.USBD_CDC_GetDeviceQualifierDescriptor
                0x08005668        0xc CMakeFiles/standardRobotBasicCode.elf.dir/Middlewares/ST/STM32_USB_Device_Library/Class/CDC/Src/usbd_cdc.c.obj
                0x08005668                USBD_CDC_GetDeviceQualifierDescriptor
 .text.USBD_CDC_DataOut
                0x08005674       0x2a CMakeFiles/standardRobotBasicCode.elf.dir/Middlewares/ST/STM32_USB_Device_Library/Class/CDC/Src/usbd_cdc.c.obj
 .text.USBD_CDC_DataIn
                0x0800569e       0x6a CMakeFiles/standardRobotBasicCode.elf.dir/Middlewares/ST/STM32_USB_Device_Library/Class/CDC/Src/usbd_cdc.c.obj
 .text.USBD_CDC_Setup
                0x08005708       0xf4 CMakeFiles/standardRobotBasicCode.elf.dir/Middlewares/ST/STM32_USB_Device_Library/Class/CDC/Src/usbd_cdc.c.obj
 .text.USBD_CDC_DeInit
                0x080057fc       0x48 CMakeFiles/standardRobotBasicCode.elf.dir/Middlewares/ST/STM32_USB_Device_Library/Class/CDC/Src/usbd_cdc.c.obj
 .text.USBD_CDC_Init
                0x08005844       0xc2 CMakeFiles/standardRobotBasicCode.elf.dir/Middlewares/ST/STM32_USB_Device_Library/Class/CDC/Src/usbd_cdc.c.obj
 .text.USBD_CDC_RegisterInterface
                0x08005906        0xe CMakeFiles/standardRobotBasicCode.elf.dir/Middlewares/ST/STM32_USB_Device_Library/Class/CDC/Src/usbd_cdc.c.obj
                0x08005906                USBD_CDC_RegisterInterface
 .text.USBD_CDC_SetTxBuffer
                0x08005914       0x16 CMakeFiles/standardRobotBasicCode.elf.dir/Middlewares/ST/STM32_USB_Device_Library/Class/CDC/Src/usbd_cdc.c.obj
                0x08005914                USBD_CDC_SetTxBuffer
 .text.USBD_CDC_SetRxBuffer
                0x0800592a       0x12 CMakeFiles/standardRobotBasicCode.elf.dir/Middlewares/ST/STM32_USB_Device_Library/Class/CDC/Src/usbd_cdc.c.obj
                0x0800592a                USBD_CDC_SetRxBuffer
 .text.USBD_CDC_ReceivePacket
                0x0800593c       0x32 CMakeFiles/standardRobotBasicCode.elf.dir/Middlewares/ST/STM32_USB_Device_Library/Class/CDC/Src/usbd_cdc.c.obj
                0x0800593c                USBD_CDC_ReceivePacket
 .text.USBD_Init
                0x0800596e       0x2e CMakeFiles/standardRobotBasicCode.elf.dir/Middlewares/ST/STM32_USB_Device_Library/Core/Src/usbd_core.c.obj
                0x0800596e                USBD_Init
 .text.USBD_RegisterClass
                0x0800599c       0x2e CMakeFiles/standardRobotBasicCode.elf.dir/Middlewares/ST/STM32_USB_Device_Library/Core/Src/usbd_core.c.obj
                0x0800599c                USBD_RegisterClass
 .text.USBD_Start
                0x080059ca        0x8 CMakeFiles/standardRobotBasicCode.elf.dir/Middlewares/ST/STM32_USB_Device_Library/Core/Src/usbd_core.c.obj
                0x080059ca                USBD_Start
 .text.USBD_SetClassConfig
                0x080059d2       0x12 CMakeFiles/standardRobotBasicCode.elf.dir/Middlewares/ST/STM32_USB_Device_Library/Core/Src/usbd_core.c.obj
                0x080059d2                USBD_SetClassConfig
 .text.USBD_ClrClassConfig
                0x080059e4       0x10 CMakeFiles/standardRobotBasicCode.elf.dir/Middlewares/ST/STM32_USB_Device_Library/Core/Src/usbd_core.c.obj
                0x080059e4                USBD_ClrClassConfig
 .text.USBD_LL_SetupStage
                0x080059f4       0x58 CMakeFiles/standardRobotBasicCode.elf.dir/Middlewares/ST/STM32_USB_Device_Library/Core/Src/usbd_core.c.obj
                0x080059f4                USBD_LL_SetupStage
 .text.USBD_LL_DataOutStage
                0x08005a4c       0x78 CMakeFiles/standardRobotBasicCode.elf.dir/Middlewares/ST/STM32_USB_Device_Library/Core/Src/usbd_core.c.obj
                0x08005a4c                USBD_LL_DataOutStage
 .text.USBD_LL_DataInStage
                0x08005ac4       0xbe CMakeFiles/standardRobotBasicCode.elf.dir/Middlewares/ST/STM32_USB_Device_Library/Core/Src/usbd_core.c.obj
                0x08005ac4                USBD_LL_DataInStage
 .text.USBD_LL_Reset
                0x08005b82       0x5a CMakeFiles/standardRobotBasicCode.elf.dir/Middlewares/ST/STM32_USB_Device_Library/Core/Src/usbd_core.c.obj
                0x08005b82                USBD_LL_Reset
 .text.USBD_LL_SetSpeed
                0x08005bdc        0x6 CMakeFiles/standardRobotBasicCode.elf.dir/Middlewares/ST/STM32_USB_Device_Library/Core/Src/usbd_core.c.obj
                0x08005bdc                USBD_LL_SetSpeed
 .text.USBD_LL_Suspend
                0x08005be2       0x14 CMakeFiles/standardRobotBasicCode.elf.dir/Middlewares/ST/STM32_USB_Device_Library/Core/Src/usbd_core.c.obj
                0x08005be2                USBD_LL_Suspend
 .text.USBD_LL_Resume
                0x08005bf6       0x1a CMakeFiles/standardRobotBasicCode.elf.dir/Middlewares/ST/STM32_USB_Device_Library/Core/Src/usbd_core.c.obj
                0x08005bf6                USBD_LL_Resume
 .text.USBD_LL_SOF
                0x08005c10       0x28 CMakeFiles/standardRobotBasicCode.elf.dir/Middlewares/ST/STM32_USB_Device_Library/Core/Src/usbd_core.c.obj
                0x08005c10                USBD_LL_SOF
 .text.USBD_LL_IsoINIncomplete
                0x08005c38       0x28 CMakeFiles/standardRobotBasicCode.elf.dir/Middlewares/ST/STM32_USB_Device_Library/Core/Src/usbd_core.c.obj
                0x08005c38                USBD_LL_IsoINIncomplete
 .text.USBD_LL_IsoOUTIncomplete
                0x08005c60       0x28 CMakeFiles/standardRobotBasicCode.elf.dir/Middlewares/ST/STM32_USB_Device_Library/Core/Src/usbd_core.c.obj
                0x08005c60                USBD_LL_IsoOUTIncomplete
 .text.USBD_LL_DevConnected
                0x08005c88        0x4 CMakeFiles/standardRobotBasicCode.elf.dir/Middlewares/ST/STM32_USB_Device_Library/Core/Src/usbd_core.c.obj
                0x08005c88                USBD_LL_DevConnected
 .text.USBD_LL_DevDisconnected
                0x08005c8c       0x18 CMakeFiles/standardRobotBasicCode.elf.dir/Middlewares/ST/STM32_USB_Device_Library/Core/Src/usbd_core.c.obj
                0x08005c8c                USBD_LL_DevDisconnected
 .text.USBD_GetLen
                0x08005ca4       0x14 CMakeFiles/standardRobotBasicCode.elf.dir/Middlewares/ST/STM32_USB_Device_Library/Core/Src/usbd_ctlreq.c.obj
 .text.USBD_SetFeature
                0x08005cb8       0x14 CMakeFiles/standardRobotBasicCode.elf.dir/Middlewares/ST/STM32_USB_Device_Library/Core/Src/usbd_ctlreq.c.obj
 .text.USBD_ParseSetupRequest
                0x08005ccc       0x28 CMakeFiles/standardRobotBasicCode.elf.dir/Middlewares/ST/STM32_USB_Device_Library/Core/Src/usbd_ctlreq.c.obj
                0x08005ccc                USBD_ParseSetupRequest
 .text.USBD_CtlError
                0x08005cf4       0x14 CMakeFiles/standardRobotBasicCode.elf.dir/Middlewares/ST/STM32_USB_Device_Library/Core/Src/usbd_ctlreq.c.obj
                0x08005cf4                USBD_CtlError
 .text.USBD_GetDescriptor
                0x08005d08      0x18a CMakeFiles/standardRobotBasicCode.elf.dir/Middlewares/ST/STM32_USB_Device_Library/Core/Src/usbd_ctlreq.c.obj
 .text.USBD_SetAddress
                0x08005e92       0x50 CMakeFiles/standardRobotBasicCode.elf.dir/Middlewares/ST/STM32_USB_Device_Library/Core/Src/usbd_ctlreq.c.obj
 *fill*         0x08005ee2        0x2 
 .text.USBD_SetConfig
                0x08005ee4       0xc8 CMakeFiles/standardRobotBasicCode.elf.dir/Middlewares/ST/STM32_USB_Device_Library/Core/Src/usbd_ctlreq.c.obj
 .text.USBD_GetConfig
                0x08005fac       0x40 CMakeFiles/standardRobotBasicCode.elf.dir/Middlewares/ST/STM32_USB_Device_Library/Core/Src/usbd_ctlreq.c.obj
 .text.USBD_GetStatus
                0x08005fec       0x38 CMakeFiles/standardRobotBasicCode.elf.dir/Middlewares/ST/STM32_USB_Device_Library/Core/Src/usbd_ctlreq.c.obj
 .text.USBD_ClrFeature
                0x08006024       0x26 CMakeFiles/standardRobotBasicCode.elf.dir/Middlewares/ST/STM32_USB_Device_Library/Core/Src/usbd_ctlreq.c.obj
 .text.USBD_StdDevReq
                0x0800604a       0x70 CMakeFiles/standardRobotBasicCode.elf.dir/Middlewares/ST/STM32_USB_Device_Library/Core/Src/usbd_ctlreq.c.obj
                0x0800604a                USBD_StdDevReq
 .text.USBD_StdItfReq
                0x080060ba       0x68 CMakeFiles/standardRobotBasicCode.elf.dir/Middlewares/ST/STM32_USB_Device_Library/Core/Src/usbd_ctlreq.c.obj
                0x080060ba                USBD_StdItfReq
 .text.USBD_StdEPReq
                0x08006122      0x1ec CMakeFiles/standardRobotBasicCode.elf.dir/Middlewares/ST/STM32_USB_Device_Library/Core/Src/usbd_ctlreq.c.obj
                0x08006122                USBD_StdEPReq
 .text.USBD_GetString
                0x0800630e       0x3a CMakeFiles/standardRobotBasicCode.elf.dir/Middlewares/ST/STM32_USB_Device_Library/Core/Src/usbd_ctlreq.c.obj
                0x0800630e                USBD_GetString
 .text.USBD_CtlSendData
                0x08006348       0x1a CMakeFiles/standardRobotBasicCode.elf.dir/Middlewares/ST/STM32_USB_Device_Library/Core/Src/usbd_ioreq.c.obj
                0x08006348                USBD_CtlSendData
 .text.USBD_CtlContinueSendData
                0x08006362       0x10 CMakeFiles/standardRobotBasicCode.elf.dir/Middlewares/ST/STM32_USB_Device_Library/Core/Src/usbd_ioreq.c.obj
                0x08006362                USBD_CtlContinueSendData
 .text.USBD_CtlPrepareRx
                0x08006372       0x1e CMakeFiles/standardRobotBasicCode.elf.dir/Middlewares/ST/STM32_USB_Device_Library/Core/Src/usbd_ioreq.c.obj
                0x08006372                USBD_CtlPrepareRx
 .text.USBD_CtlContinueRx
                0x08006390       0x10 CMakeFiles/standardRobotBasicCode.elf.dir/Middlewares/ST/STM32_USB_Device_Library/Core/Src/usbd_ioreq.c.obj
                0x08006390                USBD_CtlContinueRx
 .text.USBD_CtlSendStatus
                0x080063a0       0x16 CMakeFiles/standardRobotBasicCode.elf.dir/Middlewares/ST/STM32_USB_Device_Library/Core/Src/usbd_ioreq.c.obj
                0x080063a0                USBD_CtlSendStatus
 .text.USBD_CtlReceiveStatus
                0x080063b6       0x16 CMakeFiles/standardRobotBasicCode.elf.dir/Middlewares/ST/STM32_USB_Device_Library/Core/Src/usbd_ioreq.c.obj
                0x080063b6                USBD_CtlReceiveStatus
 .text.makeFreeRtosPriority
                0x080063cc        0xc CMakeFiles/standardRobotBasicCode.elf.dir/Middlewares/Third_Party/FreeRTOS/Source/CMSIS_RTOS/cmsis_os.c.obj
 .text.osKernelStart
                0x080063d8        0xa CMakeFiles/standardRobotBasicCode.elf.dir/Middlewares/Third_Party/FreeRTOS/Source/CMSIS_RTOS/cmsis_os.c.obj
                0x080063d8                osKernelStart
 .text.osThreadCreate
                0x080063e2       0x6a CMakeFiles/standardRobotBasicCode.elf.dir/Middlewares/Third_Party/FreeRTOS/Source/CMSIS_RTOS/cmsis_os.c.obj
                0x080063e2                osThreadCreate
 .text.osDelay  0x0800644c        0xe CMakeFiles/standardRobotBasicCode.elf.dir/Middlewares/Third_Party/FreeRTOS/Source/CMSIS_RTOS/cmsis_os.c.obj
                0x0800644c                osDelay
 .text.vListInitialise
                0x0800645a       0x16 CMakeFiles/standardRobotBasicCode.elf.dir/Middlewares/Third_Party/FreeRTOS/Source/list.c.obj
                0x0800645a                vListInitialise
 .text.vListInitialiseItem
                0x08006470        0x6 CMakeFiles/standardRobotBasicCode.elf.dir/Middlewares/Third_Party/FreeRTOS/Source/list.c.obj
                0x08006470                vListInitialiseItem
 .text.vListInsertEnd
                0x08006476       0x16 CMakeFiles/standardRobotBasicCode.elf.dir/Middlewares/Third_Party/FreeRTOS/Source/list.c.obj
                0x08006476                vListInsertEnd
 .text.vListInsert
                0x0800648c       0x32 CMakeFiles/standardRobotBasicCode.elf.dir/Middlewares/Third_Party/FreeRTOS/Source/list.c.obj
                0x0800648c                vListInsert
 .text.uxListRemove
                0x080064be       0x26 CMakeFiles/standardRobotBasicCode.elf.dir/Middlewares/Third_Party/FreeRTOS/Source/list.c.obj
                0x080064be                uxListRemove
 .text.prvTaskExitError
                0x080064e4       0x40 CMakeFiles/standardRobotBasicCode.elf.dir/Middlewares/Third_Party/FreeRTOS/Source/portable/GCC/ARM_CM4F/port.c.obj
 .text.prvPortStartFirstTask
                0x08006524       0x28 CMakeFiles/standardRobotBasicCode.elf.dir/Middlewares/Third_Party/FreeRTOS/Source/portable/GCC/ARM_CM4F/port.c.obj
 .text.vPortEnableVFP
                0x0800654c       0x14 CMakeFiles/standardRobotBasicCode.elf.dir/Middlewares/Third_Party/FreeRTOS/Source/portable/GCC/ARM_CM4F/port.c.obj
 .text.pxPortInitialiseStack
                0x08006560       0x2c CMakeFiles/standardRobotBasicCode.elf.dir/Middlewares/Third_Party/FreeRTOS/Source/portable/GCC/ARM_CM4F/port.c.obj
                0x08006560                pxPortInitialiseStack
 *fill*         0x0800658c        0x4 
 .text.SVC_Handler
                0x08006590       0x24 CMakeFiles/standardRobotBasicCode.elf.dir/Middlewares/Third_Party/FreeRTOS/Source/portable/GCC/ARM_CM4F/port.c.obj
                0x08006590                SVC_Handler
 .text.vPortEnterCritical
                0x080065b4       0x44 CMakeFiles/standardRobotBasicCode.elf.dir/Middlewares/Third_Party/FreeRTOS/Source/portable/GCC/ARM_CM4F/port.c.obj
                0x080065b4                vPortEnterCritical
 .text.vPortExitCritical
                0x080065f8       0x2c CMakeFiles/standardRobotBasicCode.elf.dir/Middlewares/Third_Party/FreeRTOS/Source/portable/GCC/ARM_CM4F/port.c.obj
                0x080065f8                vPortExitCritical
 *fill*         0x08006624        0xc 
 .text.PendSV_Handler
                0x08006630       0x64 CMakeFiles/standardRobotBasicCode.elf.dir/Middlewares/Third_Party/FreeRTOS/Source/portable/GCC/ARM_CM4F/port.c.obj
                0x08006630                PendSV_Handler
 .text.xPortSysTickHandler
                0x08006694       0x2c CMakeFiles/standardRobotBasicCode.elf.dir/Middlewares/Third_Party/FreeRTOS/Source/portable/GCC/ARM_CM4F/port.c.obj
                0x08006694                xPortSysTickHandler
 .text.vPortSetupTimerInterrupt
                0x080066c0       0x28 CMakeFiles/standardRobotBasicCode.elf.dir/Middlewares/Third_Party/FreeRTOS/Source/portable/GCC/ARM_CM4F/port.c.obj
                0x080066c0                vPortSetupTimerInterrupt
 .text.xPortStartScheduler
                0x080066e8      0x118 CMakeFiles/standardRobotBasicCode.elf.dir/Middlewares/Third_Party/FreeRTOS/Source/portable/GCC/ARM_CM4F/port.c.obj
                0x080066e8                xPortStartScheduler
 .text.vPortValidateInterruptPriority
                0x08006800       0x5c CMakeFiles/standardRobotBasicCode.elf.dir/Middlewares/Third_Party/FreeRTOS/Source/portable/GCC/ARM_CM4F/port.c.obj
                0x08006800                vPortValidateInterruptPriority
 .text.prvHeapInit
                0x0800685c       0x64 CMakeFiles/standardRobotBasicCode.elf.dir/Middlewares/Third_Party/FreeRTOS/Source/portable/MemMang/heap_4.c.obj
 .text.prvInsertBlockIntoFreeList
                0x080068c0       0x64 CMakeFiles/standardRobotBasicCode.elf.dir/Middlewares/Third_Party/FreeRTOS/Source/portable/MemMang/heap_4.c.obj
 .text.pvPortMalloc
                0x08006924       0xfc CMakeFiles/standardRobotBasicCode.elf.dir/Middlewares/Third_Party/FreeRTOS/Source/portable/MemMang/heap_4.c.obj
                0x08006924                pvPortMalloc
 .text.vPortFree
                0x08006a20       0x7c CMakeFiles/standardRobotBasicCode.elf.dir/Middlewares/Third_Party/FreeRTOS/Source/portable/MemMang/heap_4.c.obj
                0x08006a20                vPortFree
 .text.prvIsQueueFull
                0x08006a9c       0x1e CMakeFiles/standardRobotBasicCode.elf.dir/Middlewares/Third_Party/FreeRTOS/Source/queue.c.obj
 .text.prvIsQueueEmpty
                0x08006aba       0x1a CMakeFiles/standardRobotBasicCode.elf.dir/Middlewares/Third_Party/FreeRTOS/Source/queue.c.obj
 .text.prvCopyDataToQueue
                0x08006ad4       0x76 CMakeFiles/standardRobotBasicCode.elf.dir/Middlewares/Third_Party/FreeRTOS/Source/queue.c.obj
 .text.prvCopyDataFromQueue
                0x08006b4a       0x24 CMakeFiles/standardRobotBasicCode.elf.dir/Middlewares/Third_Party/FreeRTOS/Source/queue.c.obj
 .text.prvUnlockQueue
                0x08006b6e       0x6e CMakeFiles/standardRobotBasicCode.elf.dir/Middlewares/Third_Party/FreeRTOS/Source/queue.c.obj
 .text.xQueueGenericReset
                0x08006bdc       0x84 CMakeFiles/standardRobotBasicCode.elf.dir/Middlewares/Third_Party/FreeRTOS/Source/queue.c.obj
                0x08006bdc                xQueueGenericReset
 .text.prvInitialiseNewQueue
                0x08006c60       0x1c CMakeFiles/standardRobotBasicCode.elf.dir/Middlewares/Third_Party/FreeRTOS/Source/queue.c.obj
 .text.xQueueGenericCreateStatic
                0x08006c7c       0x94 CMakeFiles/standardRobotBasicCode.elf.dir/Middlewares/Third_Party/FreeRTOS/Source/queue.c.obj
                0x08006c7c                xQueueGenericCreateStatic
 .text.xQueueGenericSend
                0x08006d10      0x188 CMakeFiles/standardRobotBasicCode.elf.dir/Middlewares/Third_Party/FreeRTOS/Source/queue.c.obj
                0x08006d10                xQueueGenericSend
 .text.xQueueGenericSendFromISR
                0x08006e98       0xce CMakeFiles/standardRobotBasicCode.elf.dir/Middlewares/Third_Party/FreeRTOS/Source/queue.c.obj
                0x08006e98                xQueueGenericSendFromISR
 .text.xQueueReceive
                0x08006f66      0x15e CMakeFiles/standardRobotBasicCode.elf.dir/Middlewares/Third_Party/FreeRTOS/Source/queue.c.obj
                0x08006f66                xQueueReceive
 .text.vQueueAddToRegistry
                0x080070c4       0x28 CMakeFiles/standardRobotBasicCode.elf.dir/Middlewares/Third_Party/FreeRTOS/Source/queue.c.obj
                0x080070c4                vQueueAddToRegistry
 .text.vQueueWaitForMessageRestricted
                0x080070ec       0x52 CMakeFiles/standardRobotBasicCode.elf.dir/Middlewares/Third_Party/FreeRTOS/Source/queue.c.obj
                0x080070ec                vQueueWaitForMessageRestricted
 *fill*         0x0800713e        0x2 
 .text.prvResetNextTaskUnblockTime
                0x08007140       0x2c CMakeFiles/standardRobotBasicCode.elf.dir/Middlewares/Third_Party/FreeRTOS/Source/tasks.c.obj
 .text.prvInitialiseNewTask
                0x0800716c       0xac CMakeFiles/standardRobotBasicCode.elf.dir/Middlewares/Third_Party/FreeRTOS/Source/tasks.c.obj
 .text.prvInitialiseTaskLists
                0x08007218       0x68 CMakeFiles/standardRobotBasicCode.elf.dir/Middlewares/Third_Party/FreeRTOS/Source/tasks.c.obj
 .text.prvAddNewTaskToReadyList
                0x08007280       0xa8 CMakeFiles/standardRobotBasicCode.elf.dir/Middlewares/Third_Party/FreeRTOS/Source/tasks.c.obj
 .text.prvDeleteTCB
                0x08007328       0x38 CMakeFiles/standardRobotBasicCode.elf.dir/Middlewares/Third_Party/FreeRTOS/Source/tasks.c.obj
 .text.prvCheckTasksWaitingTermination
                0x08007360       0x4c CMakeFiles/standardRobotBasicCode.elf.dir/Middlewares/Third_Party/FreeRTOS/Source/tasks.c.obj
 .text.prvIdleTask
                0x080073ac       0x28 CMakeFiles/standardRobotBasicCode.elf.dir/Middlewares/Third_Party/FreeRTOS/Source/tasks.c.obj
 .text.prvAddCurrentTaskToDelayedList
                0x080073d4       0xa0 CMakeFiles/standardRobotBasicCode.elf.dir/Middlewares/Third_Party/FreeRTOS/Source/tasks.c.obj
 .text.xTaskCreateStatic
                0x08007474       0x76 CMakeFiles/standardRobotBasicCode.elf.dir/Middlewares/Third_Party/FreeRTOS/Source/tasks.c.obj
                0x08007474                xTaskCreateStatic
 .text.xTaskCreate
                0x080074ea       0x68 CMakeFiles/standardRobotBasicCode.elf.dir/Middlewares/Third_Party/FreeRTOS/Source/tasks.c.obj
                0x080074ea                xTaskCreate
 *fill*         0x08007552        0x2 
 .text.vTaskStartScheduler
                0x08007554       0x9c CMakeFiles/standardRobotBasicCode.elf.dir/Middlewares/Third_Party/FreeRTOS/Source/tasks.c.obj
                0x08007554                vTaskStartScheduler
 .text.vTaskSuspendAll
                0x080075f0       0x10 CMakeFiles/standardRobotBasicCode.elf.dir/Middlewares/Third_Party/FreeRTOS/Source/tasks.c.obj
                0x080075f0                vTaskSuspendAll
 .text.xTaskGetTickCount
                0x08007600        0xc CMakeFiles/standardRobotBasicCode.elf.dir/Middlewares/Third_Party/FreeRTOS/Source/tasks.c.obj
                0x08007600                xTaskGetTickCount
 .text.xTaskIncrementTick
                0x0800760c      0x118 CMakeFiles/standardRobotBasicCode.elf.dir/Middlewares/Third_Party/FreeRTOS/Source/tasks.c.obj
                0x0800760c                xTaskIncrementTick
 .text.xTaskResumeAll
                0x08007724       0xf8 CMakeFiles/standardRobotBasicCode.elf.dir/Middlewares/Third_Party/FreeRTOS/Source/tasks.c.obj
                0x08007724                xTaskResumeAll
 .text.vTaskDelay
                0x0800781c       0x4c CMakeFiles/standardRobotBasicCode.elf.dir/Middlewares/Third_Party/FreeRTOS/Source/tasks.c.obj
                0x0800781c                vTaskDelay
 .text.vTaskSwitchContext
                0x08007868       0x98 CMakeFiles/standardRobotBasicCode.elf.dir/Middlewares/Third_Party/FreeRTOS/Source/tasks.c.obj
                0x08007868                vTaskSwitchContext
 .text.vTaskPlaceOnEventList
                0x08007900       0x30 CMakeFiles/standardRobotBasicCode.elf.dir/Middlewares/Third_Party/FreeRTOS/Source/tasks.c.obj
                0x08007900                vTaskPlaceOnEventList
 .text.vTaskPlaceOnEventListRestricted
                0x08007930       0x38 CMakeFiles/standardRobotBasicCode.elf.dir/Middlewares/Third_Party/FreeRTOS/Source/tasks.c.obj
                0x08007930                vTaskPlaceOnEventListRestricted
 .text.xTaskRemoveFromEventList
                0x08007968       0x8c CMakeFiles/standardRobotBasicCode.elf.dir/Middlewares/Third_Party/FreeRTOS/Source/tasks.c.obj
                0x08007968                xTaskRemoveFromEventList
 .text.vTaskInternalSetTimeOutState
                0x080079f4       0x18 CMakeFiles/standardRobotBasicCode.elf.dir/Middlewares/Third_Party/FreeRTOS/Source/tasks.c.obj
                0x080079f4                vTaskInternalSetTimeOutState
 .text.xTaskCheckForTimeOut
                0x08007a0c       0xa0 CMakeFiles/standardRobotBasicCode.elf.dir/Middlewares/Third_Party/FreeRTOS/Source/tasks.c.obj
                0x08007a0c                xTaskCheckForTimeOut
 .text.vTaskMissedYield
                0x08007aac        0xc CMakeFiles/standardRobotBasicCode.elf.dir/Middlewares/Third_Party/FreeRTOS/Source/tasks.c.obj
                0x08007aac                vTaskMissedYield
 .text.xTaskGetSchedulerState
                0x08007ab8       0x20 CMakeFiles/standardRobotBasicCode.elf.dir/Middlewares/Third_Party/FreeRTOS/Source/tasks.c.obj
                0x08007ab8                xTaskGetSchedulerState
 .text.xTaskPriorityDisinherit
                0x08007ad8       0xb4 CMakeFiles/standardRobotBasicCode.elf.dir/Middlewares/Third_Party/FreeRTOS/Source/tasks.c.obj
                0x08007ad8                xTaskPriorityDisinherit
 .text.prvGetNextExpireTime
                0x08007b8c       0x20 CMakeFiles/standardRobotBasicCode.elf.dir/Middlewares/Third_Party/FreeRTOS/Source/timers.c.obj
 .text.prvInsertTimerInActiveList
                0x08007bac       0x48 CMakeFiles/standardRobotBasicCode.elf.dir/Middlewares/Third_Party/FreeRTOS/Source/timers.c.obj
 .text.prvCheckForValidListAndQueue
                0x08007bf4       0x70 CMakeFiles/standardRobotBasicCode.elf.dir/Middlewares/Third_Party/FreeRTOS/Source/timers.c.obj
 .text.xTimerCreateTimerTask
                0x08007c64       0x64 CMakeFiles/standardRobotBasicCode.elf.dir/Middlewares/Third_Party/FreeRTOS/Source/timers.c.obj
                0x08007c64                xTimerCreateTimerTask
 .text.xTimerGenericCommand
                0x08007cc8       0x6c CMakeFiles/standardRobotBasicCode.elf.dir/Middlewares/Third_Party/FreeRTOS/Source/timers.c.obj
                0x08007cc8                xTimerGenericCommand
 .text.prvSwitchTimerLists
                0x08007d34       0x7c CMakeFiles/standardRobotBasicCode.elf.dir/Middlewares/Third_Party/FreeRTOS/Source/timers.c.obj
 .text.prvSampleTimeNow
                0x08007db0       0x2c CMakeFiles/standardRobotBasicCode.elf.dir/Middlewares/Third_Party/FreeRTOS/Source/timers.c.obj
 .text.prvProcessExpiredTimer
                0x08007ddc       0x6c CMakeFiles/standardRobotBasicCode.elf.dir/Middlewares/Third_Party/FreeRTOS/Source/timers.c.obj
 .text.prvProcessTimerOrBlockTask
                0x08007e48       0x74 CMakeFiles/standardRobotBasicCode.elf.dir/Middlewares/Third_Party/FreeRTOS/Source/timers.c.obj
 .text.prvProcessReceivedCommands
                0x08007ebc      0x10c CMakeFiles/standardRobotBasicCode.elf.dir/Middlewares/Third_Party/FreeRTOS/Source/timers.c.obj
 .text.prvTimerTask
                0x08007fc8       0x16 CMakeFiles/standardRobotBasicCode.elf.dir/Middlewares/Third_Party/FreeRTOS/Source/timers.c.obj
 *fill*         0x08007fde        0x2 
 .text.MX_USB_DEVICE_Init
                0x08007fe0       0x54 CMakeFiles/standardRobotBasicCode.elf.dir/USB_DEVICE/App/usb_device.c.obj
                0x08007fe0                MX_USB_DEVICE_Init
 .text.CDC_DeInit_FS
                0x08008034        0x4 CMakeFiles/standardRobotBasicCode.elf.dir/USB_DEVICE/App/usbd_cdc_if.c.obj
 .text.CDC_Control_FS
                0x08008038        0x4 CMakeFiles/standardRobotBasicCode.elf.dir/USB_DEVICE/App/usbd_cdc_if.c.obj
 .text.CDC_TransmitCplt_FS
                0x0800803c        0x4 CMakeFiles/standardRobotBasicCode.elf.dir/USB_DEVICE/App/usbd_cdc_if.c.obj
 .text.CDC_Receive_FS
                0x08008040       0x1c CMakeFiles/standardRobotBasicCode.elf.dir/USB_DEVICE/App/usbd_cdc_if.c.obj
 .text.CDC_Init_FS
                0x0800805c       0x28 CMakeFiles/standardRobotBasicCode.elf.dir/USB_DEVICE/App/usbd_cdc_if.c.obj
 .text.USBD_FS_DeviceDescriptor
                0x08008084        0xc CMakeFiles/standardRobotBasicCode.elf.dir/USB_DEVICE/App/usbd_desc.c.obj
                0x08008084                USBD_FS_DeviceDescriptor
 .text.USBD_FS_LangIDStrDescriptor
                0x08008090        0xc CMakeFiles/standardRobotBasicCode.elf.dir/USB_DEVICE/App/usbd_desc.c.obj
                0x08008090                USBD_FS_LangIDStrDescriptor
 .text.IntToUnicode
                0x0800809c       0x46 CMakeFiles/standardRobotBasicCode.elf.dir/USB_DEVICE/App/usbd_desc.c.obj
 *fill*         0x080080e2        0x2 
 .text.Get_SerialNum
                0x080080e4       0x38 CMakeFiles/standardRobotBasicCode.elf.dir/USB_DEVICE/App/usbd_desc.c.obj
 .text.USBD_FS_SerialStrDescriptor
                0x0800811c       0x14 CMakeFiles/standardRobotBasicCode.elf.dir/USB_DEVICE/App/usbd_desc.c.obj
                0x0800811c                USBD_FS_SerialStrDescriptor
 .text.USBD_FS_ProductStrDescriptor
                0x08008130       0x24 CMakeFiles/standardRobotBasicCode.elf.dir/USB_DEVICE/App/usbd_desc.c.obj
                0x08008130                USBD_FS_ProductStrDescriptor
 .text.USBD_FS_ManufacturerStrDescriptor
                0x08008154       0x1c CMakeFiles/standardRobotBasicCode.elf.dir/USB_DEVICE/App/usbd_desc.c.obj
                0x08008154                USBD_FS_ManufacturerStrDescriptor
 .text.USBD_FS_ConfigStrDescriptor
                0x08008170       0x24 CMakeFiles/standardRobotBasicCode.elf.dir/USB_DEVICE/App/usbd_desc.c.obj
                0x08008170                USBD_FS_ConfigStrDescriptor
 .text.USBD_FS_InterfaceStrDescriptor
                0x08008194       0x24 CMakeFiles/standardRobotBasicCode.elf.dir/USB_DEVICE/App/usbd_desc.c.obj
                0x08008194                USBD_FS_InterfaceStrDescriptor
 .text.HAL_PCD_MspInit
                0x080081b8       0x84 CMakeFiles/standardRobotBasicCode.elf.dir/USB_DEVICE/Target/usbd_conf.c.obj
                0x080081b8                HAL_PCD_MspInit
 .text.HAL_PCD_SetupStageCallback
                0x0800823c       0x10 CMakeFiles/standardRobotBasicCode.elf.dir/USB_DEVICE/Target/usbd_conf.c.obj
                0x0800823c                HAL_PCD_SetupStageCallback
 .text.HAL_PCD_DataOutStageCallback
                0x0800824c       0x18 CMakeFiles/standardRobotBasicCode.elf.dir/USB_DEVICE/Target/usbd_conf.c.obj
                0x0800824c                HAL_PCD_DataOutStageCallback
 .text.HAL_PCD_DataInStageCallback
                0x08008264       0x16 CMakeFiles/standardRobotBasicCode.elf.dir/USB_DEVICE/Target/usbd_conf.c.obj
                0x08008264                HAL_PCD_DataInStageCallback
 .text.HAL_PCD_SOFCallback
                0x0800827a        0xc CMakeFiles/standardRobotBasicCode.elf.dir/USB_DEVICE/Target/usbd_conf.c.obj
                0x0800827a                HAL_PCD_SOFCallback
 .text.HAL_PCD_ResetCallback
                0x08008286       0x2c CMakeFiles/standardRobotBasicCode.elf.dir/USB_DEVICE/Target/usbd_conf.c.obj
                0x08008286                HAL_PCD_ResetCallback
 *fill*         0x080082b2        0x2 
 .text.HAL_PCD_SuspendCallback
                0x080082b4       0x30 CMakeFiles/standardRobotBasicCode.elf.dir/USB_DEVICE/Target/usbd_conf.c.obj
                0x080082b4                HAL_PCD_SuspendCallback
 .text.HAL_PCD_ResumeCallback
                0x080082e4        0xc CMakeFiles/standardRobotBasicCode.elf.dir/USB_DEVICE/Target/usbd_conf.c.obj
                0x080082e4                HAL_PCD_ResumeCallback
 .text.HAL_PCD_ISOOUTIncompleteCallback
                0x080082f0        0xc CMakeFiles/standardRobotBasicCode.elf.dir/USB_DEVICE/Target/usbd_conf.c.obj
                0x080082f0                HAL_PCD_ISOOUTIncompleteCallback
 .text.HAL_PCD_ISOINIncompleteCallback
                0x080082fc        0xc CMakeFiles/standardRobotBasicCode.elf.dir/USB_DEVICE/Target/usbd_conf.c.obj
                0x080082fc                HAL_PCD_ISOINIncompleteCallback
 .text.HAL_PCD_ConnectCallback
                0x08008308        0xc CMakeFiles/standardRobotBasicCode.elf.dir/USB_DEVICE/Target/usbd_conf.c.obj
                0x08008308                HAL_PCD_ConnectCallback
 .text.HAL_PCD_DisconnectCallback
                0x08008314        0xc CMakeFiles/standardRobotBasicCode.elf.dir/USB_DEVICE/Target/usbd_conf.c.obj
                0x08008314                HAL_PCD_DisconnectCallback
 .text.USBD_LL_Init
                0x08008320       0x68 CMakeFiles/standardRobotBasicCode.elf.dir/USB_DEVICE/Target/usbd_conf.c.obj
                0x08008320                USBD_LL_Init
 .text.USBD_LL_IsStallEP
                0x08008388       0x2e CMakeFiles/standardRobotBasicCode.elf.dir/USB_DEVICE/Target/usbd_conf.c.obj
                0x08008388                USBD_LL_IsStallEP
 .text.USBD_LL_GetRxDataSize
                0x080083b6        0xc CMakeFiles/standardRobotBasicCode.elf.dir/USB_DEVICE/Target/usbd_conf.c.obj
                0x080083b6                USBD_LL_GetRxDataSize
 *fill*         0x080083c2        0x2 
 .text.USBD_static_malloc
                0x080083c4        0x8 CMakeFiles/standardRobotBasicCode.elf.dir/USB_DEVICE/Target/usbd_conf.c.obj
                0x080083c4                USBD_static_malloc
 .text.USBD_static_free
                0x080083cc        0x2 CMakeFiles/standardRobotBasicCode.elf.dir/USB_DEVICE/Target/usbd_conf.c.obj
                0x080083cc                USBD_static_free
 .text.USBD_Get_USB_Status
                0x080083ce       0x14 CMakeFiles/standardRobotBasicCode.elf.dir/USB_DEVICE/Target/usbd_conf.c.obj
                0x080083ce                USBD_Get_USB_Status
 .text.USBD_LL_Start
                0x080083e2       0x10 CMakeFiles/standardRobotBasicCode.elf.dir/USB_DEVICE/Target/usbd_conf.c.obj
                0x080083e2                USBD_LL_Start
 .text.USBD_LL_OpenEP
                0x080083f2       0x16 CMakeFiles/standardRobotBasicCode.elf.dir/USB_DEVICE/Target/usbd_conf.c.obj
                0x080083f2                USBD_LL_OpenEP
 .text.USBD_LL_CloseEP
                0x08008408       0x10 CMakeFiles/standardRobotBasicCode.elf.dir/USB_DEVICE/Target/usbd_conf.c.obj
                0x08008408                USBD_LL_CloseEP
 .text.USBD_LL_StallEP
                0x08008418       0x10 CMakeFiles/standardRobotBasicCode.elf.dir/USB_DEVICE/Target/usbd_conf.c.obj
                0x08008418                USBD_LL_StallEP
 .text.USBD_LL_ClearStallEP
                0x08008428       0x10 CMakeFiles/standardRobotBasicCode.elf.dir/USB_DEVICE/Target/usbd_conf.c.obj
                0x08008428                USBD_LL_ClearStallEP
 .text.USBD_LL_SetUSBAddress
                0x08008438       0x10 CMakeFiles/standardRobotBasicCode.elf.dir/USB_DEVICE/Target/usbd_conf.c.obj
                0x08008438                USBD_LL_SetUSBAddress
 .text.USBD_LL_Transmit
                0x08008448       0x10 CMakeFiles/standardRobotBasicCode.elf.dir/USB_DEVICE/Target/usbd_conf.c.obj
                0x08008448                USBD_LL_Transmit
 .text.USBD_LL_PrepareReceive
                0x08008458       0x10 CMakeFiles/standardRobotBasicCode.elf.dir/USB_DEVICE/Target/usbd_conf.c.obj
                0x08008458                USBD_LL_PrepareReceive
 .text.Reset_Handler
                0x08008468       0x50 CMakeFiles/standardRobotBasicCode.elf.dir/startup/startup_stm32f407xx.s.obj
                0x08008468                Reset_Handler
 .text.Default_Handler
                0x080084b8        0x2 CMakeFiles/standardRobotBasicCode.elf.dir/startup/startup_stm32f407xx.s.obj
                0x080084b8                RTC_Alarm_IRQHandler
                0x080084b8                HASH_RNG_IRQHandler
                0x080084b8                EXTI2_IRQHandler
                0x080084b8                TIM8_CC_IRQHandler
                0x080084b8                TIM1_CC_IRQHandler
                0x080084b8                DMA2_Stream5_IRQHandler
                0x080084b8                DMA1_Stream5_IRQHandler
                0x080084b8                PVD_IRQHandler
                0x080084b8                SDIO_IRQHandler
                0x080084b8                TAMP_STAMP_IRQHandler
                0x080084b8                CAN2_RX1_IRQHandler
                0x080084b8                TIM8_TRG_COM_TIM14_IRQHandler
                0x080084b8                TIM1_UP_TIM10_IRQHandler
                0x080084b8                TIM8_UP_TIM13_IRQHandler
                0x080084b8                I2C3_ER_IRQHandler
                0x080084b8                I2C2_EV_IRQHandler
                0x080084b8                DMA1_Stream2_IRQHandler
                0x080084b8                FPU_IRQHandler
                0x080084b8                OTG_HS_WKUP_IRQHandler
                0x080084b8                CAN2_SCE_IRQHandler
                0x080084b8                SPI1_IRQHandler
                0x080084b8                TIM6_DAC_IRQHandler
                0x080084b8                TIM1_BRK_TIM9_IRQHandler
                0x080084b8                DCMI_IRQHandler
                0x080084b8                USART6_IRQHandler
                0x080084b8                USART3_IRQHandler
                0x080084b8                CAN1_RX1_IRQHandler
                0x080084b8                UART5_IRQHandler
                0x080084b8                DMA2_Stream0_IRQHandler
                0x080084b8                TIM4_IRQHandler
                0x080084b8                I2C1_EV_IRQHandler
                0x080084b8                DMA1_Stream6_IRQHandler
                0x080084b8                DMA1_Stream1_IRQHandler
                0x080084b8                UART4_IRQHandler
                0x080084b8                TIM3_IRQHandler
                0x080084b8                RCC_IRQHandler
                0x080084b8                TIM8_BRK_TIM12_IRQHandler
                0x080084b8                Default_Handler
                0x080084b8                EXTI15_10_IRQHandler
                0x080084b8                ADC_IRQHandler
                0x080084b8                DMA1_Stream7_IRQHandler
                0x080084b8                TIM7_IRQHandler
                0x080084b8                CAN2_TX_IRQHandler
                0x080084b8                TIM5_IRQHandler
                0x080084b8                I2C3_EV_IRQHandler
                0x080084b8                RTC_WKUP_IRQHandler
                0x080084b8                ETH_WKUP_IRQHandler
                0x080084b8                SPI2_IRQHandler
                0x080084b8                OTG_HS_EP1_IN_IRQHandler
                0x080084b8                DMA1_Stream0_IRQHandler
                0x080084b8                CAN1_TX_IRQHandler
                0x080084b8                FSMC_IRQHandler
                0x080084b8                ETH_IRQHandler
                0x080084b8                OTG_HS_EP1_OUT_IRQHandler
                0x080084b8                WWDG_IRQHandler
                0x080084b8                TIM2_IRQHandler
                0x080084b8                OTG_FS_WKUP_IRQHandler
                0x080084b8                TIM1_TRG_COM_TIM11_IRQHandler
                0x080084b8                OTG_HS_IRQHandler
                0x080084b8                EXTI1_IRQHandler
                0x080084b8                USART2_IRQHandler
                0x080084b8                I2C2_ER_IRQHandler
                0x080084b8                CAN1_SCE_IRQHandler
                0x080084b8                FLASH_IRQHandler
                0x080084b8                DMA2_Stream4_IRQHandler
                0x080084b8                USART1_IRQHandler
                0x080084b8                SPI3_IRQHandler
                0x080084b8                DMA1_Stream4_IRQHandler
                0x080084b8                I2C1_ER_IRQHandler
                0x080084b8                DMA1_Stream3_IRQHandler
 *fill*         0x080084ba        0x2 
 .text.__libc_init_array
                0x080084bc       0x48 c:/progra~2/gnuarm~1/102021~1.07/bin/../lib/gcc/arm-none-eabi/10.3.1/../../../../arm-none-eabi/lib/thumb/v7e-m+fp/hard\libg.a(lib_a-init.o)
                0x080084bc                __libc_init_array
 .text.memset   0x08008504       0xa4 c:/progra~2/gnuarm~1/102021~1.07/bin/../lib/gcc/arm-none-eabi/10.3.1/../../../../arm-none-eabi/lib/thumb/v7e-m+fp/hard\libg.a(lib_a-memset.o)
                0x08008504                memset
 .text.startup.register_fini
                0x080085a8       0x14 c:/progra~2/gnuarm~1/102021~1.07/bin/../lib/gcc/arm-none-eabi/10.3.1/../../../../arm-none-eabi/lib/thumb/v7e-m+fp/hard\libg.a(lib_a-__call_atexit.o)
 .text.atexit   0x080085bc        0xc c:/progra~2/gnuarm~1/102021~1.07/bin/../lib/gcc/arm-none-eabi/10.3.1/../../../../arm-none-eabi/lib/thumb/v7e-m+fp/hard\libg.a(lib_a-atexit.o)
                0x080085bc                atexit
 .text.__libc_fini_array
                0x080085c8       0x2c c:/progra~2/gnuarm~1/102021~1.07/bin/../lib/gcc/arm-none-eabi/10.3.1/../../../../arm-none-eabi/lib/thumb/v7e-m+fp/hard\libg.a(lib_a-fini.o)
                0x080085c8                __libc_fini_array
 .text.__retarget_lock_acquire_recursive
                0x080085f4        0x4 c:/progra~2/gnuarm~1/102021~1.07/bin/../lib/gcc/arm-none-eabi/10.3.1/../../../../arm-none-eabi/lib/thumb/v7e-m+fp/hard\libg.a(lib_a-lock.o)
                0x080085f4                __retarget_lock_acquire_recursive
 .text.__retarget_lock_release_recursive
                0x080085f8        0x4 c:/progra~2/gnuarm~1/102021~1.07/bin/../lib/gcc/arm-none-eabi/10.3.1/../../../../arm-none-eabi/lib/thumb/v7e-m+fp/hard\libg.a(lib_a-lock.o)
                0x080085f8                __retarget_lock_release_recursive
 .text.__register_exitproc
                0x080085fc       0x8c c:/progra~2/gnuarm~1/102021~1.07/bin/../lib/gcc/arm-none-eabi/10.3.1/../../../../arm-none-eabi/lib/thumb/v7e-m+fp/hard\libg.a(lib_a-__atexit.o)
                0x080085fc                __register_exitproc
 *(.glue_7)
 .glue_7        0x08008688        0x0 linker stubs
 *(.glue_7t)
 .glue_7t       0x08008688        0x0 linker stubs
 *(.eh_frame)
 .eh_frame      0x08008688        0x0 c:/progra~2/gnuarm~1/102021~1.07/bin/../lib/gcc/arm-none-eabi/10.3.1/thumb/v7e-m+fp/hard/crtbegin.o
 *(.init)
 .init          0x08008688        0x4 c:/progra~2/gnuarm~1/102021~1.07/bin/../lib/gcc/arm-none-eabi/10.3.1/thumb/v7e-m+fp/hard/crti.o
                0x08008688                _init
 .init          0x0800868c        0x8 c:/progra~2/gnuarm~1/102021~1.07/bin/../lib/gcc/arm-none-eabi/10.3.1/thumb/v7e-m+fp/hard/crtn.o
 *(.fini)
 .fini          0x08008694        0x4 c:/progra~2/gnuarm~1/102021~1.07/bin/../lib/gcc/arm-none-eabi/10.3.1/thumb/v7e-m+fp/hard/crti.o
                0x08008694                _fini
 .fini          0x08008698        0x8 c:/progra~2/gnuarm~1/102021~1.07/bin/../lib/gcc/arm-none-eabi/10.3.1/thumb/v7e-m+fp/hard/crtn.o
                0x080086a0                . = ALIGN (0x4)
                0x080086a0                _etext = .

.vfp11_veneer   0x080086a0        0x0
 .vfp11_veneer  0x080086a0        0x0 linker stubs

.v4_bx          0x080086a0        0x0
 .v4_bx         0x080086a0        0x0 linker stubs

.iplt           0x080086a0        0x0
 .iplt          0x080086a0        0x0 c:/progra~2/gnuarm~1/102021~1.07/bin/../lib/gcc/arm-none-eabi/10.3.1/thumb/v7e-m+fp/hard/crtbegin.o

.rodata         0x080086a0       0xa8
                0x080086a0                . = ALIGN (0x4)
 *(.rodata)
 .rodata        0x080086a0       0x1c CMakeFiles/standardRobotBasicCode.elf.dir/Core/Src/freertos.c.obj
 *(.rodata*)
 .rodata.str1.4
                0x080086bc        0x5 CMakeFiles/standardRobotBasicCode.elf.dir/Core/Src/freertos.c.obj
 *fill*         0x080086c1        0x3 
 .rodata.AHBPrescTable
                0x080086c4       0x10 CMakeFiles/standardRobotBasicCode.elf.dir/Core/Src/system_stm32f4xx.c.obj
                0x080086c4                AHBPrescTable
 .rodata.APBPrescTable
                0x080086d4        0x8 CMakeFiles/standardRobotBasicCode.elf.dir/Core/Src/system_stm32f4xx.c.obj
                0x080086d4                APBPrescTable
 .rodata.flagBitshiftOffset.0
                0x080086dc        0x8 CMakeFiles/standardRobotBasicCode.elf.dir/Drivers/STM32F4xx_HAL_Driver/Src/stm32f4xx_hal_dma.c.obj
 .rodata.vTaskStartScheduler.str1.4
                0x080086e4        0x5 CMakeFiles/standardRobotBasicCode.elf.dir/Middlewares/Third_Party/FreeRTOS/Source/tasks.c.obj
 *fill*         0x080086e9        0x3 
 .rodata.prvCheckForValidListAndQueue.str1.4
                0x080086ec        0x5 CMakeFiles/standardRobotBasicCode.elf.dir/Middlewares/Third_Party/FreeRTOS/Source/timers.c.obj
 *fill*         0x080086f1        0x3 
 .rodata.xTimerCreateTimerTask.str1.4
                0x080086f4        0x8 CMakeFiles/standardRobotBasicCode.elf.dir/Middlewares/Third_Party/FreeRTOS/Source/timers.c.obj
 .rodata.USBD_FS_ProductStrDescriptor.str1.4
                0x080086fc       0x16 CMakeFiles/standardRobotBasicCode.elf.dir/USB_DEVICE/App/usbd_desc.c.obj
 *fill*         0x08008712        0x2 
 .rodata.USBD_FS_ManufacturerStrDescriptor.str1.4
                0x08008714       0x13 CMakeFiles/standardRobotBasicCode.elf.dir/USB_DEVICE/App/usbd_desc.c.obj
 *fill*         0x08008727        0x1 
 .rodata.USBD_FS_ConfigStrDescriptor.str1.4
                0x08008728        0xb CMakeFiles/standardRobotBasicCode.elf.dir/USB_DEVICE/App/usbd_desc.c.obj
 *fill*         0x08008733        0x1 
 .rodata.USBD_FS_InterfaceStrDescriptor.str1.4
                0x08008734        0xe CMakeFiles/standardRobotBasicCode.elf.dir/USB_DEVICE/App/usbd_desc.c.obj
 *fill*         0x08008742        0x2 
 .rodata._global_impure_ptr
                0x08008744        0x4 c:/progra~2/gnuarm~1/102021~1.07/bin/../lib/gcc/arm-none-eabi/10.3.1/../../../../arm-none-eabi/lib/thumb/v7e-m+fp/hard\libg.a(lib_a-impure.o)
                0x08008744                _global_impure_ptr
                0x08008748                . = ALIGN (0x4)

.ARM.extab
 *(.ARM.extab* .gnu.linkonce.armextab.*)

.ARM            0x08008748        0x8
                0x08008748                __exidx_start = .
 *(.ARM.exidx*)
 .ARM.exidx     0x08008748        0x8 c:/progra~2/gnuarm~1/102021~1.07/bin/../lib/gcc/arm-none-eabi/10.3.1/thumb/v7e-m+fp/hard\libgcc.a(_udivmoddi4.o)
                0x08008750                __exidx_end = .

.rel.dyn        0x08008750        0x0
 .rel.iplt      0x08008750        0x0 c:/progra~2/gnuarm~1/102021~1.07/bin/../lib/gcc/arm-none-eabi/10.3.1/thumb/v7e-m+fp/hard/crtbegin.o

.preinit_array  0x08008750        0x0
                0x08008750                PROVIDE (__preinit_array_start = .)
 *(.preinit_array*)
                0x08008750                PROVIDE (__preinit_array_end = .)

.init_array     0x08008750        0x8
                0x08008750                PROVIDE (__init_array_start = .)
 *(SORT_BY_NAME(.init_array.*))
 .init_array.00000
                0x08008750        0x4 c:/progra~2/gnuarm~1/102021~1.07/bin/../lib/gcc/arm-none-eabi/10.3.1/../../../../arm-none-eabi/lib/thumb/v7e-m+fp/hard\libg.a(lib_a-__call_atexit.o)
 *(.init_array*)
 .init_array    0x08008754        0x4 c:/progra~2/gnuarm~1/102021~1.07/bin/../lib/gcc/arm-none-eabi/10.3.1/thumb/v7e-m+fp/hard/crtbegin.o
                0x08008758                PROVIDE (__init_array_end = .)

.fini_array     0x08008758        0x4
                0x08008758                PROVIDE (__fini_array_start = .)
 *(SORT_BY_NAME(.fini_array.*))
 *(.fini_array*)
 .fini_array    0x08008758        0x4 c:/progra~2/gnuarm~1/102021~1.07/bin/../lib/gcc/arm-none-eabi/10.3.1/thumb/v7e-m+fp/hard/crtbegin.o
                0x0800875c                PROVIDE (__fini_array_end = .)
                0x0800875c                _sidata = LOADADDR (.data)

.data           0x20000000      0x5b4 load address 0x0800875c
                0x20000000                . = ALIGN (0x4)
                0x20000000                _sdata = .
 *(.data)
 *(.data*)
 .data.SystemCoreClock
                0x20000000        0x4 CMakeFiles/standardRobotBasicCode.elf.dir/Core/Src/system_stm32f4xx.c.obj
                0x20000000                SystemCoreClock
 .data.uwTickFreq
                0x20000004        0x1 CMakeFiles/standardRobotBasicCode.elf.dir/Drivers/STM32F4xx_HAL_Driver/Src/stm32f4xx_hal.c.obj
                0x20000004                uwTickFreq
 *fill*         0x20000005        0x3 
 .data.uwTickPrio
                0x20000008        0x4 CMakeFiles/standardRobotBasicCode.elf.dir/Drivers/STM32F4xx_HAL_Driver/Src/stm32f4xx_hal.c.obj
                0x20000008                uwTickPrio
 .data.USBD_CDC
                0x2000000c       0x38 CMakeFiles/standardRobotBasicCode.elf.dir/Middlewares/ST/STM32_USB_Device_Library/Class/CDC/Src/usbd_cdc.c.obj
                0x2000000c                USBD_CDC
 .data.USBD_CDC_CfgFSDesc
                0x20000044       0x43 CMakeFiles/standardRobotBasicCode.elf.dir/Middlewares/ST/STM32_USB_Device_Library/Class/CDC/Src/usbd_cdc.c.obj
 *fill*         0x20000087        0x1 
 .data.USBD_CDC_CfgHSDesc
                0x20000088       0x43 CMakeFiles/standardRobotBasicCode.elf.dir/Middlewares/ST/STM32_USB_Device_Library/Class/CDC/Src/usbd_cdc.c.obj
 *fill*         0x200000cb        0x1 
 .data.USBD_CDC_DeviceQualifierDesc
                0x200000cc        0xa CMakeFiles/standardRobotBasicCode.elf.dir/Middlewares/ST/STM32_USB_Device_Library/Class/CDC/Src/usbd_cdc.c.obj
 *fill*         0x200000d6        0x2 
 .data.USBD_CDC_OtherSpeedCfgDesc
                0x200000d8       0x43 CMakeFiles/standardRobotBasicCode.elf.dir/Middlewares/ST/STM32_USB_Device_Library/Class/CDC/Src/usbd_cdc.c.obj
 *fill*         0x2000011b        0x1 
 .data.uxCriticalNesting
                0x2000011c        0x4 CMakeFiles/standardRobotBasicCode.elf.dir/Middlewares/Third_Party/FreeRTOS/Source/portable/GCC/ARM_CM4F/port.c.obj
 .data.USBD_Interface_fops_FS
                0x20000120       0x14 CMakeFiles/standardRobotBasicCode.elf.dir/USB_DEVICE/App/usbd_cdc_if.c.obj
                0x20000120                USBD_Interface_fops_FS
 .data.FS_Desc  0x20000134       0x1c CMakeFiles/standardRobotBasicCode.elf.dir/USB_DEVICE/App/usbd_desc.c.obj
                0x20000134                FS_Desc
 .data.USBD_FS_DeviceDesc
                0x20000150       0x12 CMakeFiles/standardRobotBasicCode.elf.dir/USB_DEVICE/App/usbd_desc.c.obj
                0x20000150                USBD_FS_DeviceDesc
 *fill*         0x20000162        0x2 
 .data.USBD_LangIDDesc
                0x20000164        0x4 CMakeFiles/standardRobotBasicCode.elf.dir/USB_DEVICE/App/usbd_desc.c.obj
                0x20000164                USBD_LangIDDesc
 .data.USBD_StringSerial
                0x20000168       0x1a CMakeFiles/standardRobotBasicCode.elf.dir/USB_DEVICE/App/usbd_desc.c.obj